Archive member included because of file (symbol)

.\CortexM3\ARM_GCC_473\Debug\UART_1.a(cyfitter_cfg.o)
                              .\CortexM3\ARM_GCC_473\Debug\Cm3Start.o (cyfitter_cfg)
.\CortexM3\ARM_GCC_473\Debug\UART_1.a(UART_1.o)
                              .\CortexM3\ARM_GCC_473\Debug\main.o (UART_1_Start)
.\CortexM3\ARM_GCC_473\Debug\UART_1.a(UART_1_IntClock.o)
                              .\CortexM3\ARM_GCC_473\Debug\UART_1.a(UART_1.o) (UART_1_IntClock_Start)
.\CortexM3\ARM_GCC_473\Debug\UART_1.a(CyBootAsmGnu.o)
                              .\CortexM3\ARM_GCC_473\Debug\UART_1.a(cyfitter_cfg.o) (CyDelayCycles)
.\CortexM3\ARM_GCC_473\Debug\UART_1.a(CyLib.o)
                              .\CortexM3\ARM_GCC_473\Debug\Cm3Start.o (CyResetStatus)
.\CortexM3\ARM_GCC_473\Debug\UART_1.a(cyPm.o)
                              .\CortexM3\ARM_GCC_473\Debug\UART_1.a(CyLib.o) (CyPmReadStatus)
.\CortexM3\ARM_GCC_473\Debug\UART_1.a(UART_2.o)
                              .\CortexM3\ARM_GCC_473\Debug\main.o (UART_2_Start)
.\CortexM3\ARM_GCC_473\Debug\UART_1.a(UART_2_IntClock.o)
                              .\CortexM3\ARM_GCC_473\Debug\UART_1.a(UART_2.o) (UART_2_IntClock_Start)
.\CortexM3\ARM_GCC_473\Debug\UART_1.a(isr_rx1.o)
                              .\CortexM3\ARM_GCC_473\Debug\main.o (isr_rx1_StartEx)
.\CortexM3\ARM_GCC_473\Debug\UART_1.a(CyFlash.o)
                              .\CortexM3\ARM_GCC_473\Debug\UART_1.a(cyPm.o) (CyFlash_SetWaitCycles)
.\CortexM3\ARM_GCC_473\Debug\UART_1.a(CySpc.o)
                              .\CortexM3\ARM_GCC_473\Debug\UART_1.a(CyFlash.o) (CySpcStart)
c:/program files (x86)/cypress/psoc creator/3.0/psoc creator/import/gnu_cs/arm/4.7.3/bin/../lib/gcc/arm-none-eabi/4.7.3/../../../../arm-none-eabi/lib/armv7-m\libc_s.a(lib_a-__atexit2.o)
                              c:/program files (x86)/cypress/psoc creator/3.0/psoc creator/import/gnu_cs/arm/4.7.3/bin/../lib/gcc/arm-none-eabi/4.7.3/../../../../arm-none-eabi/lib/armv7-m/crt0.o (__register_exitproc)
c:/program files (x86)/cypress/psoc creator/3.0/psoc creator/import/gnu_cs/arm/4.7.3/bin/../lib/gcc/arm-none-eabi/4.7.3/../../../../arm-none-eabi/lib/armv7-m\libc_s.a(lib_a-exit.o)
                              c:/program files (x86)/cypress/psoc creator/3.0/psoc creator/import/gnu_cs/arm/4.7.3/bin/../lib/gcc/arm-none-eabi/4.7.3/../../../../arm-none-eabi/lib/armv7-m/crt0.o (exit)
c:/program files (x86)/cypress/psoc creator/3.0/psoc creator/import/gnu_cs/arm/4.7.3/bin/../lib/gcc/arm-none-eabi/4.7.3/../../../../arm-none-eabi/lib/armv7-m\libc_s.a(lib_a-fini.o)
                              c:/program files (x86)/cypress/psoc creator/3.0/psoc creator/import/gnu_cs/arm/4.7.3/bin/../lib/gcc/arm-none-eabi/4.7.3/../../../../arm-none-eabi/lib/armv7-m/crt0.o (__libc_fini_array)
c:/program files (x86)/cypress/psoc creator/3.0/psoc creator/import/gnu_cs/arm/4.7.3/bin/../lib/gcc/arm-none-eabi/4.7.3/../../../../arm-none-eabi/lib/armv7-m\libc_s.a(lib_a-impure.o)
                              c:/program files (x86)/cypress/psoc creator/3.0/psoc creator/import/gnu_cs/arm/4.7.3/bin/../lib/gcc/arm-none-eabi/4.7.3/../../../../arm-none-eabi/lib/armv7-m\libc_s.a(lib_a-exit.o) (_global_impure_ptr)
c:/program files (x86)/cypress/psoc creator/3.0/psoc creator/import/gnu_cs/arm/4.7.3/bin/../lib/gcc/arm-none-eabi/4.7.3/../../../../arm-none-eabi/lib/armv7-m\libc_s.a(lib_a-init.o)
                              c:/program files (x86)/cypress/psoc creator/3.0/psoc creator/import/gnu_cs/arm/4.7.3/bin/../lib/gcc/arm-none-eabi/4.7.3/../../../../arm-none-eabi/lib/armv7-m/crt0.o (__libc_init_array)
c:/program files (x86)/cypress/psoc creator/3.0/psoc creator/import/gnu_cs/arm/4.7.3/bin/../lib/gcc/arm-none-eabi/4.7.3/../../../../arm-none-eabi/lib/armv7-m\libc_s.a(lib_a-memcpy.o)
                              .\CortexM3\ARM_GCC_473\Debug\UART_1.a(cyfitter_cfg.o) (memcpy)
c:/program files (x86)/cypress/psoc creator/3.0/psoc creator/import/gnu_cs/arm/4.7.3/bin/../lib/gcc/arm-none-eabi/4.7.3/../../../../arm-none-eabi/lib/armv7-m\libc_s.a(lib_a-memset.o)
                              c:/program files (x86)/cypress/psoc creator/3.0/psoc creator/import/gnu_cs/arm/4.7.3/bin/../lib/gcc/arm-none-eabi/4.7.3/../../../../arm-none-eabi/lib/armv7-m/crt0.o (memset)

Allocating common symbols
Common symbol       size              file

dieTemperature      0x2               .\CortexM3\ARM_GCC_473\Debug\UART_1.a(CyFlash.o)
rec                 0x1               .\CortexM3\ARM_GCC_473\Debug\main.o

Discarded input sections

 .text          0x00000000        0x0 c:/program files (x86)/cypress/psoc creator/3.0/psoc creator/import/gnu_cs/arm/4.7.3/bin/../lib/gcc/arm-none-eabi/4.7.3/armv7-m/crti.o
 .data          0x00000000        0x0 c:/program files (x86)/cypress/psoc creator/3.0/psoc creator/import/gnu_cs/arm/4.7.3/bin/../lib/gcc/arm-none-eabi/4.7.3/armv7-m/crti.o
 .bss           0x00000000        0x0 c:/program files (x86)/cypress/psoc creator/3.0/psoc creator/import/gnu_cs/arm/4.7.3/bin/../lib/gcc/arm-none-eabi/4.7.3/armv7-m/crti.o
 .data          0x00000000        0x4 c:/program files (x86)/cypress/psoc creator/3.0/psoc creator/import/gnu_cs/arm/4.7.3/bin/../lib/gcc/arm-none-eabi/4.7.3/armv7-m/crtbegin.o
 .text          0x00000000       0x70 c:/program files (x86)/cypress/psoc creator/3.0/psoc creator/import/gnu_cs/arm/4.7.3/bin/../lib/gcc/arm-none-eabi/4.7.3/../../../../arm-none-eabi/lib/armv7-m/crt0.o
 .data          0x00000000        0x0 c:/program files (x86)/cypress/psoc creator/3.0/psoc creator/import/gnu_cs/arm/4.7.3/bin/../lib/gcc/arm-none-eabi/4.7.3/../../../../arm-none-eabi/lib/armv7-m/crt0.o
 .bss           0x00000000        0x0 c:/program files (x86)/cypress/psoc creator/3.0/psoc creator/import/gnu_cs/arm/4.7.3/bin/../lib/gcc/arm-none-eabi/4.7.3/../../../../arm-none-eabi/lib/armv7-m/crt0.o
 .ARM.extab     0x00000000        0x0 c:/program files (x86)/cypress/psoc creator/3.0/psoc creator/import/gnu_cs/arm/4.7.3/bin/../lib/gcc/arm-none-eabi/4.7.3/../../../../arm-none-eabi/lib/armv7-m/crt0.o
 .ARM.exidx     0x00000000        0x8 c:/program files (x86)/cypress/psoc creator/3.0/psoc creator/import/gnu_cs/arm/4.7.3/bin/../lib/gcc/arm-none-eabi/4.7.3/../../../../arm-none-eabi/lib/armv7-m/crt0.o
 .text          0x00000000        0x0 .\CortexM3\ARM_GCC_473\Debug\main.o
 .bss           0x00000000        0x0 .\CortexM3\ARM_GCC_473\Debug\main.o
 COMMON         0x00000000        0x1 .\CortexM3\ARM_GCC_473\Debug\main.o
 .text          0x00000000        0x0 .\CortexM3\ARM_GCC_473\Debug\cymetadata.o
 .data          0x00000000        0x0 .\CortexM3\ARM_GCC_473\Debug\cymetadata.o
 .bss           0x00000000        0x0 .\CortexM3\ARM_GCC_473\Debug\cymetadata.o
 .text          0x00000000        0x0 .\CortexM3\ARM_GCC_473\Debug\Cm3Start.o
 .data          0x00000000        0x0 .\CortexM3\ARM_GCC_473\Debug\Cm3Start.o
 .bss           0x00000000        0x0 .\CortexM3\ARM_GCC_473\Debug\Cm3Start.o
 .text._exit    0x00000000       0x30 .\CortexM3\ARM_GCC_473\Debug\Cm3Start.o
 .text          0x00000000        0x0 .\CortexM3\ARM_GCC_473\Debug\UART_1.a(cyfitter_cfg.o)
 .data          0x00000000        0x0 .\CortexM3\ARM_GCC_473\Debug\UART_1.a(cyfitter_cfg.o)
 .bss           0x00000000        0x0 .\CortexM3\ARM_GCC_473\Debug\UART_1.a(cyfitter_cfg.o)
 .text.CYCONFIGCPYCODE
                0x00000000       0x20 .\CortexM3\ARM_GCC_473\Debug\UART_1.a(cyfitter_cfg.o)
 .text.SetAnalogRoutingPumps
                0x00000000       0x34 .\CortexM3\ARM_GCC_473\Debug\UART_1.a(cyfitter_cfg.o)
 .text          0x00000000        0x0 .\CortexM3\ARM_GCC_473\Debug\UART_1.a(UART_1.o)
 .data          0x00000000        0x0 .\CortexM3\ARM_GCC_473\Debug\UART_1.a(UART_1.o)
 .text.UART_1_Stop
                0x00000000       0x78 .\CortexM3\ARM_GCC_473\Debug\UART_1.a(UART_1.o)
 .text.UART_1_ReadControlRegister
                0x00000000       0x10 .\CortexM3\ARM_GCC_473\Debug\UART_1.a(UART_1.o)
 .text.UART_1_WriteControlRegister
                0x00000000       0x14 .\CortexM3\ARM_GCC_473\Debug\UART_1.a(UART_1.o)
 .text.UART_1_SetRxInterruptMode
                0x00000000       0x20 .\CortexM3\ARM_GCC_473\Debug\UART_1.a(UART_1.o)
 .text.UART_1_ReadRxData
                0x00000000       0x20 .\CortexM3\ARM_GCC_473\Debug\UART_1.a(UART_1.o)
 .text.UART_1_ReadRxStatus
                0x00000000       0x28 .\CortexM3\ARM_GCC_473\Debug\UART_1.a(UART_1.o)
 .text.UART_1_GetByte
                0x00000000       0x24 .\CortexM3\ARM_GCC_473\Debug\UART_1.a(UART_1.o)
 .text.UART_1_GetRxBufferSize
                0x00000000       0x34 .\CortexM3\ARM_GCC_473\Debug\UART_1.a(UART_1.o)
 .text.UART_1_ClearRxBuffer
                0x00000000       0x58 .\CortexM3\ARM_GCC_473\Debug\UART_1.a(UART_1.o)
 .text.UART_1_SetRxAddressMode
                0x00000000       0x14 .\CortexM3\ARM_GCC_473\Debug\UART_1.a(UART_1.o)
 .text.UART_1_SetRxAddress1
                0x00000000       0x20 .\CortexM3\ARM_GCC_473\Debug\UART_1.a(UART_1.o)
 .text.UART_1_SetRxAddress2
                0x00000000       0x20 .\CortexM3\ARM_GCC_473\Debug\UART_1.a(UART_1.o)
 .text.UART_1_SetTxInterruptMode
                0x00000000       0x20 .\CortexM3\ARM_GCC_473\Debug\UART_1.a(UART_1.o)
 .text.UART_1_WriteTxData
                0x00000000       0x30 .\CortexM3\ARM_GCC_473\Debug\UART_1.a(UART_1.o)
 .text.UART_1_ReadTxStatus
                0x00000000       0x18 .\CortexM3\ARM_GCC_473\Debug\UART_1.a(UART_1.o)
 .text.UART_1_PutString
                0x00000000       0x48 .\CortexM3\ARM_GCC_473\Debug\UART_1.a(UART_1.o)
 .text.UART_1_PutCRLF
                0x00000000       0x38 .\CortexM3\ARM_GCC_473\Debug\UART_1.a(UART_1.o)
 .text.UART_1_GetTxBufferSize
                0x00000000       0x4c .\CortexM3\ARM_GCC_473\Debug\UART_1.a(UART_1.o)
 .text.UART_1_ClearTxBuffer
                0x00000000       0x58 .\CortexM3\ARM_GCC_473\Debug\UART_1.a(UART_1.o)
 .text.UART_1_SendBreak
                0x00000000       0xc4 .\CortexM3\ARM_GCC_473\Debug\UART_1.a(UART_1.o)
 .text.UART_1_SetTxAddressMode
                0x00000000       0x14 .\CortexM3\ARM_GCC_473\Debug\UART_1.a(UART_1.o)
 .text          0x00000000        0x0 .\CortexM3\ARM_GCC_473\Debug\UART_1.a(UART_1_IntClock.o)
 .data          0x00000000        0x0 .\CortexM3\ARM_GCC_473\Debug\UART_1.a(UART_1_IntClock.o)
 .bss           0x00000000        0x0 .\CortexM3\ARM_GCC_473\Debug\UART_1.a(UART_1_IntClock.o)
 .text.UART_1_IntClock_Stop
                0x00000000       0x44 .\CortexM3\ARM_GCC_473\Debug\UART_1.a(UART_1_IntClock.o)
 .text.UART_1_IntClock_StopBlock
                0x00000000       0xf8 .\CortexM3\ARM_GCC_473\Debug\UART_1.a(UART_1_IntClock.o)
 .text.UART_1_IntClock_StandbyPower
                0x00000000       0x54 .\CortexM3\ARM_GCC_473\Debug\UART_1.a(UART_1_IntClock.o)
 .text.UART_1_IntClock_SetDividerRegister
                0x00000000      0x1e8 .\CortexM3\ARM_GCC_473\Debug\UART_1.a(UART_1_IntClock.o)
 .text.UART_1_IntClock_GetDividerRegister
                0x00000000       0x18 .\CortexM3\ARM_GCC_473\Debug\UART_1.a(UART_1_IntClock.o)
 .text.UART_1_IntClock_SetModeRegister
                0x00000000       0x3c .\CortexM3\ARM_GCC_473\Debug\UART_1.a(UART_1_IntClock.o)
 .text.UART_1_IntClock_ClearModeRegister
                0x00000000       0x3c .\CortexM3\ARM_GCC_473\Debug\UART_1.a(UART_1_IntClock.o)
 .text.UART_1_IntClock_GetModeRegister
                0x00000000       0x20 .\CortexM3\ARM_GCC_473\Debug\UART_1.a(UART_1_IntClock.o)
 .text.UART_1_IntClock_SetSourceRegister
                0x00000000       0xf4 .\CortexM3\ARM_GCC_473\Debug\UART_1.a(UART_1_IntClock.o)
 .text.UART_1_IntClock_GetSourceRegister
                0x00000000       0x20 .\CortexM3\ARM_GCC_473\Debug\UART_1.a(UART_1_IntClock.o)
 .data          0x00000000        0x0 .\CortexM3\ARM_GCC_473\Debug\UART_1.a(CyBootAsmGnu.o)
 .bss           0x00000000        0x0 .\CortexM3\ARM_GCC_473\Debug\UART_1.a(CyBootAsmGnu.o)
 .text          0x00000000        0x0 .\CortexM3\ARM_GCC_473\Debug\UART_1.a(CyLib.o)
 .bss           0x00000000        0x0 .\CortexM3\ARM_GCC_473\Debug\UART_1.a(CyLib.o)
 .text.CyPLL_OUT_Start
                0x00000000       0xe0 .\CortexM3\ARM_GCC_473\Debug\UART_1.a(CyLib.o)
 .text.CyPLL_OUT_Stop
                0x00000000       0x28 .\CortexM3\ARM_GCC_473\Debug\UART_1.a(CyLib.o)
 .text.CyPLL_OUT_SetPQ
                0x00000000       0xac .\CortexM3\ARM_GCC_473\Debug\UART_1.a(CyLib.o)
 .text.CyPLL_OUT_SetSource
                0x00000000       0x60 .\CortexM3\ARM_GCC_473\Debug\UART_1.a(CyLib.o)
 .text.CyIMO_Start
                0x00000000       0xbc .\CortexM3\ARM_GCC_473\Debug\UART_1.a(CyLib.o)
 .text.CyIMO_Stop
                0x00000000       0x44 .\CortexM3\ARM_GCC_473\Debug\UART_1.a(CyLib.o)
 .text.CyUSB_PowerOnCheck
                0x00000000       0x70 .\CortexM3\ARM_GCC_473\Debug\UART_1.a(CyLib.o)
 .text.CyIMO_SetTrimValue
                0x00000000      0x160 .\CortexM3\ARM_GCC_473\Debug\UART_1.a(CyLib.o)
 .text.CyIMO_SetFreq
                0x00000000      0x224 .\CortexM3\ARM_GCC_473\Debug\UART_1.a(CyLib.o)
 .text.CyIMO_SetSource
                0x00000000       0xb0 .\CortexM3\ARM_GCC_473\Debug\UART_1.a(CyLib.o)
 .text.CyIMO_EnableDoubler
                0x00000000       0x28 .\CortexM3\ARM_GCC_473\Debug\UART_1.a(CyLib.o)
 .text.CyIMO_DisableDoubler
                0x00000000       0x28 .\CortexM3\ARM_GCC_473\Debug\UART_1.a(CyLib.o)
 .text.CyMasterClk_SetSource
                0x00000000       0x3c .\CortexM3\ARM_GCC_473\Debug\UART_1.a(CyLib.o)
 .text.CyMasterClk_SetDivider
                0x00000000       0x20 .\CortexM3\ARM_GCC_473\Debug\UART_1.a(CyLib.o)
 .text.CyBusClk_Internal_SetDivider
                0x00000000       0x98 .\CortexM3\ARM_GCC_473\Debug\UART_1.a(CyLib.o)
 .text.CyBusClk_SetDivider
                0x00000000       0xd0 .\CortexM3\ARM_GCC_473\Debug\UART_1.a(CyLib.o)
 .text.CyUsbClk_SetSource
                0x00000000       0x3c .\CortexM3\ARM_GCC_473\Debug\UART_1.a(CyLib.o)
 .text.CyILO_Start1K
                0x00000000       0x28 .\CortexM3\ARM_GCC_473\Debug\UART_1.a(CyLib.o)
 .text.CyILO_Stop1K
                0x00000000       0x28 .\CortexM3\ARM_GCC_473\Debug\UART_1.a(CyLib.o)
 .text.CyILO_Start100K
                0x00000000       0x28 .\CortexM3\ARM_GCC_473\Debug\UART_1.a(CyLib.o)
 .text.CyILO_Stop100K
                0x00000000       0x28 .\CortexM3\ARM_GCC_473\Debug\UART_1.a(CyLib.o)
 .text.CyILO_Enable33K
                0x00000000       0x28 .\CortexM3\ARM_GCC_473\Debug\UART_1.a(CyLib.o)
 .text.CyILO_Disable33K
                0x00000000       0x28 .\CortexM3\ARM_GCC_473\Debug\UART_1.a(CyLib.o)
 .text.CyILO_SetSource
                0x00000000       0x3c .\CortexM3\ARM_GCC_473\Debug\UART_1.a(CyLib.o)
 .text.CyILO_SetPowerMode
                0x00000000       0x5c .\CortexM3\ARM_GCC_473\Debug\UART_1.a(CyLib.o)
 .text.CyXTAL_32KHZ_Start
                0x00000000       0xa4 .\CortexM3\ARM_GCC_473\Debug\UART_1.a(CyLib.o)
 .text.CyXTAL_32KHZ_Stop
                0x00000000       0x64 .\CortexM3\ARM_GCC_473\Debug\UART_1.a(CyLib.o)
 .text.CyXTAL_32KHZ_ReadStatus
                0x00000000       0x20 .\CortexM3\ARM_GCC_473\Debug\UART_1.a(CyLib.o)
 .text.CyXTAL_32KHZ_SetPowerMode
                0x00000000       0xfc .\CortexM3\ARM_GCC_473\Debug\UART_1.a(CyLib.o)
 .text.CyXTAL_Start
                0x00000000      0x108 .\CortexM3\ARM_GCC_473\Debug\UART_1.a(CyLib.o)
 .text.CyXTAL_Stop
                0x00000000       0x28 .\CortexM3\ARM_GCC_473\Debug\UART_1.a(CyLib.o)
 .text.CyXTAL_EnableErrStatus
                0x00000000       0x28 .\CortexM3\ARM_GCC_473\Debug\UART_1.a(CyLib.o)
 .text.CyXTAL_DisableErrStatus
                0x00000000       0x28 .\CortexM3\ARM_GCC_473\Debug\UART_1.a(CyLib.o)
 .text.CyXTAL_ReadStatus
                0x00000000       0x2c .\CortexM3\ARM_GCC_473\Debug\UART_1.a(CyLib.o)
 .text.CyXTAL_EnableFaultRecovery
                0x00000000       0x28 .\CortexM3\ARM_GCC_473\Debug\UART_1.a(CyLib.o)
 .text.CyXTAL_DisableFaultRecovery
                0x00000000       0x28 .\CortexM3\ARM_GCC_473\Debug\UART_1.a(CyLib.o)
 .text.CyXTAL_SetStartup
                0x00000000       0x3c .\CortexM3\ARM_GCC_473\Debug\UART_1.a(CyLib.o)
 .text.CyXTAL_SetFbVoltage
                0x00000000       0x3c .\CortexM3\ARM_GCC_473\Debug\UART_1.a(CyLib.o)
 .text.CyXTAL_SetWdVoltage
                0x00000000       0x44 .\CortexM3\ARM_GCC_473\Debug\UART_1.a(CyLib.o)
 .text.CyHalt   0x00000000       0x18 .\CortexM3\ARM_GCC_473\Debug\UART_1.a(CyLib.o)
 .text.CySoftwareReset
                0x00000000       0x28 .\CortexM3\ARM_GCC_473\Debug\UART_1.a(CyLib.o)
 .text.CyDelayUs
                0x00000000       0x28 .\CortexM3\ARM_GCC_473\Debug\UART_1.a(CyLib.o)
 .text.CyDelayFreq
                0x00000000       0xa8 .\CortexM3\ARM_GCC_473\Debug\UART_1.a(CyLib.o)
 .text.CyWdtStart
                0x00000000       0xc4 .\CortexM3\ARM_GCC_473\Debug\UART_1.a(CyLib.o)
 .text.CyWdtClear
                0x00000000       0x18 .\CortexM3\ARM_GCC_473\Debug\UART_1.a(CyLib.o)
 .text.CyVdLvDigitEnable
                0x00000000       0xf4 .\CortexM3\ARM_GCC_473\Debug\UART_1.a(CyLib.o)
 .text.CyVdLvAnalogEnable
                0x00000000       0xf4 .\CortexM3\ARM_GCC_473\Debug\UART_1.a(CyLib.o)
 .text.CyVdLvDigitDisable
                0x00000000       0x58 .\CortexM3\ARM_GCC_473\Debug\UART_1.a(CyLib.o)
 .text.CyVdLvAnalogDisable
                0x00000000       0x58 .\CortexM3\ARM_GCC_473\Debug\UART_1.a(CyLib.o)
 .text.CyVdHvAnalogEnable
                0x00000000       0x7c .\CortexM3\ARM_GCC_473\Debug\UART_1.a(CyLib.o)
 .text.CyVdHvAnalogDisable
                0x00000000       0x28 .\CortexM3\ARM_GCC_473\Debug\UART_1.a(CyLib.o)
 .text.CyVdStickyStatus
                0x00000000       0x48 .\CortexM3\ARM_GCC_473\Debug\UART_1.a(CyLib.o)
 .text.CyVdRealTimeStatus
                0x00000000       0x30 .\CortexM3\ARM_GCC_473\Debug\UART_1.a(CyLib.o)
 .text.CyDisableInts
                0x00000000       0x3c .\CortexM3\ARM_GCC_473\Debug\UART_1.a(CyLib.o)
 .text.CyEnableInts
                0x00000000       0x2c .\CortexM3\ARM_GCC_473\Debug\UART_1.a(CyLib.o)
 .text.CyFlushCache
                0x00000000       0x7c .\CortexM3\ARM_GCC_473\Debug\UART_1.a(CyLib.o)
 .text.CyIntSetSysVector
                0x00000000       0x58 .\CortexM3\ARM_GCC_473\Debug\UART_1.a(CyLib.o)
 .text.CyIntGetSysVector
                0x00000000       0x40 .\CortexM3\ARM_GCC_473\Debug\UART_1.a(CyLib.o)
 .text.CyIntSetVector
                0x00000000       0x60 .\CortexM3\ARM_GCC_473\Debug\UART_1.a(CyLib.o)
 .text.CyIntGetVector
                0x00000000       0x44 .\CortexM3\ARM_GCC_473\Debug\UART_1.a(CyLib.o)
 .text.CyIntSetPriority
                0x00000000       0x4c .\CortexM3\ARM_GCC_473\Debug\UART_1.a(CyLib.o)
 .text.CyIntGetPriority
                0x00000000       0x3c .\CortexM3\ARM_GCC_473\Debug\UART_1.a(CyLib.o)
 .text.CyIntGetState
                0x00000000       0x48 .\CortexM3\ARM_GCC_473\Debug\UART_1.a(CyLib.o)
 .text          0x00000000        0x0 .\CortexM3\ARM_GCC_473\Debug\UART_1.a(cyPm.o)
 .data          0x00000000        0x0 .\CortexM3\ARM_GCC_473\Debug\UART_1.a(cyPm.o)
 .bss           0x00000000       0x44 .\CortexM3\ARM_GCC_473\Debug\UART_1.a(cyPm.o)
 .rodata        0x00000000       0x10 .\CortexM3\ARM_GCC_473\Debug\UART_1.a(cyPm.o)
 .text.CyPmSaveClocks
                0x00000000      0x3ac .\CortexM3\ARM_GCC_473\Debug\UART_1.a(cyPm.o)
 .text.CyPmRestoreClocks
                0x00000000      0x424 .\CortexM3\ARM_GCC_473\Debug\UART_1.a(cyPm.o)
 .text.CyPmAltAct
                0x00000000      0x118 .\CortexM3\ARM_GCC_473\Debug\UART_1.a(cyPm.o)
 .text.CyPmSleep
                0x00000000      0x21c .\CortexM3\ARM_GCC_473\Debug\UART_1.a(cyPm.o)
 .text.CyPmHibernate
                0x00000000      0x1f0 .\CortexM3\ARM_GCC_473\Debug\UART_1.a(cyPm.o)
 .text.CyPmReadStatus
                0x00000000       0x78 .\CortexM3\ARM_GCC_473\Debug\UART_1.a(cyPm.o)
 .text.CyPmHibSaveSet
                0x00000000      0x138 .\CortexM3\ARM_GCC_473\Debug\UART_1.a(cyPm.o)
 .text.CyPmHibRestore
                0x00000000       0x94 .\CortexM3\ARM_GCC_473\Debug\UART_1.a(cyPm.o)
 .text.CyPmCtwSetInterval
                0x00000000       0xd8 .\CortexM3\ARM_GCC_473\Debug\UART_1.a(cyPm.o)
 .text.CyPmOppsSet
                0x00000000       0x58 .\CortexM3\ARM_GCC_473\Debug\UART_1.a(cyPm.o)
 .text.CyPmFtwSetInterval
                0x00000000       0xd8 .\CortexM3\ARM_GCC_473\Debug\UART_1.a(cyPm.o)
 .text.CyPmHibSlpSaveSet
                0x00000000      0x458 .\CortexM3\ARM_GCC_473\Debug\UART_1.a(cyPm.o)
 .text.CyPmHibSlpRestore
                0x00000000      0x270 .\CortexM3\ARM_GCC_473\Debug\UART_1.a(cyPm.o)
 .text.CyPmHviLviSaveDisable
                0x00000000      0x13c .\CortexM3\ARM_GCC_473\Debug\UART_1.a(cyPm.o)
 .text.CyPmHviLviRestore
                0x00000000       0x7c .\CortexM3\ARM_GCC_473\Debug\UART_1.a(cyPm.o)
 .text          0x00000000        0x0 .\CortexM3\ARM_GCC_473\Debug\UART_1.a(UART_2.o)
 .data          0x00000000        0x0 .\CortexM3\ARM_GCC_473\Debug\UART_1.a(UART_2.o)
 .text.UART_2_Stop
                0x00000000       0x78 .\CortexM3\ARM_GCC_473\Debug\UART_1.a(UART_2.o)
 .text.UART_2_ReadControlRegister
                0x00000000       0x10 .\CortexM3\ARM_GCC_473\Debug\UART_1.a(UART_2.o)
 .text.UART_2_WriteControlRegister
                0x00000000       0x14 .\CortexM3\ARM_GCC_473\Debug\UART_1.a(UART_2.o)
 .text.UART_2_SetRxInterruptMode
                0x00000000       0x20 .\CortexM3\ARM_GCC_473\Debug\UART_1.a(UART_2.o)
 .text.UART_2_ReadRxData
                0x00000000       0x20 .\CortexM3\ARM_GCC_473\Debug\UART_1.a(UART_2.o)
 .text.UART_2_ReadRxStatus
                0x00000000       0x28 .\CortexM3\ARM_GCC_473\Debug\UART_1.a(UART_2.o)
 .text.UART_2_GetChar
                0x00000000       0x4c .\CortexM3\ARM_GCC_473\Debug\UART_1.a(UART_2.o)
 .text.UART_2_GetByte
                0x00000000       0x24 .\CortexM3\ARM_GCC_473\Debug\UART_1.a(UART_2.o)
 .text.UART_2_GetRxBufferSize
                0x00000000       0x34 .\CortexM3\ARM_GCC_473\Debug\UART_1.a(UART_2.o)
 .text.UART_2_ClearRxBuffer
                0x00000000       0x58 .\CortexM3\ARM_GCC_473\Debug\UART_1.a(UART_2.o)
 .text.UART_2_SetRxAddressMode
                0x00000000       0x14 .\CortexM3\ARM_GCC_473\Debug\UART_1.a(UART_2.o)
 .text.UART_2_SetRxAddress1
                0x00000000       0x20 .\CortexM3\ARM_GCC_473\Debug\UART_1.a(UART_2.o)
 .text.UART_2_SetRxAddress2
                0x00000000       0x20 .\CortexM3\ARM_GCC_473\Debug\UART_1.a(UART_2.o)
 .text.UART_2_SetTxInterruptMode
                0x00000000       0x20 .\CortexM3\ARM_GCC_473\Debug\UART_1.a(UART_2.o)
 .text.UART_2_WriteTxData
                0x00000000       0x30 .\CortexM3\ARM_GCC_473\Debug\UART_1.a(UART_2.o)
 .text.UART_2_ReadTxStatus
                0x00000000       0x18 .\CortexM3\ARM_GCC_473\Debug\UART_1.a(UART_2.o)
 .text.UART_2_PutString
                0x00000000       0x48 .\CortexM3\ARM_GCC_473\Debug\UART_1.a(UART_2.o)
 .text.UART_2_PutArray
                0x00000000       0x48 .\CortexM3\ARM_GCC_473\Debug\UART_1.a(UART_2.o)
 .text.UART_2_PutCRLF
                0x00000000       0x38 .\CortexM3\ARM_GCC_473\Debug\UART_1.a(UART_2.o)
 .text.UART_2_GetTxBufferSize
                0x00000000       0x4c .\CortexM3\ARM_GCC_473\Debug\UART_1.a(UART_2.o)
 .text.UART_2_ClearTxBuffer
                0x00000000       0x58 .\CortexM3\ARM_GCC_473\Debug\UART_1.a(UART_2.o)
 .text.UART_2_SendBreak
                0x00000000       0xc4 .\CortexM3\ARM_GCC_473\Debug\UART_1.a(UART_2.o)
 .text.UART_2_SetTxAddressMode
                0x00000000       0x14 .\CortexM3\ARM_GCC_473\Debug\UART_1.a(UART_2.o)
 .text          0x00000000        0x0 .\CortexM3\ARM_GCC_473\Debug\UART_1.a(UART_2_IntClock.o)
 .data          0x00000000        0x0 .\CortexM3\ARM_GCC_473\Debug\UART_1.a(UART_2_IntClock.o)
 .bss           0x00000000        0x0 .\CortexM3\ARM_GCC_473\Debug\UART_1.a(UART_2_IntClock.o)
 .text.UART_2_IntClock_Stop
                0x00000000       0x44 .\CortexM3\ARM_GCC_473\Debug\UART_1.a(UART_2_IntClock.o)
 .text.UART_2_IntClock_StopBlock
                0x00000000       0xf8 .\CortexM3\ARM_GCC_473\Debug\UART_1.a(UART_2_IntClock.o)
 .text.UART_2_IntClock_StandbyPower
                0x00000000       0x54 .\CortexM3\ARM_GCC_473\Debug\UART_1.a(UART_2_IntClock.o)
 .text.UART_2_IntClock_SetDividerRegister
                0x00000000      0x1e8 .\CortexM3\ARM_GCC_473\Debug\UART_1.a(UART_2_IntClock.o)
 .text.UART_2_IntClock_GetDividerRegister
                0x00000000       0x18 .\CortexM3\ARM_GCC_473\Debug\UART_1.a(UART_2_IntClock.o)
 .text.UART_2_IntClock_SetModeRegister
                0x00000000       0x3c .\CortexM3\ARM_GCC_473\Debug\UART_1.a(UART_2_IntClock.o)
 .text.UART_2_IntClock_ClearModeRegister
                0x00000000       0x3c .\CortexM3\ARM_GCC_473\Debug\UART_1.a(UART_2_IntClock.o)
 .text.UART_2_IntClock_GetModeRegister
                0x00000000       0x20 .\CortexM3\ARM_GCC_473\Debug\UART_1.a(UART_2_IntClock.o)
 .text.UART_2_IntClock_SetSourceRegister
                0x00000000       0xf4 .\CortexM3\ARM_GCC_473\Debug\UART_1.a(UART_2_IntClock.o)
 .text.UART_2_IntClock_GetSourceRegister
                0x00000000       0x20 .\CortexM3\ARM_GCC_473\Debug\UART_1.a(UART_2_IntClock.o)
 .text          0x00000000        0x0 .\CortexM3\ARM_GCC_473\Debug\UART_1.a(isr_rx1.o)
 .data          0x00000000        0x0 .\CortexM3\ARM_GCC_473\Debug\UART_1.a(isr_rx1.o)
 .bss           0x00000000        0x0 .\CortexM3\ARM_GCC_473\Debug\UART_1.a(isr_rx1.o)
 .text.isr_rx1_Start
                0x00000000       0x24 .\CortexM3\ARM_GCC_473\Debug\UART_1.a(isr_rx1.o)
 .text.isr_rx1_Stop
                0x00000000       0x18 .\CortexM3\ARM_GCC_473\Debug\UART_1.a(isr_rx1.o)
 .text.isr_rx1_Interrupt
                0x00000000        0xc .\CortexM3\ARM_GCC_473\Debug\UART_1.a(isr_rx1.o)
 .text.isr_rx1_GetVector
                0x00000000       0x24 .\CortexM3\ARM_GCC_473\Debug\UART_1.a(isr_rx1.o)
 .text.isr_rx1_GetPriority
                0x00000000       0x28 .\CortexM3\ARM_GCC_473\Debug\UART_1.a(isr_rx1.o)
 .text.isr_rx1_GetState
                0x00000000       0x20 .\CortexM3\ARM_GCC_473\Debug\UART_1.a(isr_rx1.o)
 .text.isr_rx1_SetPending
                0x00000000       0x18 .\CortexM3\ARM_GCC_473\Debug\UART_1.a(isr_rx1.o)
 .text.isr_rx1_ClearPending
                0x00000000       0x18 .\CortexM3\ARM_GCC_473\Debug\UART_1.a(isr_rx1.o)
 .text          0x00000000        0x0 .\CortexM3\ARM_GCC_473\Debug\UART_1.a(CyFlash.o)
 .data          0x00000000        0x0 .\CortexM3\ARM_GCC_473\Debug\UART_1.a(CyFlash.o)
 .bss           0x00000000        0x4 .\CortexM3\ARM_GCC_473\Debug\UART_1.a(CyFlash.o)
 .text.CyFlash_Start
                0x00000000       0x48 .\CortexM3\ARM_GCC_473\Debug\UART_1.a(CyFlash.o)
 .text.CyFlash_Stop
                0x00000000       0x44 .\CortexM3\ARM_GCC_473\Debug\UART_1.a(CyFlash.o)
 .text.CySetTempInt
                0x00000000       0x90 .\CortexM3\ARM_GCC_473\Debug\UART_1.a(CyFlash.o)
 .text.CySetTemp
                0x00000000       0x24 .\CortexM3\ARM_GCC_473\Debug\UART_1.a(CyFlash.o)
 .text.CySetFlashEEBuffer
                0x00000000       0x78 .\CortexM3\ARM_GCC_473\Debug\UART_1.a(CyFlash.o)
 .text.CyWriteRowData
                0x00000000       0xbc .\CortexM3\ARM_GCC_473\Debug\UART_1.a(CyFlash.o)
 .text.CyWriteRowFull
                0x00000000      0x120 .\CortexM3\ARM_GCC_473\Debug\UART_1.a(CyFlash.o)
 .text.CyFlash_SetWaitCycles
                0x00000000       0xc0 .\CortexM3\ARM_GCC_473\Debug\UART_1.a(CyFlash.o)
 .text.CyEEPROM_Start
                0x00000000       0x44 .\CortexM3\ARM_GCC_473\Debug\UART_1.a(CyFlash.o)
 .text.CyEEPROM_Stop
                0x00000000       0x44 .\CortexM3\ARM_GCC_473\Debug\UART_1.a(CyFlash.o)
 .text.CyEEPROM_ReadReserve
                0x00000000       0x3c .\CortexM3\ARM_GCC_473\Debug\UART_1.a(CyFlash.o)
 .text.CyEEPROM_ReadRelease
                0x00000000       0x28 .\CortexM3\ARM_GCC_473\Debug\UART_1.a(CyFlash.o)
 COMMON         0x00000000        0x2 .\CortexM3\ARM_GCC_473\Debug\UART_1.a(CyFlash.o)
 .text          0x00000000        0x0 .\CortexM3\ARM_GCC_473\Debug\UART_1.a(CySpc.o)
 .data          0x00000000        0x0 .\CortexM3\ARM_GCC_473\Debug\UART_1.a(CySpc.o)
 .bss           0x00000000        0x8 .\CortexM3\ARM_GCC_473\Debug\UART_1.a(CySpc.o)
 .text.CySpcStart
                0x00000000       0x58 .\CortexM3\ARM_GCC_473\Debug\UART_1.a(CySpc.o)
 .text.CySpcStop
                0x00000000       0x58 .\CortexM3\ARM_GCC_473\Debug\UART_1.a(CySpc.o)
 .text.CySpcReadData
                0x00000000       0x64 .\CortexM3\ARM_GCC_473\Debug\UART_1.a(CySpc.o)
 .text.CySpcLoadMultiByte
                0x00000000      0x11c .\CortexM3\ARM_GCC_473\Debug\UART_1.a(CySpc.o)
 .text.CySpcLoadRow
                0x00000000       0xbc .\CortexM3\ARM_GCC_473\Debug\UART_1.a(CySpc.o)
 .text.CySpcWriteRow
                0x00000000       0xcc .\CortexM3\ARM_GCC_473\Debug\UART_1.a(CySpc.o)
 .text.CySpcEraseSector
                0x00000000       0x9c .\CortexM3\ARM_GCC_473\Debug\UART_1.a(CySpc.o)
 .text.CySpcGetTemp
                0x00000000       0x8c .\CortexM3\ARM_GCC_473\Debug\UART_1.a(CySpc.o)
 .text.CySpcLock
                0x00000000       0x88 .\CortexM3\ARM_GCC_473\Debug\UART_1.a(CySpc.o)
 .text.CySpcUnlock
                0x00000000       0x68 .\CortexM3\ARM_GCC_473\Debug\UART_1.a(CySpc.o)
 .text          0x00000000        0x0 c:/program files (x86)/cypress/psoc creator/3.0/psoc creator/import/gnu_cs/arm/4.7.3/bin/../lib/gcc/arm-none-eabi/4.7.3/../../../../arm-none-eabi/lib/armv7-m\libc_s.a(lib_a-__atexit2.o)
 .data          0x00000000        0x0 c:/program files (x86)/cypress/psoc creator/3.0/psoc creator/import/gnu_cs/arm/4.7.3/bin/../lib/gcc/arm-none-eabi/4.7.3/../../../../arm-none-eabi/lib/armv7-m\libc_s.a(lib_a-__atexit2.o)
 .bss           0x00000000        0x0 c:/program files (x86)/cypress/psoc creator/3.0/psoc creator/import/gnu_cs/arm/4.7.3/bin/../lib/gcc/arm-none-eabi/4.7.3/../../../../arm-none-eabi/lib/armv7-m\libc_s.a(lib_a-__atexit2.o)
 .text.__register_exitproc
                0x00000000       0x14 c:/program files (x86)/cypress/psoc creator/3.0/psoc creator/import/gnu_cs/arm/4.7.3/bin/../lib/gcc/arm-none-eabi/4.7.3/../../../../arm-none-eabi/lib/armv7-m\libc_s.a(lib_a-__atexit2.o)
 .text          0x00000000        0x0 c:/program files (x86)/cypress/psoc creator/3.0/psoc creator/import/gnu_cs/arm/4.7.3/bin/../lib/gcc/arm-none-eabi/4.7.3/../../../../arm-none-eabi/lib/armv7-m\libc_s.a(lib_a-exit.o)
 .data          0x00000000        0x0 c:/program files (x86)/cypress/psoc creator/3.0/psoc creator/import/gnu_cs/arm/4.7.3/bin/../lib/gcc/arm-none-eabi/4.7.3/../../../../arm-none-eabi/lib/armv7-m\libc_s.a(lib_a-exit.o)
 .bss           0x00000000        0x0 c:/program files (x86)/cypress/psoc creator/3.0/psoc creator/import/gnu_cs/arm/4.7.3/bin/../lib/gcc/arm-none-eabi/4.7.3/../../../../arm-none-eabi/lib/armv7-m\libc_s.a(lib_a-exit.o)
 .text.exit     0x00000000       0x2c c:/program files (x86)/cypress/psoc creator/3.0/psoc creator/import/gnu_cs/arm/4.7.3/bin/../lib/gcc/arm-none-eabi/4.7.3/../../../../arm-none-eabi/lib/armv7-m\libc_s.a(lib_a-exit.o)
 .text          0x00000000        0x0 c:/program files (x86)/cypress/psoc creator/3.0/psoc creator/import/gnu_cs/arm/4.7.3/bin/../lib/gcc/arm-none-eabi/4.7.3/../../../../arm-none-eabi/lib/armv7-m\libc_s.a(lib_a-fini.o)
 .data          0x00000000        0x0 c:/program files (x86)/cypress/psoc creator/3.0/psoc creator/import/gnu_cs/arm/4.7.3/bin/../lib/gcc/arm-none-eabi/4.7.3/../../../../arm-none-eabi/lib/armv7-m\libc_s.a(lib_a-fini.o)
 .bss           0x00000000        0x0 c:/program files (x86)/cypress/psoc creator/3.0/psoc creator/import/gnu_cs/arm/4.7.3/bin/../lib/gcc/arm-none-eabi/4.7.3/../../../../arm-none-eabi/lib/armv7-m\libc_s.a(lib_a-fini.o)
 .text.__libc_fini_array
                0x00000000       0x2c c:/program files (x86)/cypress/psoc creator/3.0/psoc creator/import/gnu_cs/arm/4.7.3/bin/../lib/gcc/arm-none-eabi/4.7.3/../../../../arm-none-eabi/lib/armv7-m\libc_s.a(lib_a-fini.o)
 .text          0x00000000        0x0 c:/program files (x86)/cypress/psoc creator/3.0/psoc creator/import/gnu_cs/arm/4.7.3/bin/../lib/gcc/arm-none-eabi/4.7.3/../../../../arm-none-eabi/lib/armv7-m\libc_s.a(lib_a-impure.o)
 .data          0x00000000        0x0 c:/program files (x86)/cypress/psoc creator/3.0/psoc creator/import/gnu_cs/arm/4.7.3/bin/../lib/gcc/arm-none-eabi/4.7.3/../../../../arm-none-eabi/lib/armv7-m\libc_s.a(lib_a-impure.o)
 .bss           0x00000000        0x0 c:/program files (x86)/cypress/psoc creator/3.0/psoc creator/import/gnu_cs/arm/4.7.3/bin/../lib/gcc/arm-none-eabi/4.7.3/../../../../arm-none-eabi/lib/armv7-m\libc_s.a(lib_a-impure.o)
 .data.impure_data
                0x00000000       0x64 c:/program files (x86)/cypress/psoc creator/3.0/psoc creator/import/gnu_cs/arm/4.7.3/bin/../lib/gcc/arm-none-eabi/4.7.3/../../../../arm-none-eabi/lib/armv7-m\libc_s.a(lib_a-impure.o)
 .data._impure_ptr
                0x00000000        0x4 c:/program files (x86)/cypress/psoc creator/3.0/psoc creator/import/gnu_cs/arm/4.7.3/bin/../lib/gcc/arm-none-eabi/4.7.3/../../../../arm-none-eabi/lib/armv7-m\libc_s.a(lib_a-impure.o)
 .rodata.str1.1
                0x00000000        0x2 c:/program files (x86)/cypress/psoc creator/3.0/psoc creator/import/gnu_cs/arm/4.7.3/bin/../lib/gcc/arm-none-eabi/4.7.3/../../../../arm-none-eabi/lib/armv7-m\libc_s.a(lib_a-impure.o)
 .rodata._global_impure_ptr
                0x00000000        0x4 c:/program files (x86)/cypress/psoc creator/3.0/psoc creator/import/gnu_cs/arm/4.7.3/bin/../lib/gcc/arm-none-eabi/4.7.3/../../../../arm-none-eabi/lib/armv7-m\libc_s.a(lib_a-impure.o)
 .text          0x00000000        0x0 c:/program files (x86)/cypress/psoc creator/3.0/psoc creator/import/gnu_cs/arm/4.7.3/bin/../lib/gcc/arm-none-eabi/4.7.3/../../../../arm-none-eabi/lib/armv7-m\libc_s.a(lib_a-init.o)
 .data          0x00000000        0x0 c:/program files (x86)/cypress/psoc creator/3.0/psoc creator/import/gnu_cs/arm/4.7.3/bin/../lib/gcc/arm-none-eabi/4.7.3/../../../../arm-none-eabi/lib/armv7-m\libc_s.a(lib_a-init.o)
 .bss           0x00000000        0x0 c:/program files (x86)/cypress/psoc creator/3.0/psoc creator/import/gnu_cs/arm/4.7.3/bin/../lib/gcc/arm-none-eabi/4.7.3/../../../../arm-none-eabi/lib/armv7-m\libc_s.a(lib_a-init.o)
 .text          0x00000000        0x0 c:/program files (x86)/cypress/psoc creator/3.0/psoc creator/import/gnu_cs/arm/4.7.3/bin/../lib/gcc/arm-none-eabi/4.7.3/../../../../arm-none-eabi/lib/armv7-m\libc_s.a(lib_a-memcpy.o)
 .data          0x00000000        0x0 c:/program files (x86)/cypress/psoc creator/3.0/psoc creator/import/gnu_cs/arm/4.7.3/bin/../lib/gcc/arm-none-eabi/4.7.3/../../../../arm-none-eabi/lib/armv7-m\libc_s.a(lib_a-memcpy.o)
 .bss           0x00000000        0x0 c:/program files (x86)/cypress/psoc creator/3.0/psoc creator/import/gnu_cs/arm/4.7.3/bin/../lib/gcc/arm-none-eabi/4.7.3/../../../../arm-none-eabi/lib/armv7-m\libc_s.a(lib_a-memcpy.o)
 .text          0x00000000        0x0 c:/program files (x86)/cypress/psoc creator/3.0/psoc creator/import/gnu_cs/arm/4.7.3/bin/../lib/gcc/arm-none-eabi/4.7.3/../../../../arm-none-eabi/lib/armv7-m\libc_s.a(lib_a-memset.o)
 .data          0x00000000        0x0 c:/program files (x86)/cypress/psoc creator/3.0/psoc creator/import/gnu_cs/arm/4.7.3/bin/../lib/gcc/arm-none-eabi/4.7.3/../../../../arm-none-eabi/lib/armv7-m\libc_s.a(lib_a-memset.o)
 .bss           0x00000000        0x0 c:/program files (x86)/cypress/psoc creator/3.0/psoc creator/import/gnu_cs/arm/4.7.3/bin/../lib/gcc/arm-none-eabi/4.7.3/../../../../arm-none-eabi/lib/armv7-m\libc_s.a(lib_a-memset.o)
 .text          0x00000000        0x0 c:/program files (x86)/cypress/psoc creator/3.0/psoc creator/import/gnu_cs/arm/4.7.3/bin/../lib/gcc/arm-none-eabi/4.7.3/armv7-m/crtend.o
 .data          0x00000000        0x0 c:/program files (x86)/cypress/psoc creator/3.0/psoc creator/import/gnu_cs/arm/4.7.3/bin/../lib/gcc/arm-none-eabi/4.7.3/armv7-m/crtend.o
 .bss           0x00000000        0x0 c:/program files (x86)/cypress/psoc creator/3.0/psoc creator/import/gnu_cs/arm/4.7.3/bin/../lib/gcc/arm-none-eabi/4.7.3/armv7-m/crtend.o
 .text          0x00000000        0x0 c:/program files (x86)/cypress/psoc creator/3.0/psoc creator/import/gnu_cs/arm/4.7.3/bin/../lib/gcc/arm-none-eabi/4.7.3/armv7-m/crtn.o
 .data          0x00000000        0x0 c:/program files (x86)/cypress/psoc creator/3.0/psoc creator/import/gnu_cs/arm/4.7.3/bin/../lib/gcc/arm-none-eabi/4.7.3/armv7-m/crtn.o
 .bss           0x00000000        0x0 c:/program files (x86)/cypress/psoc creator/3.0/psoc creator/import/gnu_cs/arm/4.7.3/bin/../lib/gcc/arm-none-eabi/4.7.3/armv7-m/crtn.o

Memory Configuration

Name             Origin             Length             Attributes
rom              0x00000000         0x00040000         xr
ram              0x1fff8000         0x00010000         xrw
*default*        0x00000000         0xffffffff

Linker script and memory map

LOAD c:/program files (x86)/cypress/psoc creator/3.0/psoc creator/import/gnu_cs/arm/4.7.3/bin/../lib/gcc/arm-none-eabi/4.7.3/armv7-m/crti.o
LOAD c:/program files (x86)/cypress/psoc creator/3.0/psoc creator/import/gnu_cs/arm/4.7.3/bin/../lib/gcc/arm-none-eabi/4.7.3/armv7-m/crtbegin.o
LOAD c:/program files (x86)/cypress/psoc creator/3.0/psoc creator/import/gnu_cs/arm/4.7.3/bin/../lib/gcc/arm-none-eabi/4.7.3/../../../../arm-none-eabi/lib/armv7-m/crt0.o
START GROUP
LOAD .\CortexM3\ARM_GCC_473\Debug\main.o
LOAD .\CortexM3\ARM_GCC_473\Debug\cymetadata.o
LOAD .\CortexM3\ARM_GCC_473\Debug\Cm3Start.o
LOAD .\CortexM3\ARM_GCC_473\Debug\UART_1.a
LOAD C:\Program Files (x86)\Cypress\PSoC Creator\3.0\PSoC Creator\psoc\content\cycomponentlibrary\CyComponentLibrary.cylib\CortexM3\ARM_GCC_473\Debug\CyComponentLibrary.a
END GROUP
START GROUP
LOAD c:/program files (x86)/cypress/psoc creator/3.0/psoc creator/import/gnu_cs/arm/4.7.3/bin/../lib/gcc/arm-none-eabi/4.7.3/armv7-m\libgcc.a
LOAD c:/program files (x86)/cypress/psoc creator/3.0/psoc creator/import/gnu_cs/arm/4.7.3/bin/../lib/gcc/arm-none-eabi/4.7.3/../../../../arm-none-eabi/lib/armv7-m\libc_s.a
END GROUP
LOAD c:/program files (x86)/cypress/psoc creator/3.0/psoc creator/import/gnu_cs/arm/4.7.3/bin/../lib/gcc/arm-none-eabi/4.7.3/armv7-m/crtend.o
LOAD c:/program files (x86)/cypress/psoc creator/3.0/psoc creator/import/gnu_cs/arm/4.7.3/bin/../lib/gcc/arm-none-eabi/4.7.3/armv7-m/crtn.o
START GROUP
LOAD c:/program files (x86)/cypress/psoc creator/3.0/psoc creator/import/gnu_cs/arm/4.7.3/bin/../lib/gcc/arm-none-eabi/4.7.3/armv7-m\libgcc.a
LOAD c:/program files (x86)/cypress/psoc creator/3.0/psoc creator/import/gnu_cs/arm/4.7.3/bin/../lib/gcc/arm-none-eabi/4.7.3/../../../../arm-none-eabi/lib/armv7-m\libc.a
LOAD c:/program files (x86)/cypress/psoc creator/3.0/psoc creator/import/gnu_cs/arm/4.7.3/bin/../lib/gcc/arm-none-eabi/4.7.3/../../../../arm-none-eabi/lib/armv7-m\libnosys.a
END GROUP
                0x00000000                CY_APPL_ORIGIN = 0x0
                0x00000100                CY_FLASH_ROW_SIZE = 0x100
                0x00000020                CY_ECC_ROW_SIZE = 0x20
                0x00000000                CY_EE_IN_BTLDR = 0x0
                0x00000000                CY_APPL_LOADABLE = 0x0
                0x00000800                CY_EE_SIZE = 0x800
                0x00000001                CY_APPL_NUM = 0x1
                0x00000001                CY_APPL_MAX = 0x1
                0x00000040                CY_METADATA_SIZE = 0x40
                0x1fff8188                PROVIDE (__cy_heap_start, _end)
                0x00000001                PROVIDE (__cy_region_num, ((__cy_regions_end - __cy_regions) / 0x10))
                0x20008000                PROVIDE (__cy_stack, (ORIGIN (ram) + 0x10000))
                0x20004000                PROVIDE (__cy_heap_end, (__cy_stack - 0x4000))

.cybootloader   0x00000000        0x0
 *(.cybootloader)
                0x00000000                appl1_start = CY_APPL_ORIGIN?CY_APPL_ORIGIN:ALIGN (CY_FLASH_ROW_SIZE)
                0x0001ff00                appl2_start = (appl1_start + ALIGN ((((0x40000 - appl1_start) - (0x2 * CY_FLASH_ROW_SIZE)) / 0x2), CY_FLASH_ROW_SIZE))
                0x00000000                appl_start = (CY_APPL_NUM == 0x1)?appl1_start:appl2_start
                0x00000000                ecc_offset = ((appl_start / CY_FLASH_ROW_SIZE) * CY_ECC_ROW_SIZE)
                0x00000000                ee_offset = (CY_APPL_LOADABLE && ! (CY_EE_IN_BTLDR))?((CY_EE_SIZE / CY_APPL_MAX) * (CY_APPL_NUM - 0x1)):0x0
                0x00000800                ee_size = (CY_APPL_LOADABLE && ! (CY_EE_IN_BTLDR))?(CY_EE_SIZE / CY_APPL_MAX):CY_EE_SIZE
                0x00000000                PROVIDE (CY_ECC_OFFSET, ecc_offset)

.text           0x00000000      0xc36
 CREATE_OBJECT_SYMBOLS
                0x00000000                PROVIDE (__cy_interrupt_vector, RomVectors)
 *(.romvectors)
 .romvectors    0x00000000       0x10 .\CortexM3\ARM_GCC_473\Debug\Cm3Start.o
                0x00000000                RomVectors
                0x00000001                ASSERT ((. != __cy_interrupt_vector), No interrupt vector)
                0x00000001                ASSERT (CY_APPL_ORIGIN?(SIZEOF (.cybootloader) <= CY_APPL_ORIGIN):0x1, Wrong image location)
                0x00000010                PROVIDE (__cy_reset, Reset)
 *(.text.Reset)
 .text.Reset    0x00000010       0x1c .\CortexM3\ARM_GCC_473\Debug\Cm3Start.o
                0x00000010                Reset
                0x00000001                ASSERT ((. != __cy_reset), No reset code)
 *(.dma_init)
                0x00000001                ASSERT ((((appl_start + .) <= 0x10000) || 0x1), DMA Init must be within the first 64k of flash)
 *(.text .text.* .gnu.linkonce.t.*)
 .text          0x0000002c       0x54 c:/program files (x86)/cypress/psoc creator/3.0/psoc creator/import/gnu_cs/arm/4.7.3/bin/../lib/gcc/arm-none-eabi/4.7.3/armv7-m/crtbegin.o
 .text.main     0x00000080       0x94 .\CortexM3\ARM_GCC_473\Debug\main.o
                0x00000080                main
 .text.isr_rx1  0x00000114       0x20 .\CortexM3\ARM_GCC_473\Debug\main.o
                0x00000114                isr_rx1
 .text.IntDefaultHandler
                0x00000134        0x8 .\CortexM3\ARM_GCC_473\Debug\Cm3Start.o
                0x00000134                IntDefaultHandler
 .text.Start_c  0x0000013c       0xcc .\CortexM3\ARM_GCC_473\Debug\Cm3Start.o
                0x0000013c                Start_c
 .text.initialize_psoc
                0x00000208       0xb4 .\CortexM3\ARM_GCC_473\Debug\Cm3Start.o
                0x00000208                initialize_psoc
 .text.CYMEMZERO
                0x000002bc       0x20 .\CortexM3\ARM_GCC_473\Debug\UART_1.a(cyfitter_cfg.o)
 .text.CYCONFIGCPY
                0x000002dc       0x20 .\CortexM3\ARM_GCC_473\Debug\UART_1.a(cyfitter_cfg.o)
 .text.CyClockStartupError
                0x000002fc        0xc .\CortexM3\ARM_GCC_473\Debug\UART_1.a(cyfitter_cfg.o)
 .text.cfg_write_bytes32
                0x00000308       0x84 .\CortexM3\ARM_GCC_473\Debug\UART_1.a(cyfitter_cfg.o)
 .text.ClockSetup
                0x0000038c      0x16c .\CortexM3\ARM_GCC_473\Debug\UART_1.a(cyfitter_cfg.o)
 .text.AnalogSetDefault
                0x000004f8       0x50 .\CortexM3\ARM_GCC_473\Debug\UART_1.a(cyfitter_cfg.o)
 .text.cyfitter_cfg
                0x00000548      0x1f4 .\CortexM3\ARM_GCC_473\Debug\UART_1.a(cyfitter_cfg.o)
                0x00000548                cyfitter_cfg
 .text.UART_1_Start
                0x0000073c       0x2c .\CortexM3\ARM_GCC_473\Debug\UART_1.a(UART_1.o)
                0x0000073c                UART_1_Start
 .text.UART_1_Init
                0x00000768       0x50 .\CortexM3\ARM_GCC_473\Debug\UART_1.a(UART_1.o)
                0x00000768                UART_1_Init
 .text.UART_1_Enable
                0x000007b8       0x78 .\CortexM3\ARM_GCC_473\Debug\UART_1.a(UART_1.o)
                0x000007b8                UART_1_Enable
 .text.UART_1_GetChar
                0x00000830       0x4c .\CortexM3\ARM_GCC_473\Debug\UART_1.a(UART_1.o)
                0x00000830                UART_1_GetChar
 .text.UART_1_PutChar
                0x0000087c       0x38 .\CortexM3\ARM_GCC_473\Debug\UART_1.a(UART_1.o)
                0x0000087c                UART_1_PutChar
 .text.UART_1_PutArray
                0x000008b4       0x48 .\CortexM3\ARM_GCC_473\Debug\UART_1.a(UART_1.o)
                0x000008b4                UART_1_PutArray
 .text.UART_1_IntClock_Start
                0x000008fc       0x44 .\CortexM3\ARM_GCC_473\Debug\UART_1.a(UART_1_IntClock.o)
                0x000008fc                UART_1_IntClock_Start
 .text          0x00000940       0x28 .\CortexM3\ARM_GCC_473\Debug\UART_1.a(CyBootAsmGnu.o)
                0x00000940                CyDelayCycles
                0x00000954                CyEnterCriticalSection
                0x0000095c                CyExitCriticalSection
 .text.CyDelay  0x00000968       0x48 .\CortexM3\ARM_GCC_473\Debug\UART_1.a(CyLib.o)
                0x00000968                CyDelay
 .text.UART_2_Start
                0x000009b0       0x2c .\CortexM3\ARM_GCC_473\Debug\UART_1.a(UART_2.o)
                0x000009b0                UART_2_Start
 .text.UART_2_Init
                0x000009dc       0x50 .\CortexM3\ARM_GCC_473\Debug\UART_1.a(UART_2.o)
                0x000009dc                UART_2_Init
 .text.UART_2_Enable
                0x00000a2c       0x78 .\CortexM3\ARM_GCC_473\Debug\UART_1.a(UART_2.o)
                0x00000a2c                UART_2_Enable
 .text.UART_2_PutChar
                0x00000aa4       0x38 .\CortexM3\ARM_GCC_473\Debug\UART_1.a(UART_2.o)
                0x00000aa4                UART_2_PutChar
 .text.UART_2_IntClock_Start
                0x00000adc       0x44 .\CortexM3\ARM_GCC_473\Debug\UART_1.a(UART_2_IntClock.o)
                0x00000adc                UART_2_IntClock_Start
 .text.isr_rx1_StartEx
                0x00000b20       0x28 .\CortexM3\ARM_GCC_473\Debug\UART_1.a(isr_rx1.o)
                0x00000b20                isr_rx1_StartEx
 .text.isr_rx1_SetVector
                0x00000b48       0x28 .\CortexM3\ARM_GCC_473\Debug\UART_1.a(isr_rx1.o)
                0x00000b48                isr_rx1_SetVector
 .text.isr_rx1_SetPriority
                0x00000b70       0x28 .\CortexM3\ARM_GCC_473\Debug\UART_1.a(isr_rx1.o)
                0x00000b70                isr_rx1_SetPriority
 .text.isr_rx1_Enable
                0x00000b98       0x18 .\CortexM3\ARM_GCC_473\Debug\UART_1.a(isr_rx1.o)
                0x00000b98                isr_rx1_Enable
 .text.isr_rx1_Disable
                0x00000bb0       0x18 .\CortexM3\ARM_GCC_473\Debug\UART_1.a(isr_rx1.o)
                0x00000bb0                isr_rx1_Disable
 .text.__libc_init_array
                0x00000bc8       0x4c c:/program files (x86)/cypress/psoc creator/3.0/psoc creator/import/gnu_cs/arm/4.7.3/bin/../lib/gcc/arm-none-eabi/4.7.3/../../../../arm-none-eabi/lib/armv7-m\libc_s.a(lib_a-init.o)
                0x00000bc8                __libc_init_array
 .text.memcpy   0x00000c14       0x12 c:/program files (x86)/cypress/psoc creator/3.0/psoc creator/import/gnu_cs/arm/4.7.3/bin/../lib/gcc/arm-none-eabi/4.7.3/../../../../arm-none-eabi/lib/armv7-m\libc_s.a(lib_a-memcpy.o)
                0x00000c14                memcpy
 .text.memset   0x00000c26       0x10 c:/program files (x86)/cypress/psoc creator/3.0/psoc creator/import/gnu_cs/arm/4.7.3/bin/../lib/gcc/arm-none-eabi/4.7.3/../../../../arm-none-eabi/lib/armv7-m\libc_s.a(lib_a-memset.o)
                0x00000c26                memset
 *(.plt)
 *(.gnu.warning)
 *(.glue_7t)
 .glue_7t       0x00000000        0x0 linker stubs
 *(.glue_7)
 .glue_7        0x00000000        0x0 linker stubs
 *(.vfp11_veneer)
 .vfp11_veneer  0x00000000        0x0 linker stubs
 *(.bootloader)
 *(.ARM.extab* .gnu.linkonce.armextab.*)
 *(.gcc_except_table)

.v4_bx          0x00000c38        0x0
 .v4_bx         0x00000000        0x0 linker stubs

.iplt           0x00000c38        0x0
 .iplt          0x00000000        0x0 c:/program files (x86)/cypress/psoc creator/3.0/psoc creator/import/gnu_cs/arm/4.7.3/bin/../lib/gcc/arm-none-eabi/4.7.3/armv7-m/crtbegin.o

.eh_frame_hdr
 *(.eh_frame_hdr)

.eh_frame       0x00000c38        0x4
 *(.eh_frame)
 .eh_frame      0x00000c38        0x0 c:/program files (x86)/cypress/psoc creator/3.0/psoc creator/import/gnu_cs/arm/4.7.3/bin/../lib/gcc/arm-none-eabi/4.7.3/armv7-m/crtbegin.o
 .eh_frame      0x00000c38        0x4 c:/program files (x86)/cypress/psoc creator/3.0/psoc creator/import/gnu_cs/arm/4.7.3/bin/../lib/gcc/arm-none-eabi/4.7.3/armv7-m/crtend.o
                0x00000c3c                PROVIDE (__exidx_start, .)

.ARM.exidx
 *(.ARM.exidx* .gnu.linkonce.armexidx.*)
                0x00000c3c                __exidx_end = .

.rodata         0x00000c3c       0x7c
 *(.rodata .rodata.* .gnu.linkonce.r.*)
 .rodata        0x00000c3c       0x44 .\CortexM3\ARM_GCC_473\Debug\UART_1.a(cyfitter_cfg.o)
                0x00000c80                . = ALIGN (0x4)
 *(.init)
 .init          0x00000c80        0x4 c:/program files (x86)/cypress/psoc creator/3.0/psoc creator/import/gnu_cs/arm/4.7.3/bin/../lib/gcc/arm-none-eabi/4.7.3/armv7-m/crti.o
                0x00000c80                _init
 .init          0x00000c84        0x8 c:/program files (x86)/cypress/psoc creator/3.0/psoc creator/import/gnu_cs/arm/4.7.3/bin/../lib/gcc/arm-none-eabi/4.7.3/armv7-m/crtn.o
                0x00000c8c                . = ALIGN (0x4)
                0x00000c8c                __preinit_array_start = .
 *(.preinit_array)
                0x00000c8c                __preinit_array_end = .
                0x00000c8c                . = ALIGN (0x4)
                0x00000c8c                __init_array_start = .
 *(SORT(.init_array.*))
 *(.init_array)
 .init_array    0x00000c8c        0x4 c:/program files (x86)/cypress/psoc creator/3.0/psoc creator/import/gnu_cs/arm/4.7.3/bin/../lib/gcc/arm-none-eabi/4.7.3/armv7-m/crtbegin.o
 .init_array    0x00000c90        0x4 .\CortexM3\ARM_GCC_473\Debug\Cm3Start.o
                0x00000c94                __init_array_end = .
                0x00000c94                . = ALIGN (0x4)
 *(.fini)
 .fini          0x00000c94        0x4 c:/program files (x86)/cypress/psoc creator/3.0/psoc creator/import/gnu_cs/arm/4.7.3/bin/../lib/gcc/arm-none-eabi/4.7.3/armv7-m/crti.o
                0x00000c94                _fini
 .fini          0x00000c98        0x8 c:/program files (x86)/cypress/psoc creator/3.0/psoc creator/import/gnu_cs/arm/4.7.3/bin/../lib/gcc/arm-none-eabi/4.7.3/armv7-m/crtn.o
                0x00000ca0                . = ALIGN (0x4)
                0x00000ca0                __fini_array_start = .
 *(.fini_array)
 .fini_array    0x00000ca0        0x4 c:/program files (x86)/cypress/psoc creator/3.0/psoc creator/import/gnu_cs/arm/4.7.3/bin/../lib/gcc/arm-none-eabi/4.7.3/armv7-m/crtbegin.o
 *(SORT(.fini_array.*))
                0x00000ca4                __fini_array_end = .
                0x00000ca4                . = ALIGN (0x4)
 *crtbegin.o(.ctors)
 *(EXCLUDE_FILE(*crtend.o) .ctors)
 *(SORT(.ctors.*))
 *crtend.o(.ctors)
                0x00000ca4                . = ALIGN (0x4)
 *crtbegin.o(.dtors)
 *(EXCLUDE_FILE(*crtend.o) .dtors)
 *(SORT(.dtors.*))
 *crtend.o(.dtors)
                0x00000ca4                . = ALIGN (0x4)
                0x00000ca4                __cy_regions = .
                0x00000ca4        0x4 LONG 0xcb8 __cy_region_init_ram
                0x00000ca8        0x4 LONG 0x1fff8108 __cy_region_start_data
                0x00000cac        0x4 LONG 0x60 __cy_region_init_size_ram
                0x00000cb0        0x4 LONG 0x20 __cy_region_zero_size_ram
                0x00000cb4                __cy_regions_end = .
                0x00000cb8                . = ALIGN (0x8)
 *fill*         0x00000cb4        0x4 00
                0x00000cb8                _etext = .

.ramvectors     0x1fff8000      0x100
                0x1fff8000                __cy_region_start_ram = .
 *(.ramvectors)
 .ramvectors    0x1fff8000      0x100 .\CortexM3\ARM_GCC_473\Debug\Cm3Start.o
                0x1fff8000                CyRamVectors

.noinit         0x1fff8100        0x5
 *(.noinit)
 .noinit        0x1fff8100        0x4 .\CortexM3\ARM_GCC_473\Debug\Cm3Start.o
 .noinit        0x1fff8104        0x1 .\CortexM3\ARM_GCC_473\Debug\UART_1.a(CyLib.o)
                0x1fff8104                CyResetStatus

.data           0x1fff8108       0x60 load address 0x00000cb8
                0x1fff8108                __cy_region_start_data = .
 *(.jcr)
 .jcr           0x1fff8108        0x0 c:/program files (x86)/cypress/psoc creator/3.0/psoc creator/import/gnu_cs/arm/4.7.3/bin/../lib/gcc/arm-none-eabi/4.7.3/armv7-m/crtbegin.o
 .jcr           0x1fff8108        0x4 c:/program files (x86)/cypress/psoc creator/3.0/psoc creator/import/gnu_cs/arm/4.7.3/bin/../lib/gcc/arm-none-eabi/4.7.3/armv7-m/crtend.o
 *(.got.plt)
 *(.got)
 *(.shdata)
 *(.data .data.* .gnu.linkonce.d.*)
 .data          0x1fff810c       0x48 .\CortexM3\ARM_GCC_473\Debug\main.o
                0x1fff810c                get
                0x1fff8110                reset_camera
                0x1fff8114                baurate
                0x1fff811c                config_datasize
                0x1fff8128                take_picture
                0x1fff8130                read_datasize
                0x1fff8138                gashitsu
                0x1fff8144                load_data
 .data          0x1fff8154       0x10 .\CortexM3\ARM_GCC_473\Debug\UART_1.a(CyLib.o)
                0x1fff8154                cydelay_freq_hz
                0x1fff8158                cydelay_freq_khz
                0x1fff815c                cydelay_freq_mhz
                0x1fff8160                cydelay_32k_ms
                0x1fff8168                . = ALIGN (0x8)
 *fill*         0x1fff8164        0x4 00
 *(.ram)
                0x1fff8168                _edata = .

.igot.plt       0x1fff8168        0x0 load address 0x00000d18
 .igot.plt      0x00000000        0x0 c:/program files (x86)/cypress/psoc creator/3.0/psoc creator/import/gnu_cs/arm/4.7.3/bin/../lib/gcc/arm-none-eabi/4.7.3/armv7-m/crtbegin.o

.bss            0x1fff8168       0x20 load address 0x00000d18
                0x1fff8168                PROVIDE (__bss_start__, .)
 *(.shbss)
 *(.bss .bss.* .gnu.linkonce.b.*)
 .bss           0x1fff8168       0x1c c:/program files (x86)/cypress/psoc creator/3.0/psoc creator/import/gnu_cs/arm/4.7.3/bin/../lib/gcc/arm-none-eabi/4.7.3/armv7-m/crtbegin.o
 .bss           0x1fff8184        0x2 .\CortexM3\ARM_GCC_473\Debug\UART_1.a(UART_1.o)
                0x1fff8184                UART_1_initVar
 .bss           0x1fff8186        0x2 .\CortexM3\ARM_GCC_473\Debug\UART_1.a(UART_2.o)
                0x1fff8186                UART_2_initVar
 *(COMMON)
                0x1fff8188                . = ALIGN (0x8)
 *(.ram.b)
                0x1fff8188                _end = .
                0x1fff8188                __end = .
                0x1fff8188                PROVIDE (end, .)
                0x1fff8188                PROVIDE (__bss_end__, .)
                0x00000cb8                __cy_region_init_ram = LOADADDR (.data)
                0x00000060                __cy_region_init_size_ram = (_edata - ADDR (.data))
                0x00000020                __cy_region_zero_size_ram = (_end - _edata)

.heap           0x1fff8188     0x1000 load address 0x00000d18
                0x1fff8188                . = _end
                0x1fff9188                . = (. + 0x1000)
 *fill*         0x1fff8188     0x1000 00
                0x1fff9188                __cy_heap_limit = .

.stack          0x20004000     0x4000
                0x20004000                __cy_stack_limit = .
                0x20008000                . = (. + 0x4000)
 *fill*         0x20004000     0x4000 00
                0x00000001                ASSERT ((__cy_stack_limit >= __cy_heap_limit), region RAM overflowed with stack)

.cyloadermeta
 *(.cyloadermeta)

.cyloadablemeta
 *(.cyloadablemeta)

.cyconfigecc    0x80000000      0x5f8
 *(.cyconfigecc)
 .cyconfigecc   0x80000000      0x5f8 .\CortexM3\ARM_GCC_473\Debug\cymetadata.o
                0x80000000                cy_meta_configecc

.cycustnvl      0x90000000        0x4
 *(.cycustnvl)
 .cycustnvl     0x90000000        0x4 .\CortexM3\ARM_GCC_473\Debug\cymetadata.o
                0x90000000                cy_meta_custnvl

.cywolatch      0x90100000        0x4
 *(.cywolatch)
 .cywolatch     0x90100000        0x4 .\CortexM3\ARM_GCC_473\Debug\cymetadata.o
                0x90100000                cy_meta_wonvl

.cyeeprom       0x90200000        0x0
 *(.cyeeprom)
                0x00000001                ASSERT ((. <= ((0x90200000 + ee_offset) + ee_size)), .cyeeprom data will not fit in EEPROM)

.cyflashprotect
                0x90400000      0x100
 *(.cyflashprotect)
 .cyflashprotect
                0x90400000      0x100 .\CortexM3\ARM_GCC_473\Debug\cymetadata.o
                0x90400000                cy_meta_flashprotect

.cymeta         0x90500000        0xc
 *(.cymeta)
 .cymeta        0x90500000        0xc .\CortexM3\ARM_GCC_473\Debug\cymetadata.o
                0x90500000                cy_metadata

.rel.dyn        0x00000d18        0x0 load address 0x9050000c
 .rel.iplt      0x00000000        0x0 c:/program files (x86)/cypress/psoc creator/3.0/psoc creator/import/gnu_cs/arm/4.7.3/bin/../lib/gcc/arm-none-eabi/4.7.3/armv7-m/crtbegin.o

.stab
 *(.stab)

.stabstr
 *(.stabstr)

.debug
 *(.debug)

.line
 *(.line)

.debug_srcinfo
 *(.debug_srcinfo)

.debug_sfnames
 *(.debug_sfnames)

.debug_aranges  0x00000000      0x7c8
 *(.debug_aranges)
 .debug_aranges
                0x00000000       0x28 .\CortexM3\ARM_GCC_473\Debug\main.o
 .debug_aranges
                0x00000028       0x18 .\CortexM3\ARM_GCC_473\Debug\cymetadata.o
 .debug_aranges
                0x00000040       0x40 .\CortexM3\ARM_GCC_473\Debug\Cm3Start.o
 .debug_aranges
                0x00000080       0x60 .\CortexM3\ARM_GCC_473\Debug\UART_1.a(cyfitter_cfg.o)
 .debug_aranges
                0x000000e0       0xf0 .\CortexM3\ARM_GCC_473\Debug\UART_1.a(UART_1.o)
 .debug_aranges
                0x000001d0       0x70 .\CortexM3\ARM_GCC_473\Debug\UART_1.a(UART_1_IntClock.o)
 .debug_aranges
                0x00000240       0x20 .\CortexM3\ARM_GCC_473\Debug\UART_1.a(CyBootAsmGnu.o)
 .debug_aranges
                0x00000260      0x218 .\CortexM3\ARM_GCC_473\Debug\UART_1.a(CyLib.o)
 .debug_aranges
                0x00000478       0x90 .\CortexM3\ARM_GCC_473\Debug\UART_1.a(cyPm.o)
 .debug_aranges
                0x00000508       0xf0 .\CortexM3\ARM_GCC_473\Debug\UART_1.a(UART_2.o)
 .debug_aranges
                0x000005f8       0x70 .\CortexM3\ARM_GCC_473\Debug\UART_1.a(UART_2_IntClock.o)
 .debug_aranges
                0x00000668       0x80 .\CortexM3\ARM_GCC_473\Debug\UART_1.a(isr_rx1.o)
 .debug_aranges
                0x000006e8       0x78 .\CortexM3\ARM_GCC_473\Debug\UART_1.a(CyFlash.o)
 .debug_aranges
                0x00000760       0x68 .\CortexM3\ARM_GCC_473\Debug\UART_1.a(CySpc.o)

.debug_pubnames
 *(.debug_pubnames)

.debug_info     0x00000000     0x379d
 *(.debug_info .gnu.linkonce.wi.*)
 .debug_info    0x00000000      0x1e9 .\CortexM3\ARM_GCC_473\Debug\main.o
 .debug_info    0x000001e9      0x140 .\CortexM3\ARM_GCC_473\Debug\cymetadata.o
 .debug_info    0x00000329      0x2ea .\CortexM3\ARM_GCC_473\Debug\Cm3Start.o
 .debug_info    0x00000613      0x47e .\CortexM3\ARM_GCC_473\Debug\UART_1.a(cyfitter_cfg.o)
 .debug_info    0x00000a91      0x58b .\CortexM3\ARM_GCC_473\Debug\UART_1.a(UART_1.o)
 .debug_info    0x0000101c      0x294 .\CortexM3\ARM_GCC_473\Debug\UART_1.a(UART_1_IntClock.o)
 .debug_info    0x000012b0       0x8f .\CortexM3\ARM_GCC_473\Debug\UART_1.a(CyBootAsmGnu.o)
 .debug_info    0x0000133f      0xcd7 .\CortexM3\ARM_GCC_473\Debug\UART_1.a(CyLib.o)
 .debug_info    0x00002016      0x5c3 .\CortexM3\ARM_GCC_473\Debug\UART_1.a(cyPm.o)
 .debug_info    0x000025d9      0x58b .\CortexM3\ARM_GCC_473\Debug\UART_1.a(UART_2.o)
 .debug_info    0x00002b64      0x294 .\CortexM3\ARM_GCC_473\Debug\UART_1.a(UART_2_IntClock.o)
 .debug_info    0x00002df8      0x278 .\CortexM3\ARM_GCC_473\Debug\UART_1.a(isr_rx1.o)
 .debug_info    0x00003070      0x354 .\CortexM3\ARM_GCC_473\Debug\UART_1.a(CyFlash.o)
 .debug_info    0x000033c4      0x3d9 .\CortexM3\ARM_GCC_473\Debug\UART_1.a(CySpc.o)

.debug_abbrev   0x00000000     0x10fc
 *(.debug_abbrev)
 .debug_abbrev  0x00000000       0xc6 .\CortexM3\ARM_GCC_473\Debug\main.o
 .debug_abbrev  0x000000c6       0x77 .\CortexM3\ARM_GCC_473\Debug\cymetadata.o
 .debug_abbrev  0x0000013d      0x175 .\CortexM3\ARM_GCC_473\Debug\Cm3Start.o
 .debug_abbrev  0x000002b2      0x1b9 .\CortexM3\ARM_GCC_473\Debug\UART_1.a(cyfitter_cfg.o)
 .debug_abbrev  0x0000046b      0x165 .\CortexM3\ARM_GCC_473\Debug\UART_1.a(UART_1.o)
 .debug_abbrev  0x000005d0      0x11f .\CortexM3\ARM_GCC_473\Debug\UART_1.a(UART_1_IntClock.o)
 .debug_abbrev  0x000006ef       0x14 .\CortexM3\ARM_GCC_473\Debug\UART_1.a(CyBootAsmGnu.o)
 .debug_abbrev  0x00000703      0x207 .\CortexM3\ARM_GCC_473\Debug\UART_1.a(CyLib.o)
 .debug_abbrev  0x0000090a      0x170 .\CortexM3\ARM_GCC_473\Debug\UART_1.a(cyPm.o)
 .debug_abbrev  0x00000a7a      0x165 .\CortexM3\ARM_GCC_473\Debug\UART_1.a(UART_2.o)
 .debug_abbrev  0x00000bdf      0x11f .\CortexM3\ARM_GCC_473\Debug\UART_1.a(UART_2_IntClock.o)
 .debug_abbrev  0x00000cfe      0x12d .\CortexM3\ARM_GCC_473\Debug\UART_1.a(isr_rx1.o)
 .debug_abbrev  0x00000e2b      0x172 .\CortexM3\ARM_GCC_473\Debug\UART_1.a(CyFlash.o)
 .debug_abbrev  0x00000f9d      0x15f .\CortexM3\ARM_GCC_473\Debug\UART_1.a(CySpc.o)

.debug_line     0x00000000     0x1e2f
 *(.debug_line)
 .debug_line    0x00000000      0x137 .\CortexM3\ARM_GCC_473\Debug\main.o
 .debug_line    0x00000137       0x53 .\CortexM3\ARM_GCC_473\Debug\cymetadata.o
 .debug_line    0x0000018a      0x1b0 .\CortexM3\ARM_GCC_473\Debug\Cm3Start.o
 .debug_line    0x0000033a      0x222 .\CortexM3\ARM_GCC_473\Debug\UART_1.a(cyfitter_cfg.o)
 .debug_line    0x0000055c      0x2f1 .\CortexM3\ARM_GCC_473\Debug\UART_1.a(UART_1.o)
 .debug_line    0x0000084d      0x1a6 .\CortexM3\ARM_GCC_473\Debug\UART_1.a(UART_1_IntClock.o)
 .debug_line    0x000009f3       0x68 .\CortexM3\ARM_GCC_473\Debug\UART_1.a(CyBootAsmGnu.o)
 .debug_line    0x00000a5b      0x73b .\CortexM3\ARM_GCC_473\Debug\UART_1.a(CyLib.o)
 .debug_line    0x00001196      0x370 .\CortexM3\ARM_GCC_473\Debug\UART_1.a(cyPm.o)
 .debug_line    0x00001506      0x2f1 .\CortexM3\ARM_GCC_473\Debug\UART_1.a(UART_2.o)
 .debug_line    0x000017f7      0x1a6 .\CortexM3\ARM_GCC_473\Debug\UART_1.a(UART_2_IntClock.o)
 .debug_line    0x0000199d      0x142 .\CortexM3\ARM_GCC_473\Debug\UART_1.a(isr_rx1.o)
 .debug_line    0x00001adf      0x1a9 .\CortexM3\ARM_GCC_473\Debug\UART_1.a(CyFlash.o)
 .debug_line    0x00001c88      0x1a7 .\CortexM3\ARM_GCC_473\Debug\UART_1.a(CySpc.o)

.debug_frame    0x00000000     0x1964
 *(.debug_frame)
 .debug_frame   0x00000000       0x4c .\CortexM3\ARM_GCC_473\Debug\main.o
 .debug_frame   0x0000004c       0xa4 .\CortexM3\ARM_GCC_473\Debug\Cm3Start.o
 .debug_frame   0x000000f0      0x120 .\CortexM3\ARM_GCC_473\Debug\UART_1.a(cyfitter_cfg.o)
 .debug_frame   0x00000210      0x328 .\CortexM3\ARM_GCC_473\Debug\UART_1.a(UART_1.o)
 .debug_frame   0x00000538      0x14c .\CortexM3\ARM_GCC_473\Debug\UART_1.a(UART_1_IntClock.o)
 .debug_frame   0x00000684      0x778 .\CortexM3\ARM_GCC_473\Debug\UART_1.a(CyLib.o)
 .debug_frame   0x00000dfc      0x1d0 .\CortexM3\ARM_GCC_473\Debug\UART_1.a(cyPm.o)
 .debug_frame   0x00000fcc      0x328 .\CortexM3\ARM_GCC_473\Debug\UART_1.a(UART_2.o)
 .debug_frame   0x000012f4      0x14c .\CortexM3\ARM_GCC_473\Debug\UART_1.a(UART_2_IntClock.o)
 .debug_frame   0x00001440      0x180 .\CortexM3\ARM_GCC_473\Debug\UART_1.a(isr_rx1.o)
 .debug_frame   0x000015c0      0x178 .\CortexM3\ARM_GCC_473\Debug\UART_1.a(CyFlash.o)
 .debug_frame   0x00001738      0x13c .\CortexM3\ARM_GCC_473\Debug\UART_1.a(CySpc.o)
 .debug_frame   0x00001874       0x28 c:/program files (x86)/cypress/psoc creator/3.0/psoc creator/import/gnu_cs/arm/4.7.3/bin/../lib/gcc/arm-none-eabi/4.7.3/../../../../arm-none-eabi/lib/armv7-m\libc_s.a(lib_a-__atexit2.o)
 .debug_frame   0x0000189c       0x28 c:/program files (x86)/cypress/psoc creator/3.0/psoc creator/import/gnu_cs/arm/4.7.3/bin/../lib/gcc/arm-none-eabi/4.7.3/../../../../arm-none-eabi/lib/armv7-m\libc_s.a(lib_a-exit.o)
 .debug_frame   0x000018c4       0x2c c:/program files (x86)/cypress/psoc creator/3.0/psoc creator/import/gnu_cs/arm/4.7.3/bin/../lib/gcc/arm-none-eabi/4.7.3/../../../../arm-none-eabi/lib/armv7-m\libc_s.a(lib_a-fini.o)
 .debug_frame   0x000018f0       0x2c c:/program files (x86)/cypress/psoc creator/3.0/psoc creator/import/gnu_cs/arm/4.7.3/bin/../lib/gcc/arm-none-eabi/4.7.3/../../../../arm-none-eabi/lib/armv7-m\libc_s.a(lib_a-init.o)
 .debug_frame   0x0000191c       0x28 c:/program files (x86)/cypress/psoc creator/3.0/psoc creator/import/gnu_cs/arm/4.7.3/bin/../lib/gcc/arm-none-eabi/4.7.3/../../../../arm-none-eabi/lib/armv7-m\libc_s.a(lib_a-memcpy.o)
 .debug_frame   0x00001944       0x20 c:/program files (x86)/cypress/psoc creator/3.0/psoc creator/import/gnu_cs/arm/4.7.3/bin/../lib/gcc/arm-none-eabi/4.7.3/../../../../arm-none-eabi/lib/armv7-m\libc_s.a(lib_a-memset.o)

.debug_str      0x00000000     0x19bb
 *(.debug_str)
 .debug_str     0x00000000      0x17c .\CortexM3\ARM_GCC_473\Debug\main.o
                                0x1b5 (size before relaxing)
 .debug_str     0x0000017c       0x77 .\CortexM3\ARM_GCC_473\Debug\cymetadata.o
                                0x1a4 (size before relaxing)
 .debug_str     0x000001f3      0x119 .\CortexM3\ARM_GCC_473\Debug\Cm3Start.o
                                0x260 (size before relaxing)
 .debug_str     0x0000030c      0x193 .\CortexM3\ARM_GCC_473\Debug\UART_1.a(cyfitter_cfg.o)
                                0x2e6 (size before relaxing)
 .debug_str     0x0000049f      0x2be .\CortexM3\ARM_GCC_473\Debug\UART_1.a(UART_1.o)
                                0x40b (size before relaxing)
 .debug_str     0x0000075d      0x1ca .\CortexM3\ARM_GCC_473\Debug\UART_1.a(UART_1_IntClock.o)
                                0x308 (size before relaxing)
 .debug_str     0x00000927      0x63c .\CortexM3\ARM_GCC_473\Debug\UART_1.a(CyLib.o)
                                0x7c6 (size before relaxing)
 .debug_str     0x00000f63      0x371 .\CortexM3\ARM_GCC_473\Debug\UART_1.a(cyPm.o)
                                0x4d5 (size before relaxing)
 .debug_str     0x000012d4      0x23c .\CortexM3\ARM_GCC_473\Debug\UART_1.a(UART_2.o)
                                0x40b (size before relaxing)
 .debug_str     0x00001510      0x179 .\CortexM3\ARM_GCC_473\Debug\UART_1.a(UART_2_IntClock.o)
                                0x308 (size before relaxing)
 .debug_str     0x00001689      0x104 .\CortexM3\ARM_GCC_473\Debug\UART_1.a(isr_rx1.o)
                                0x270 (size before relaxing)
 .debug_str     0x0000178d      0x130 .\CortexM3\ARM_GCC_473\Debug\UART_1.a(CyFlash.o)
                                0x29b (size before relaxing)
 .debug_str     0x000018bd       0xfe .\CortexM3\ARM_GCC_473\Debug\UART_1.a(CySpc.o)
                                0x277 (size before relaxing)

.debug_loc      0x00000000     0x29d4
 *(.debug_loc)
 .debug_loc     0x00000000       0x64 .\CortexM3\ARM_GCC_473\Debug\main.o
 .debug_loc     0x00000064      0x100 .\CortexM3\ARM_GCC_473\Debug\Cm3Start.o
 .debug_loc     0x00000164      0x1f8 .\CortexM3\ARM_GCC_473\Debug\UART_1.a(cyfitter_cfg.o)
 .debug_loc     0x0000035c      0x5ac .\CortexM3\ARM_GCC_473\Debug\UART_1.a(UART_1.o)
 .debug_loc     0x00000908      0x22c .\CortexM3\ARM_GCC_473\Debug\UART_1.a(UART_1_IntClock.o)
 .debug_loc     0x00000b34      0xce0 .\CortexM3\ARM_GCC_473\Debug\UART_1.a(CyLib.o)
 .debug_loc     0x00001814      0x2e8 .\CortexM3\ARM_GCC_473\Debug\UART_1.a(cyPm.o)
 .debug_loc     0x00001afc      0x5ac .\CortexM3\ARM_GCC_473\Debug\UART_1.a(UART_2.o)
 .debug_loc     0x000020a8      0x22c .\CortexM3\ARM_GCC_473\Debug\UART_1.a(UART_2_IntClock.o)
 .debug_loc     0x000022d4      0x278 .\CortexM3\ARM_GCC_473\Debug\UART_1.a(isr_rx1.o)
 .debug_loc     0x0000254c      0x258 .\CortexM3\ARM_GCC_473\Debug\UART_1.a(CyFlash.o)
 .debug_loc     0x000027a4      0x230 .\CortexM3\ARM_GCC_473\Debug\UART_1.a(CySpc.o)

.debug_macinfo
 *(.debug_macinfo)

.debug_ranges   0x00000000      0x6d0
 *(.debug_ranges)
 .debug_ranges  0x00000000       0x18 .\CortexM3\ARM_GCC_473\Debug\main.o
 .debug_ranges  0x00000018       0x30 .\CortexM3\ARM_GCC_473\Debug\Cm3Start.o
 .debug_ranges  0x00000048       0x50 .\CortexM3\ARM_GCC_473\Debug\UART_1.a(cyfitter_cfg.o)
 .debug_ranges  0x00000098       0xe0 .\CortexM3\ARM_GCC_473\Debug\UART_1.a(UART_1.o)
 .debug_ranges  0x00000178       0x60 .\CortexM3\ARM_GCC_473\Debug\UART_1.a(UART_1_IntClock.o)
 .debug_ranges  0x000001d8      0x208 .\CortexM3\ARM_GCC_473\Debug\UART_1.a(CyLib.o)
 .debug_ranges  0x000003e0       0x80 .\CortexM3\ARM_GCC_473\Debug\UART_1.a(cyPm.o)
 .debug_ranges  0x00000460       0xe0 .\CortexM3\ARM_GCC_473\Debug\UART_1.a(UART_2.o)
 .debug_ranges  0x00000540       0x60 .\CortexM3\ARM_GCC_473\Debug\UART_1.a(UART_2_IntClock.o)
 .debug_ranges  0x000005a0       0x70 .\CortexM3\ARM_GCC_473\Debug\UART_1.a(isr_rx1.o)
 .debug_ranges  0x00000610       0x68 .\CortexM3\ARM_GCC_473\Debug\UART_1.a(CyFlash.o)
 .debug_ranges  0x00000678       0x58 .\CortexM3\ARM_GCC_473\Debug\UART_1.a(CySpc.o)

.comment        0x00000000       0x70
 .comment       0x00000000       0x70 .\CortexM3\ARM_GCC_473\Debug\main.o
                                 0x71 (size before relaxing)
 .comment       0x00000000       0x71 .\CortexM3\ARM_GCC_473\Debug\cymetadata.o
 .comment       0x00000000       0x71 .\CortexM3\ARM_GCC_473\Debug\Cm3Start.o
 .comment       0x00000000       0x71 .\CortexM3\ARM_GCC_473\Debug\UART_1.a(cyfitter_cfg.o)
 .comment       0x00000000       0x71 .\CortexM3\ARM_GCC_473\Debug\UART_1.a(UART_1.o)
 .comment       0x00000000       0x71 .\CortexM3\ARM_GCC_473\Debug\UART_1.a(UART_1_IntClock.o)
 .comment       0x00000000       0x71 .\CortexM3\ARM_GCC_473\Debug\UART_1.a(CyLib.o)
 .comment       0x00000000       0x71 .\CortexM3\ARM_GCC_473\Debug\UART_1.a(cyPm.o)
 .comment       0x00000000       0x71 .\CortexM3\ARM_GCC_473\Debug\UART_1.a(UART_2.o)
 .comment       0x00000000       0x71 .\CortexM3\ARM_GCC_473\Debug\UART_1.a(UART_2_IntClock.o)
 .comment       0x00000000       0x71 .\CortexM3\ARM_GCC_473\Debug\UART_1.a(isr_rx1.o)
 .comment       0x00000000       0x71 .\CortexM3\ARM_GCC_473\Debug\UART_1.a(CyFlash.o)
 .comment       0x00000000       0x71 .\CortexM3\ARM_GCC_473\Debug\UART_1.a(CySpc.o)

.debug_weaknames
 *(.debug_weaknames)

.debug_funcnames
 *(.debug_funcnames)

.debug_typenames
 *(.debug_typenames)

.debug_varnames
 *(.debug_varnames)

.note.gnu.arm.ident
 *(.note.gnu.arm.ident)

.ARM.attributes
                0x00000000       0x29
 *(.ARM.attributes)
 .ARM.attributes
                0x00000000       0x1d c:/program files (x86)/cypress/psoc creator/3.0/psoc creator/import/gnu_cs/arm/4.7.3/bin/../lib/gcc/arm-none-eabi/4.7.3/armv7-m/crti.o
 .ARM.attributes
                0x0000001d       0x2d c:/program files (x86)/cypress/psoc creator/3.0/psoc creator/import/gnu_cs/arm/4.7.3/bin/../lib/gcc/arm-none-eabi/4.7.3/armv7-m/crtbegin.o
 .ARM.attributes
                0x0000004a       0x1b c:/program files (x86)/cypress/psoc creator/3.0/psoc creator/import/gnu_cs/arm/4.7.3/bin/../lib/gcc/arm-none-eabi/4.7.3/../../../../arm-none-eabi/lib/armv7-m/crt0.o
 .ARM.attributes
                0x00000065       0x33 .\CortexM3\ARM_GCC_473\Debug\main.o
 .ARM.attributes
                0x00000098       0x33 .\CortexM3\ARM_GCC_473\Debug\cymetadata.o
 .ARM.attributes
                0x000000cb       0x33 .\CortexM3\ARM_GCC_473\Debug\Cm3Start.o
 .ARM.attributes
                0x000000fe       0x33 .\CortexM3\ARM_GCC_473\Debug\UART_1.a(cyfitter_cfg.o)
 .ARM.attributes
                0x00000131       0x33 .\CortexM3\ARM_GCC_473\Debug\UART_1.a(UART_1.o)
 .ARM.attributes
                0x00000164       0x33 .\CortexM3\ARM_GCC_473\Debug\UART_1.a(UART_1_IntClock.o)
 .ARM.attributes
                0x00000197       0x21 .\CortexM3\ARM_GCC_473\Debug\UART_1.a(CyBootAsmGnu.o)
 .ARM.attributes
                0x000001b8       0x33 .\CortexM3\ARM_GCC_473\Debug\UART_1.a(CyLib.o)
 .ARM.attributes
                0x000001eb       0x33 .\CortexM3\ARM_GCC_473\Debug\UART_1.a(cyPm.o)
 .ARM.attributes
                0x0000021e       0x33 .\CortexM3\ARM_GCC_473\Debug\UART_1.a(UART_2.o)
 .ARM.attributes
                0x00000251       0x33 .\CortexM3\ARM_GCC_473\Debug\UART_1.a(UART_2_IntClock.o)
 .ARM.attributes
                0x00000284       0x33 .\CortexM3\ARM_GCC_473\Debug\UART_1.a(isr_rx1.o)
 .ARM.attributes
                0x000002b7       0x33 .\CortexM3\ARM_GCC_473\Debug\UART_1.a(CyFlash.o)
 .ARM.attributes
                0x000002ea       0x33 .\CortexM3\ARM_GCC_473\Debug\UART_1.a(CySpc.o)
 .ARM.attributes
                0x0000031d       0x2d c:/program files (x86)/cypress/psoc creator/3.0/psoc creator/import/gnu_cs/arm/4.7.3/bin/../lib/gcc/arm-none-eabi/4.7.3/../../../../arm-none-eabi/lib/armv7-m\libc_s.a(lib_a-__atexit2.o)
 .ARM.attributes
                0x0000034a       0x2d c:/program files (x86)/cypress/psoc creator/3.0/psoc creator/import/gnu_cs/arm/4.7.3/bin/../lib/gcc/arm-none-eabi/4.7.3/../../../../arm-none-eabi/lib/armv7-m\libc_s.a(lib_a-exit.o)
 .ARM.attributes
                0x00000377       0x2d c:/program files (x86)/cypress/psoc creator/3.0/psoc creator/import/gnu_cs/arm/4.7.3/bin/../lib/gcc/arm-none-eabi/4.7.3/../../../../arm-none-eabi/lib/armv7-m\libc_s.a(lib_a-fini.o)
 .ARM.attributes
                0x000003a4       0x2d c:/program files (x86)/cypress/psoc creator/3.0/psoc creator/import/gnu_cs/arm/4.7.3/bin/../lib/gcc/arm-none-eabi/4.7.3/../../../../arm-none-eabi/lib/armv7-m\libc_s.a(lib_a-impure.o)
 .ARM.attributes
                0x000003d1       0x2d c:/program files (x86)/cypress/psoc creator/3.0/psoc creator/import/gnu_cs/arm/4.7.3/bin/../lib/gcc/arm-none-eabi/4.7.3/../../../../arm-none-eabi/lib/armv7-m\libc_s.a(lib_a-init.o)
 .ARM.attributes
                0x000003fe       0x2d c:/program files (x86)/cypress/psoc creator/3.0/psoc creator/import/gnu_cs/arm/4.7.3/bin/../lib/gcc/arm-none-eabi/4.7.3/../../../../arm-none-eabi/lib/armv7-m\libc_s.a(lib_a-memcpy.o)
 .ARM.attributes
                0x0000042b       0x2d c:/program files (x86)/cypress/psoc creator/3.0/psoc creator/import/gnu_cs/arm/4.7.3/bin/../lib/gcc/arm-none-eabi/4.7.3/../../../../arm-none-eabi/lib/armv7-m\libc_s.a(lib_a-memset.o)
 .ARM.attributes
                0x00000458       0x2d c:/program files (x86)/cypress/psoc creator/3.0/psoc creator/import/gnu_cs/arm/4.7.3/bin/../lib/gcc/arm-none-eabi/4.7.3/armv7-m/crtend.o
 .ARM.attributes
                0x00000485       0x1d c:/program files (x86)/cypress/psoc creator/3.0/psoc creator/import/gnu_cs/arm/4.7.3/bin/../lib/gcc/arm-none-eabi/4.7.3/armv7-m/crtn.o

/DISCARD/
 *(.note.GNU-stack)
OUTPUT(.\CortexM3\ARM_GCC_473\Debug\UART_1.elf elf32-littlearm)
