ARM GAS  C:\Users\LOCALA~1\AppData\Local\Temp\cceLFJ3a.s 			page 1


   1              		.syntax unified
   2              		.cpu cortex-m3
   3              		.fpu softvfp
   4              		.eabi_attribute 20, 1
   5              		.eabi_attribute 21, 1
   6              		.eabi_attribute 23, 3
   7              		.eabi_attribute 24, 1
   8              		.eabi_attribute 25, 1
   9              		.eabi_attribute 26, 1
  10              		.eabi_attribute 30, 6
  11              		.eabi_attribute 34, 1
  12              		.eabi_attribute 18, 4
  13              		.thumb
  14              		.file	"isr_rx1.c"
  15              		.text
  16              	.Ltext0:
  17              		.cfi_sections	.debug_frame
  18              		.section	.text.isr_rx1_Start,"ax",%progbits
  19              		.align	2
  20              		.global	isr_rx1_Start
  21              		.thumb
  22              		.thumb_func
  23              		.type	isr_rx1_Start, %function
  24              	isr_rx1_Start:
  25              	.LFB0:
  26              		.file 1 "Generated_Source\\PSoC5\\isr_rx1.c"
   1:Generated_Source\PSoC5/isr_rx1.c **** /*******************************************************************************
   2:Generated_Source\PSoC5/isr_rx1.c **** * File Name: isr_rx1.c  
   3:Generated_Source\PSoC5/isr_rx1.c **** * Version 1.70
   4:Generated_Source\PSoC5/isr_rx1.c **** *
   5:Generated_Source\PSoC5/isr_rx1.c **** *  Description:
   6:Generated_Source\PSoC5/isr_rx1.c **** *   API for controlling the state of an interrupt.
   7:Generated_Source\PSoC5/isr_rx1.c **** *
   8:Generated_Source\PSoC5/isr_rx1.c **** *
   9:Generated_Source\PSoC5/isr_rx1.c **** *  Note:
  10:Generated_Source\PSoC5/isr_rx1.c **** *
  11:Generated_Source\PSoC5/isr_rx1.c **** ********************************************************************************
  12:Generated_Source\PSoC5/isr_rx1.c **** * Copyright 2008-2015, Cypress Semiconductor Corporation.  All rights reserved.
  13:Generated_Source\PSoC5/isr_rx1.c **** * You may use this file only in accordance with the license, terms, conditions, 
  14:Generated_Source\PSoC5/isr_rx1.c **** * disclaimers, and limitations in the end user license agreement accompanying 
  15:Generated_Source\PSoC5/isr_rx1.c **** * the software package with which this file was provided.
  16:Generated_Source\PSoC5/isr_rx1.c **** *******************************************************************************/
  17:Generated_Source\PSoC5/isr_rx1.c **** 
  18:Generated_Source\PSoC5/isr_rx1.c **** 
  19:Generated_Source\PSoC5/isr_rx1.c **** #include <cydevice_trm.h>
  20:Generated_Source\PSoC5/isr_rx1.c **** #include <CyLib.h>
  21:Generated_Source\PSoC5/isr_rx1.c **** #include <isr_rx1.h>
  22:Generated_Source\PSoC5/isr_rx1.c **** 
  23:Generated_Source\PSoC5/isr_rx1.c **** 
  24:Generated_Source\PSoC5/isr_rx1.c **** #if !defined(isr_rx1__REMOVED) /* Check for removal by optimization */
  25:Generated_Source\PSoC5/isr_rx1.c **** 
  26:Generated_Source\PSoC5/isr_rx1.c **** /*******************************************************************************
  27:Generated_Source\PSoC5/isr_rx1.c **** *  Place your includes, defines and code here 
  28:Generated_Source\PSoC5/isr_rx1.c **** ********************************************************************************/
  29:Generated_Source\PSoC5/isr_rx1.c **** /* `#START isr_rx1_intc` */
  30:Generated_Source\PSoC5/isr_rx1.c **** 
  31:Generated_Source\PSoC5/isr_rx1.c **** /* `#END` */
ARM GAS  C:\Users\LOCALA~1\AppData\Local\Temp\cceLFJ3a.s 			page 2


  32:Generated_Source\PSoC5/isr_rx1.c **** 
  33:Generated_Source\PSoC5/isr_rx1.c **** #ifndef CYINT_IRQ_BASE
  34:Generated_Source\PSoC5/isr_rx1.c **** #define CYINT_IRQ_BASE      16
  35:Generated_Source\PSoC5/isr_rx1.c **** #endif /* CYINT_IRQ_BASE */
  36:Generated_Source\PSoC5/isr_rx1.c **** #ifndef CYINT_VECT_TABLE
  37:Generated_Source\PSoC5/isr_rx1.c **** #define CYINT_VECT_TABLE    ((cyisraddress **) CYREG_NVIC_VECT_OFFSET)
  38:Generated_Source\PSoC5/isr_rx1.c **** #endif /* CYINT_VECT_TABLE */
  39:Generated_Source\PSoC5/isr_rx1.c **** 
  40:Generated_Source\PSoC5/isr_rx1.c **** /* Declared in startup, used to set unused interrupts to. */
  41:Generated_Source\PSoC5/isr_rx1.c **** CY_ISR_PROTO(IntDefaultHandler);
  42:Generated_Source\PSoC5/isr_rx1.c **** 
  43:Generated_Source\PSoC5/isr_rx1.c **** 
  44:Generated_Source\PSoC5/isr_rx1.c **** /*******************************************************************************
  45:Generated_Source\PSoC5/isr_rx1.c **** * Function Name: isr_rx1_Start
  46:Generated_Source\PSoC5/isr_rx1.c **** ********************************************************************************
  47:Generated_Source\PSoC5/isr_rx1.c **** *
  48:Generated_Source\PSoC5/isr_rx1.c **** * Summary:
  49:Generated_Source\PSoC5/isr_rx1.c **** *  Set up the interrupt and enable it. This function disables the interrupt, 
  50:Generated_Source\PSoC5/isr_rx1.c **** *  sets the default interrupt vector, sets the priority from the value in the
  51:Generated_Source\PSoC5/isr_rx1.c **** *  Design Wide Resources Interrupt Editor, then enables the interrupt to the 
  52:Generated_Source\PSoC5/isr_rx1.c **** *  interrupt controller.
  53:Generated_Source\PSoC5/isr_rx1.c **** *
  54:Generated_Source\PSoC5/isr_rx1.c **** * Parameters:  
  55:Generated_Source\PSoC5/isr_rx1.c **** *   None
  56:Generated_Source\PSoC5/isr_rx1.c **** *
  57:Generated_Source\PSoC5/isr_rx1.c **** * Return:
  58:Generated_Source\PSoC5/isr_rx1.c **** *   None
  59:Generated_Source\PSoC5/isr_rx1.c **** *
  60:Generated_Source\PSoC5/isr_rx1.c **** *******************************************************************************/
  61:Generated_Source\PSoC5/isr_rx1.c **** void isr_rx1_Start(void)
  62:Generated_Source\PSoC5/isr_rx1.c **** {
  27              		.loc 1 62 0
  28              		.cfi_startproc
  29              		@ args = 0, pretend = 0, frame = 0
  30              		@ frame_needed = 1, uses_anonymous_args = 0
  31 0000 80B5     		push	{r7, lr}
  32              		.cfi_def_cfa_offset 8
  33              		.cfi_offset 7, -8
  34              		.cfi_offset 14, -4
  35 0002 00AF     		add	r7, sp, #0
  36              		.cfi_def_cfa_register 7
  63:Generated_Source\PSoC5/isr_rx1.c ****     /* For all we know the interrupt is active. */
  64:Generated_Source\PSoC5/isr_rx1.c ****     isr_rx1_Disable();
  37              		.loc 1 64 0
  38 0004 FFF7FEFF 		bl	isr_rx1_Disable
  65:Generated_Source\PSoC5/isr_rx1.c **** 
  66:Generated_Source\PSoC5/isr_rx1.c ****     /* Set the ISR to point to the isr_rx1 Interrupt. */
  67:Generated_Source\PSoC5/isr_rx1.c ****     isr_rx1_SetVector(&isr_rx1_Interrupt);
  39              		.loc 1 67 0
  40 0008 0448     		ldr	r0, .L2
  41 000a FFF7FEFF 		bl	isr_rx1_SetVector
  68:Generated_Source\PSoC5/isr_rx1.c **** 
  69:Generated_Source\PSoC5/isr_rx1.c ****     /* Set the priority. */
  70:Generated_Source\PSoC5/isr_rx1.c ****     isr_rx1_SetPriority((uint8)isr_rx1_INTC_PRIOR_NUMBER);
  42              		.loc 1 70 0
  43 000e 0720     		movs	r0, #7
  44 0010 FFF7FEFF 		bl	isr_rx1_SetPriority
ARM GAS  C:\Users\LOCALA~1\AppData\Local\Temp\cceLFJ3a.s 			page 3


  71:Generated_Source\PSoC5/isr_rx1.c **** 
  72:Generated_Source\PSoC5/isr_rx1.c ****     /* Enable it. */
  73:Generated_Source\PSoC5/isr_rx1.c ****     isr_rx1_Enable();
  45              		.loc 1 73 0
  46 0014 FFF7FEFF 		bl	isr_rx1_Enable
  74:Generated_Source\PSoC5/isr_rx1.c **** }
  47              		.loc 1 74 0
  48 0018 80BD     		pop	{r7, pc}
  49              	.L3:
  50 001a 00BF     		.align	2
  51              	.L2:
  52 001c 00000000 		.word	isr_rx1_Interrupt
  53              		.cfi_endproc
  54              	.LFE0:
  55              		.size	isr_rx1_Start, .-isr_rx1_Start
  56              		.section	.text.isr_rx1_StartEx,"ax",%progbits
  57              		.align	2
  58              		.global	isr_rx1_StartEx
  59              		.thumb
  60              		.thumb_func
  61              		.type	isr_rx1_StartEx, %function
  62              	isr_rx1_StartEx:
  63              	.LFB1:
  75:Generated_Source\PSoC5/isr_rx1.c **** 
  76:Generated_Source\PSoC5/isr_rx1.c **** 
  77:Generated_Source\PSoC5/isr_rx1.c **** /*******************************************************************************
  78:Generated_Source\PSoC5/isr_rx1.c **** * Function Name: isr_rx1_StartEx
  79:Generated_Source\PSoC5/isr_rx1.c **** ********************************************************************************
  80:Generated_Source\PSoC5/isr_rx1.c **** *
  81:Generated_Source\PSoC5/isr_rx1.c **** * Summary:
  82:Generated_Source\PSoC5/isr_rx1.c **** *  Sets up the interrupt and enables it. This function disables the interrupt,
  83:Generated_Source\PSoC5/isr_rx1.c **** *  sets the interrupt vector based on the address passed in, sets the priority 
  84:Generated_Source\PSoC5/isr_rx1.c **** *  from the value in the Design Wide Resources Interrupt Editor, then enables 
  85:Generated_Source\PSoC5/isr_rx1.c **** *  the interrupt to the interrupt controller.
  86:Generated_Source\PSoC5/isr_rx1.c **** *  
  87:Generated_Source\PSoC5/isr_rx1.c **** *  When defining ISR functions, the CY_ISR and CY_ISR_PROTO macros should be 
  88:Generated_Source\PSoC5/isr_rx1.c **** *  used to provide consistent definition across compilers:
  89:Generated_Source\PSoC5/isr_rx1.c **** *  
  90:Generated_Source\PSoC5/isr_rx1.c **** *  Function definition example:
  91:Generated_Source\PSoC5/isr_rx1.c **** *   CY_ISR(MyISR)
  92:Generated_Source\PSoC5/isr_rx1.c **** *   {
  93:Generated_Source\PSoC5/isr_rx1.c **** *   }
  94:Generated_Source\PSoC5/isr_rx1.c **** *   Function prototype example:
  95:Generated_Source\PSoC5/isr_rx1.c **** *   CY_ISR_PROTO(MyISR);
  96:Generated_Source\PSoC5/isr_rx1.c **** *
  97:Generated_Source\PSoC5/isr_rx1.c **** * Parameters:  
  98:Generated_Source\PSoC5/isr_rx1.c **** *   address: Address of the ISR to set in the interrupt vector table.
  99:Generated_Source\PSoC5/isr_rx1.c **** *
 100:Generated_Source\PSoC5/isr_rx1.c **** * Return:
 101:Generated_Source\PSoC5/isr_rx1.c **** *   None
 102:Generated_Source\PSoC5/isr_rx1.c **** *
 103:Generated_Source\PSoC5/isr_rx1.c **** *******************************************************************************/
 104:Generated_Source\PSoC5/isr_rx1.c **** void isr_rx1_StartEx(cyisraddress address)
 105:Generated_Source\PSoC5/isr_rx1.c **** {
  64              		.loc 1 105 0
  65              		.cfi_startproc
  66              		@ args = 0, pretend = 0, frame = 8
ARM GAS  C:\Users\LOCALA~1\AppData\Local\Temp\cceLFJ3a.s 			page 4


  67              		@ frame_needed = 1, uses_anonymous_args = 0
  68 0000 80B5     		push	{r7, lr}
  69              		.cfi_def_cfa_offset 8
  70              		.cfi_offset 7, -8
  71              		.cfi_offset 14, -4
  72 0002 82B0     		sub	sp, sp, #8
  73              		.cfi_def_cfa_offset 16
  74 0004 00AF     		add	r7, sp, #0
  75              		.cfi_def_cfa_register 7
  76 0006 7860     		str	r0, [r7, #4]
 106:Generated_Source\PSoC5/isr_rx1.c ****     /* For all we know the interrupt is active. */
 107:Generated_Source\PSoC5/isr_rx1.c ****     isr_rx1_Disable();
  77              		.loc 1 107 0
  78 0008 FFF7FEFF 		bl	isr_rx1_Disable
 108:Generated_Source\PSoC5/isr_rx1.c **** 
 109:Generated_Source\PSoC5/isr_rx1.c ****     /* Set the ISR to point to the isr_rx1 Interrupt. */
 110:Generated_Source\PSoC5/isr_rx1.c ****     isr_rx1_SetVector(address);
  79              		.loc 1 110 0
  80 000c 7868     		ldr	r0, [r7, #4]
  81 000e FFF7FEFF 		bl	isr_rx1_SetVector
 111:Generated_Source\PSoC5/isr_rx1.c **** 
 112:Generated_Source\PSoC5/isr_rx1.c ****     /* Set the priority. */
 113:Generated_Source\PSoC5/isr_rx1.c ****     isr_rx1_SetPriority((uint8)isr_rx1_INTC_PRIOR_NUMBER);
  82              		.loc 1 113 0
  83 0012 0720     		movs	r0, #7
  84 0014 FFF7FEFF 		bl	isr_rx1_SetPriority
 114:Generated_Source\PSoC5/isr_rx1.c **** 
 115:Generated_Source\PSoC5/isr_rx1.c ****     /* Enable it. */
 116:Generated_Source\PSoC5/isr_rx1.c ****     isr_rx1_Enable();
  85              		.loc 1 116 0
  86 0018 FFF7FEFF 		bl	isr_rx1_Enable
 117:Generated_Source\PSoC5/isr_rx1.c **** }
  87              		.loc 1 117 0
  88 001c 0837     		adds	r7, r7, #8
  89              		.cfi_def_cfa_offset 8
  90 001e BD46     		mov	sp, r7
  91              		.cfi_def_cfa_register 13
  92              		@ sp needed
  93 0020 80BD     		pop	{r7, pc}
  94              		.cfi_endproc
  95              	.LFE1:
  96              		.size	isr_rx1_StartEx, .-isr_rx1_StartEx
  97 0022 00BF     		.section	.text.isr_rx1_Stop,"ax",%progbits
  98              		.align	2
  99              		.global	isr_rx1_Stop
 100              		.thumb
 101              		.thumb_func
 102              		.type	isr_rx1_Stop, %function
 103              	isr_rx1_Stop:
 104              	.LFB2:
 118:Generated_Source\PSoC5/isr_rx1.c **** 
 119:Generated_Source\PSoC5/isr_rx1.c **** 
 120:Generated_Source\PSoC5/isr_rx1.c **** /*******************************************************************************
 121:Generated_Source\PSoC5/isr_rx1.c **** * Function Name: isr_rx1_Stop
 122:Generated_Source\PSoC5/isr_rx1.c **** ********************************************************************************
 123:Generated_Source\PSoC5/isr_rx1.c **** *
 124:Generated_Source\PSoC5/isr_rx1.c **** * Summary:
ARM GAS  C:\Users\LOCALA~1\AppData\Local\Temp\cceLFJ3a.s 			page 5


 125:Generated_Source\PSoC5/isr_rx1.c **** *   Disables and removes the interrupt.
 126:Generated_Source\PSoC5/isr_rx1.c **** *
 127:Generated_Source\PSoC5/isr_rx1.c **** * Parameters:  
 128:Generated_Source\PSoC5/isr_rx1.c **** *   None
 129:Generated_Source\PSoC5/isr_rx1.c **** *
 130:Generated_Source\PSoC5/isr_rx1.c **** * Return:
 131:Generated_Source\PSoC5/isr_rx1.c **** *   None
 132:Generated_Source\PSoC5/isr_rx1.c **** *
 133:Generated_Source\PSoC5/isr_rx1.c **** *******************************************************************************/
 134:Generated_Source\PSoC5/isr_rx1.c **** void isr_rx1_Stop(void)
 135:Generated_Source\PSoC5/isr_rx1.c **** {
 105              		.loc 1 135 0
 106              		.cfi_startproc
 107              		@ args = 0, pretend = 0, frame = 0
 108              		@ frame_needed = 1, uses_anonymous_args = 0
 109 0000 80B5     		push	{r7, lr}
 110              		.cfi_def_cfa_offset 8
 111              		.cfi_offset 7, -8
 112              		.cfi_offset 14, -4
 113 0002 00AF     		add	r7, sp, #0
 114              		.cfi_def_cfa_register 7
 136:Generated_Source\PSoC5/isr_rx1.c ****     /* Disable this interrupt. */
 137:Generated_Source\PSoC5/isr_rx1.c ****     isr_rx1_Disable();
 115              		.loc 1 137 0
 116 0004 FFF7FEFF 		bl	isr_rx1_Disable
 138:Generated_Source\PSoC5/isr_rx1.c **** 
 139:Generated_Source\PSoC5/isr_rx1.c ****     /* Set the ISR to point to the passive one. */
 140:Generated_Source\PSoC5/isr_rx1.c ****     isr_rx1_SetVector(&IntDefaultHandler);
 117              		.loc 1 140 0
 118 0008 0148     		ldr	r0, .L6
 119 000a FFF7FEFF 		bl	isr_rx1_SetVector
 141:Generated_Source\PSoC5/isr_rx1.c **** }
 120              		.loc 1 141 0
 121 000e 80BD     		pop	{r7, pc}
 122              	.L7:
 123              		.align	2
 124              	.L6:
 125 0010 00000000 		.word	IntDefaultHandler
 126              		.cfi_endproc
 127              	.LFE2:
 128              		.size	isr_rx1_Stop, .-isr_rx1_Stop
 129              		.section	.text.isr_rx1_Interrupt,"ax",%progbits
 130              		.align	2
 131              		.global	isr_rx1_Interrupt
 132              		.thumb
 133              		.thumb_func
 134              		.type	isr_rx1_Interrupt, %function
 135              	isr_rx1_Interrupt:
 136              	.LFB3:
 142:Generated_Source\PSoC5/isr_rx1.c **** 
 143:Generated_Source\PSoC5/isr_rx1.c **** 
 144:Generated_Source\PSoC5/isr_rx1.c **** /*******************************************************************************
 145:Generated_Source\PSoC5/isr_rx1.c **** * Function Name: isr_rx1_Interrupt
 146:Generated_Source\PSoC5/isr_rx1.c **** ********************************************************************************
 147:Generated_Source\PSoC5/isr_rx1.c **** *
 148:Generated_Source\PSoC5/isr_rx1.c **** * Summary:
 149:Generated_Source\PSoC5/isr_rx1.c **** *   The default Interrupt Service Routine for isr_rx1.
ARM GAS  C:\Users\LOCALA~1\AppData\Local\Temp\cceLFJ3a.s 			page 6


 150:Generated_Source\PSoC5/isr_rx1.c **** *
 151:Generated_Source\PSoC5/isr_rx1.c **** *   Add custom code between the coments to keep the next version of this file
 152:Generated_Source\PSoC5/isr_rx1.c **** *   from over writting your code.
 153:Generated_Source\PSoC5/isr_rx1.c **** *
 154:Generated_Source\PSoC5/isr_rx1.c **** * Parameters:  
 155:Generated_Source\PSoC5/isr_rx1.c **** *
 156:Generated_Source\PSoC5/isr_rx1.c **** * Return:
 157:Generated_Source\PSoC5/isr_rx1.c **** *   None
 158:Generated_Source\PSoC5/isr_rx1.c **** *
 159:Generated_Source\PSoC5/isr_rx1.c **** *******************************************************************************/
 160:Generated_Source\PSoC5/isr_rx1.c **** CY_ISR(isr_rx1_Interrupt)
 161:Generated_Source\PSoC5/isr_rx1.c **** {
 137              		.loc 1 161 0
 138              		.cfi_startproc
 139              		@ args = 0, pretend = 0, frame = 0
 140              		@ frame_needed = 1, uses_anonymous_args = 0
 141              		@ link register save eliminated.
 142 0000 80B4     		push	{r7}
 143              		.cfi_def_cfa_offset 4
 144              		.cfi_offset 7, -4
 145 0002 00AF     		add	r7, sp, #0
 146              		.cfi_def_cfa_register 7
 162:Generated_Source\PSoC5/isr_rx1.c ****     #ifdef isr_rx1_INTERRUPT_INTERRUPT_CALLBACK
 163:Generated_Source\PSoC5/isr_rx1.c ****         isr_rx1_Interrupt_InterruptCallback();
 164:Generated_Source\PSoC5/isr_rx1.c ****     #endif /* isr_rx1_INTERRUPT_INTERRUPT_CALLBACK */ 
 165:Generated_Source\PSoC5/isr_rx1.c **** 
 166:Generated_Source\PSoC5/isr_rx1.c ****     /*  Place your Interrupt code here. */
 167:Generated_Source\PSoC5/isr_rx1.c ****     /* `#START isr_rx1_Interrupt` */
 168:Generated_Source\PSoC5/isr_rx1.c **** 
 169:Generated_Source\PSoC5/isr_rx1.c ****     /* `#END` */
 170:Generated_Source\PSoC5/isr_rx1.c **** }
 147              		.loc 1 170 0
 148 0004 BD46     		mov	sp, r7
 149              		.cfi_def_cfa_register 13
 150              		@ sp needed
 151 0006 5DF8047B 		ldr	r7, [sp], #4
 152              		.cfi_restore 7
 153              		.cfi_def_cfa_offset 0
 154 000a 7047     		bx	lr
 155              		.cfi_endproc
 156              	.LFE3:
 157              		.size	isr_rx1_Interrupt, .-isr_rx1_Interrupt
 158              		.section	.text.isr_rx1_SetVector,"ax",%progbits
 159              		.align	2
 160              		.global	isr_rx1_SetVector
 161              		.thumb
 162              		.thumb_func
 163              		.type	isr_rx1_SetVector, %function
 164              	isr_rx1_SetVector:
 165              	.LFB4:
 171:Generated_Source\PSoC5/isr_rx1.c **** 
 172:Generated_Source\PSoC5/isr_rx1.c **** 
 173:Generated_Source\PSoC5/isr_rx1.c **** /*******************************************************************************
 174:Generated_Source\PSoC5/isr_rx1.c **** * Function Name: isr_rx1_SetVector
 175:Generated_Source\PSoC5/isr_rx1.c **** ********************************************************************************
 176:Generated_Source\PSoC5/isr_rx1.c **** *
 177:Generated_Source\PSoC5/isr_rx1.c **** * Summary:
ARM GAS  C:\Users\LOCALA~1\AppData\Local\Temp\cceLFJ3a.s 			page 7


 178:Generated_Source\PSoC5/isr_rx1.c **** *   Change the ISR vector for the Interrupt. Note calling isr_rx1_Start
 179:Generated_Source\PSoC5/isr_rx1.c **** *   will override any effect this method would have had. To set the vector 
 180:Generated_Source\PSoC5/isr_rx1.c **** *   before the component has been started use isr_rx1_StartEx instead.
 181:Generated_Source\PSoC5/isr_rx1.c **** * 
 182:Generated_Source\PSoC5/isr_rx1.c **** *   When defining ISR functions, the CY_ISR and CY_ISR_PROTO macros should be 
 183:Generated_Source\PSoC5/isr_rx1.c **** *   used to provide consistent definition across compilers:
 184:Generated_Source\PSoC5/isr_rx1.c **** *
 185:Generated_Source\PSoC5/isr_rx1.c **** *   Function definition example:
 186:Generated_Source\PSoC5/isr_rx1.c **** *   CY_ISR(MyISR)
 187:Generated_Source\PSoC5/isr_rx1.c **** *   {
 188:Generated_Source\PSoC5/isr_rx1.c **** *   }
 189:Generated_Source\PSoC5/isr_rx1.c **** *
 190:Generated_Source\PSoC5/isr_rx1.c **** *   Function prototype example:
 191:Generated_Source\PSoC5/isr_rx1.c **** *     CY_ISR_PROTO(MyISR);
 192:Generated_Source\PSoC5/isr_rx1.c **** *
 193:Generated_Source\PSoC5/isr_rx1.c **** * Parameters:
 194:Generated_Source\PSoC5/isr_rx1.c **** *   address: Address of the ISR to set in the interrupt vector table.
 195:Generated_Source\PSoC5/isr_rx1.c **** *
 196:Generated_Source\PSoC5/isr_rx1.c **** * Return:
 197:Generated_Source\PSoC5/isr_rx1.c **** *   None
 198:Generated_Source\PSoC5/isr_rx1.c **** *
 199:Generated_Source\PSoC5/isr_rx1.c **** *******************************************************************************/
 200:Generated_Source\PSoC5/isr_rx1.c **** void isr_rx1_SetVector(cyisraddress address)
 201:Generated_Source\PSoC5/isr_rx1.c **** {
 166              		.loc 1 201 0
 167              		.cfi_startproc
 168              		@ args = 0, pretend = 0, frame = 16
 169              		@ frame_needed = 1, uses_anonymous_args = 0
 170              		@ link register save eliminated.
 171 0000 80B4     		push	{r7}
 172              		.cfi_def_cfa_offset 4
 173              		.cfi_offset 7, -4
 174 0002 85B0     		sub	sp, sp, #20
 175              		.cfi_def_cfa_offset 24
 176 0004 00AF     		add	r7, sp, #0
 177              		.cfi_def_cfa_register 7
 178 0006 7860     		str	r0, [r7, #4]
 202:Generated_Source\PSoC5/isr_rx1.c ****     cyisraddress * ramVectorTable;
 203:Generated_Source\PSoC5/isr_rx1.c **** 
 204:Generated_Source\PSoC5/isr_rx1.c ****     ramVectorTable = (cyisraddress *) *CYINT_VECT_TABLE;
 179              		.loc 1 204 0
 180 0008 054B     		ldr	r3, .L10
 181 000a 1B68     		ldr	r3, [r3]
 182 000c FB60     		str	r3, [r7, #12]
 205:Generated_Source\PSoC5/isr_rx1.c **** 
 206:Generated_Source\PSoC5/isr_rx1.c ****     ramVectorTable[CYINT_IRQ_BASE + (uint32)isr_rx1__INTC_NUMBER] = address;
 183              		.loc 1 206 0
 184 000e FB68     		ldr	r3, [r7, #12]
 185 0010 4033     		adds	r3, r3, #64
 186 0012 7A68     		ldr	r2, [r7, #4]
 187 0014 1A60     		str	r2, [r3]
 207:Generated_Source\PSoC5/isr_rx1.c **** }
 188              		.loc 1 207 0
 189 0016 1437     		adds	r7, r7, #20
 190              		.cfi_def_cfa_offset 4
 191 0018 BD46     		mov	sp, r7
 192              		.cfi_def_cfa_register 13
ARM GAS  C:\Users\LOCALA~1\AppData\Local\Temp\cceLFJ3a.s 			page 8


 193              		@ sp needed
 194 001a 5DF8047B 		ldr	r7, [sp], #4
 195              		.cfi_restore 7
 196              		.cfi_def_cfa_offset 0
 197 001e 7047     		bx	lr
 198              	.L11:
 199              		.align	2
 200              	.L10:
 201 0020 08ED00E0 		.word	-536810232
 202              		.cfi_endproc
 203              	.LFE4:
 204              		.size	isr_rx1_SetVector, .-isr_rx1_SetVector
 205              		.section	.text.isr_rx1_GetVector,"ax",%progbits
 206              		.align	2
 207              		.global	isr_rx1_GetVector
 208              		.thumb
 209              		.thumb_func
 210              		.type	isr_rx1_GetVector, %function
 211              	isr_rx1_GetVector:
 212              	.LFB5:
 208:Generated_Source\PSoC5/isr_rx1.c **** 
 209:Generated_Source\PSoC5/isr_rx1.c **** 
 210:Generated_Source\PSoC5/isr_rx1.c **** /*******************************************************************************
 211:Generated_Source\PSoC5/isr_rx1.c **** * Function Name: isr_rx1_GetVector
 212:Generated_Source\PSoC5/isr_rx1.c **** ********************************************************************************
 213:Generated_Source\PSoC5/isr_rx1.c **** *
 214:Generated_Source\PSoC5/isr_rx1.c **** * Summary:
 215:Generated_Source\PSoC5/isr_rx1.c **** *   Gets the "address" of the current ISR vector for the Interrupt.
 216:Generated_Source\PSoC5/isr_rx1.c **** *
 217:Generated_Source\PSoC5/isr_rx1.c **** * Parameters:
 218:Generated_Source\PSoC5/isr_rx1.c **** *   None
 219:Generated_Source\PSoC5/isr_rx1.c **** *
 220:Generated_Source\PSoC5/isr_rx1.c **** * Return:
 221:Generated_Source\PSoC5/isr_rx1.c **** *   Address of the ISR in the interrupt vector table.
 222:Generated_Source\PSoC5/isr_rx1.c **** *
 223:Generated_Source\PSoC5/isr_rx1.c **** *******************************************************************************/
 224:Generated_Source\PSoC5/isr_rx1.c **** cyisraddress isr_rx1_GetVector(void)
 225:Generated_Source\PSoC5/isr_rx1.c **** {
 213              		.loc 1 225 0
 214              		.cfi_startproc
 215              		@ args = 0, pretend = 0, frame = 8
 216              		@ frame_needed = 1, uses_anonymous_args = 0
 217              		@ link register save eliminated.
 218 0000 80B4     		push	{r7}
 219              		.cfi_def_cfa_offset 4
 220              		.cfi_offset 7, -4
 221 0002 83B0     		sub	sp, sp, #12
 222              		.cfi_def_cfa_offset 16
 223 0004 00AF     		add	r7, sp, #0
 224              		.cfi_def_cfa_register 7
 226:Generated_Source\PSoC5/isr_rx1.c ****     cyisraddress * ramVectorTable;
 227:Generated_Source\PSoC5/isr_rx1.c **** 
 228:Generated_Source\PSoC5/isr_rx1.c ****     ramVectorTable = (cyisraddress *) *CYINT_VECT_TABLE;
 225              		.loc 1 228 0
 226 0006 054B     		ldr	r3, .L14
 227 0008 1B68     		ldr	r3, [r3]
 228 000a 7B60     		str	r3, [r7, #4]
ARM GAS  C:\Users\LOCALA~1\AppData\Local\Temp\cceLFJ3a.s 			page 9


 229:Generated_Source\PSoC5/isr_rx1.c **** 
 230:Generated_Source\PSoC5/isr_rx1.c ****     return ramVectorTable[CYINT_IRQ_BASE + (uint32)isr_rx1__INTC_NUMBER];
 229              		.loc 1 230 0
 230 000c 7B68     		ldr	r3, [r7, #4]
 231 000e 1B6C     		ldr	r3, [r3, #64]
 231:Generated_Source\PSoC5/isr_rx1.c **** }
 232              		.loc 1 231 0
 233 0010 1846     		mov	r0, r3
 234 0012 0C37     		adds	r7, r7, #12
 235              		.cfi_def_cfa_offset 4
 236 0014 BD46     		mov	sp, r7
 237              		.cfi_def_cfa_register 13
 238              		@ sp needed
 239 0016 5DF8047B 		ldr	r7, [sp], #4
 240              		.cfi_restore 7
 241              		.cfi_def_cfa_offset 0
 242 001a 7047     		bx	lr
 243              	.L15:
 244              		.align	2
 245              	.L14:
 246 001c 08ED00E0 		.word	-536810232
 247              		.cfi_endproc
 248              	.LFE5:
 249              		.size	isr_rx1_GetVector, .-isr_rx1_GetVector
 250              		.section	.text.isr_rx1_SetPriority,"ax",%progbits
 251              		.align	2
 252              		.global	isr_rx1_SetPriority
 253              		.thumb
 254              		.thumb_func
 255              		.type	isr_rx1_SetPriority, %function
 256              	isr_rx1_SetPriority:
 257              	.LFB6:
 232:Generated_Source\PSoC5/isr_rx1.c **** 
 233:Generated_Source\PSoC5/isr_rx1.c **** 
 234:Generated_Source\PSoC5/isr_rx1.c **** /*******************************************************************************
 235:Generated_Source\PSoC5/isr_rx1.c **** * Function Name: isr_rx1_SetPriority
 236:Generated_Source\PSoC5/isr_rx1.c **** ********************************************************************************
 237:Generated_Source\PSoC5/isr_rx1.c **** *
 238:Generated_Source\PSoC5/isr_rx1.c **** * Summary:
 239:Generated_Source\PSoC5/isr_rx1.c **** *   Sets the Priority of the Interrupt. 
 240:Generated_Source\PSoC5/isr_rx1.c **** *
 241:Generated_Source\PSoC5/isr_rx1.c **** *   Note calling isr_rx1_Start or isr_rx1_StartEx will 
 242:Generated_Source\PSoC5/isr_rx1.c **** *   override any effect this API would have had. This API should only be called
 243:Generated_Source\PSoC5/isr_rx1.c **** *   after isr_rx1_Start or isr_rx1_StartEx has been called. 
 244:Generated_Source\PSoC5/isr_rx1.c **** *   To set the initial priority for the component, use the Design-Wide Resources
 245:Generated_Source\PSoC5/isr_rx1.c **** *   Interrupt Editor.
 246:Generated_Source\PSoC5/isr_rx1.c **** *
 247:Generated_Source\PSoC5/isr_rx1.c **** *   Note This API has no effect on Non-maskable interrupt NMI).
 248:Generated_Source\PSoC5/isr_rx1.c **** *
 249:Generated_Source\PSoC5/isr_rx1.c **** * Parameters:
 250:Generated_Source\PSoC5/isr_rx1.c **** *   priority: Priority of the interrupt, 0 being the highest priority
 251:Generated_Source\PSoC5/isr_rx1.c **** *             PSoC 3 and PSoC 5LP: Priority is from 0 to 7.
 252:Generated_Source\PSoC5/isr_rx1.c **** *             PSoC 4: Priority is from 0 to 3.
 253:Generated_Source\PSoC5/isr_rx1.c **** *
 254:Generated_Source\PSoC5/isr_rx1.c **** * Return:
 255:Generated_Source\PSoC5/isr_rx1.c **** *   None
 256:Generated_Source\PSoC5/isr_rx1.c **** *
ARM GAS  C:\Users\LOCALA~1\AppData\Local\Temp\cceLFJ3a.s 			page 10


 257:Generated_Source\PSoC5/isr_rx1.c **** *******************************************************************************/
 258:Generated_Source\PSoC5/isr_rx1.c **** void isr_rx1_SetPriority(uint8 priority)
 259:Generated_Source\PSoC5/isr_rx1.c **** {
 258              		.loc 1 259 0
 259              		.cfi_startproc
 260              		@ args = 0, pretend = 0, frame = 8
 261              		@ frame_needed = 1, uses_anonymous_args = 0
 262              		@ link register save eliminated.
 263 0000 80B4     		push	{r7}
 264              		.cfi_def_cfa_offset 4
 265              		.cfi_offset 7, -4
 266 0002 83B0     		sub	sp, sp, #12
 267              		.cfi_def_cfa_offset 16
 268 0004 00AF     		add	r7, sp, #0
 269              		.cfi_def_cfa_register 7
 270 0006 0346     		mov	r3, r0
 271 0008 FB71     		strb	r3, [r7, #7]
 260:Generated_Source\PSoC5/isr_rx1.c ****     *isr_rx1_INTC_PRIOR = priority << 5;
 272              		.loc 1 260 0
 273 000a 054A     		ldr	r2, .L17
 274 000c FB79     		ldrb	r3, [r7, #7]
 275 000e 5B01     		lsls	r3, r3, #5
 276 0010 DBB2     		uxtb	r3, r3
 277 0012 1370     		strb	r3, [r2]
 261:Generated_Source\PSoC5/isr_rx1.c **** }
 278              		.loc 1 261 0
 279 0014 0C37     		adds	r7, r7, #12
 280              		.cfi_def_cfa_offset 4
 281 0016 BD46     		mov	sp, r7
 282              		.cfi_def_cfa_register 13
 283              		@ sp needed
 284 0018 5DF8047B 		ldr	r7, [sp], #4
 285              		.cfi_restore 7
 286              		.cfi_def_cfa_offset 0
 287 001c 7047     		bx	lr
 288              	.L18:
 289 001e 00BF     		.align	2
 290              	.L17:
 291 0020 00E400E0 		.word	-536812544
 292              		.cfi_endproc
 293              	.LFE6:
 294              		.size	isr_rx1_SetPriority, .-isr_rx1_SetPriority
 295              		.section	.text.isr_rx1_GetPriority,"ax",%progbits
 296              		.align	2
 297              		.global	isr_rx1_GetPriority
 298              		.thumb
 299              		.thumb_func
 300              		.type	isr_rx1_GetPriority, %function
 301              	isr_rx1_GetPriority:
 302              	.LFB7:
 262:Generated_Source\PSoC5/isr_rx1.c **** 
 263:Generated_Source\PSoC5/isr_rx1.c **** 
 264:Generated_Source\PSoC5/isr_rx1.c **** /*******************************************************************************
 265:Generated_Source\PSoC5/isr_rx1.c **** * Function Name: isr_rx1_GetPriority
 266:Generated_Source\PSoC5/isr_rx1.c **** ********************************************************************************
 267:Generated_Source\PSoC5/isr_rx1.c **** *
 268:Generated_Source\PSoC5/isr_rx1.c **** * Summary:
ARM GAS  C:\Users\LOCALA~1\AppData\Local\Temp\cceLFJ3a.s 			page 11


 269:Generated_Source\PSoC5/isr_rx1.c **** *   Gets the Priority of the Interrupt.
 270:Generated_Source\PSoC5/isr_rx1.c **** *
 271:Generated_Source\PSoC5/isr_rx1.c **** * Parameters:
 272:Generated_Source\PSoC5/isr_rx1.c **** *   None
 273:Generated_Source\PSoC5/isr_rx1.c **** *
 274:Generated_Source\PSoC5/isr_rx1.c **** * Return:
 275:Generated_Source\PSoC5/isr_rx1.c **** *   Priority of the interrupt, 0 being the highest priority
 276:Generated_Source\PSoC5/isr_rx1.c **** *    PSoC 3 and PSoC 5LP: Priority is from 0 to 7.
 277:Generated_Source\PSoC5/isr_rx1.c **** *    PSoC 4: Priority is from 0 to 3.
 278:Generated_Source\PSoC5/isr_rx1.c **** *
 279:Generated_Source\PSoC5/isr_rx1.c **** *******************************************************************************/
 280:Generated_Source\PSoC5/isr_rx1.c **** uint8 isr_rx1_GetPriority(void)
 281:Generated_Source\PSoC5/isr_rx1.c **** {
 303              		.loc 1 281 0
 304              		.cfi_startproc
 305              		@ args = 0, pretend = 0, frame = 8
 306              		@ frame_needed = 1, uses_anonymous_args = 0
 307              		@ link register save eliminated.
 308 0000 80B4     		push	{r7}
 309              		.cfi_def_cfa_offset 4
 310              		.cfi_offset 7, -4
 311 0002 83B0     		sub	sp, sp, #12
 312              		.cfi_def_cfa_offset 16
 313 0004 00AF     		add	r7, sp, #0
 314              		.cfi_def_cfa_register 7
 282:Generated_Source\PSoC5/isr_rx1.c ****     uint8 priority;
 283:Generated_Source\PSoC5/isr_rx1.c **** 
 284:Generated_Source\PSoC5/isr_rx1.c **** 
 285:Generated_Source\PSoC5/isr_rx1.c ****     priority = *isr_rx1_INTC_PRIOR >> 5;
 315              		.loc 1 285 0
 316 0006 064B     		ldr	r3, .L21
 317 0008 1B78     		ldrb	r3, [r3]
 318 000a DBB2     		uxtb	r3, r3
 319 000c 5B09     		lsrs	r3, r3, #5
 320 000e FB71     		strb	r3, [r7, #7]
 286:Generated_Source\PSoC5/isr_rx1.c **** 
 287:Generated_Source\PSoC5/isr_rx1.c ****     return priority;
 321              		.loc 1 287 0
 322 0010 FB79     		ldrb	r3, [r7, #7]	@ zero_extendqisi2
 288:Generated_Source\PSoC5/isr_rx1.c **** }
 323              		.loc 1 288 0
 324 0012 1846     		mov	r0, r3
 325 0014 0C37     		adds	r7, r7, #12
 326              		.cfi_def_cfa_offset 4
 327 0016 BD46     		mov	sp, r7
 328              		.cfi_def_cfa_register 13
 329              		@ sp needed
 330 0018 5DF8047B 		ldr	r7, [sp], #4
 331              		.cfi_restore 7
 332              		.cfi_def_cfa_offset 0
 333 001c 7047     		bx	lr
 334              	.L22:
 335 001e 00BF     		.align	2
 336              	.L21:
 337 0020 00E400E0 		.word	-536812544
 338              		.cfi_endproc
 339              	.LFE7:
ARM GAS  C:\Users\LOCALA~1\AppData\Local\Temp\cceLFJ3a.s 			page 12


 340              		.size	isr_rx1_GetPriority, .-isr_rx1_GetPriority
 341              		.section	.text.isr_rx1_Enable,"ax",%progbits
 342              		.align	2
 343              		.global	isr_rx1_Enable
 344              		.thumb
 345              		.thumb_func
 346              		.type	isr_rx1_Enable, %function
 347              	isr_rx1_Enable:
 348              	.LFB8:
 289:Generated_Source\PSoC5/isr_rx1.c **** 
 290:Generated_Source\PSoC5/isr_rx1.c **** 
 291:Generated_Source\PSoC5/isr_rx1.c **** /*******************************************************************************
 292:Generated_Source\PSoC5/isr_rx1.c **** * Function Name: isr_rx1_Enable
 293:Generated_Source\PSoC5/isr_rx1.c **** ********************************************************************************
 294:Generated_Source\PSoC5/isr_rx1.c **** *
 295:Generated_Source\PSoC5/isr_rx1.c **** * Summary:
 296:Generated_Source\PSoC5/isr_rx1.c **** *   Enables the interrupt to the interrupt controller. Do not call this function
 297:Generated_Source\PSoC5/isr_rx1.c **** *   unless ISR_Start() has been called or the functionality of the ISR_Start() 
 298:Generated_Source\PSoC5/isr_rx1.c **** *   function, which sets the vector and the priority, has been called.
 299:Generated_Source\PSoC5/isr_rx1.c **** *
 300:Generated_Source\PSoC5/isr_rx1.c **** * Parameters:
 301:Generated_Source\PSoC5/isr_rx1.c **** *   None
 302:Generated_Source\PSoC5/isr_rx1.c **** *
 303:Generated_Source\PSoC5/isr_rx1.c **** * Return:
 304:Generated_Source\PSoC5/isr_rx1.c **** *   None
 305:Generated_Source\PSoC5/isr_rx1.c **** *
 306:Generated_Source\PSoC5/isr_rx1.c **** *******************************************************************************/
 307:Generated_Source\PSoC5/isr_rx1.c **** void isr_rx1_Enable(void)
 308:Generated_Source\PSoC5/isr_rx1.c **** {
 349              		.loc 1 308 0
 350              		.cfi_startproc
 351              		@ args = 0, pretend = 0, frame = 0
 352              		@ frame_needed = 1, uses_anonymous_args = 0
 353              		@ link register save eliminated.
 354 0000 80B4     		push	{r7}
 355              		.cfi_def_cfa_offset 4
 356              		.cfi_offset 7, -4
 357 0002 00AF     		add	r7, sp, #0
 358              		.cfi_def_cfa_register 7
 309:Generated_Source\PSoC5/isr_rx1.c ****     /* Enable the general interrupt. */
 310:Generated_Source\PSoC5/isr_rx1.c ****     *isr_rx1_INTC_SET_EN = isr_rx1__INTC_MASK;
 359              		.loc 1 310 0
 360 0004 034B     		ldr	r3, .L24
 361 0006 0122     		movs	r2, #1
 362 0008 1A60     		str	r2, [r3]
 311:Generated_Source\PSoC5/isr_rx1.c **** }
 363              		.loc 1 311 0
 364 000a BD46     		mov	sp, r7
 365              		.cfi_def_cfa_register 13
 366              		@ sp needed
 367 000c 5DF8047B 		ldr	r7, [sp], #4
 368              		.cfi_restore 7
 369              		.cfi_def_cfa_offset 0
 370 0010 7047     		bx	lr
 371              	.L25:
 372 0012 00BF     		.align	2
 373              	.L24:
ARM GAS  C:\Users\LOCALA~1\AppData\Local\Temp\cceLFJ3a.s 			page 13


 374 0014 00E100E0 		.word	-536813312
 375              		.cfi_endproc
 376              	.LFE8:
 377              		.size	isr_rx1_Enable, .-isr_rx1_Enable
 378              		.section	.text.isr_rx1_GetState,"ax",%progbits
 379              		.align	2
 380              		.global	isr_rx1_GetState
 381              		.thumb
 382              		.thumb_func
 383              		.type	isr_rx1_GetState, %function
 384              	isr_rx1_GetState:
 385              	.LFB9:
 312:Generated_Source\PSoC5/isr_rx1.c **** 
 313:Generated_Source\PSoC5/isr_rx1.c **** 
 314:Generated_Source\PSoC5/isr_rx1.c **** /*******************************************************************************
 315:Generated_Source\PSoC5/isr_rx1.c **** * Function Name: isr_rx1_GetState
 316:Generated_Source\PSoC5/isr_rx1.c **** ********************************************************************************
 317:Generated_Source\PSoC5/isr_rx1.c **** *
 318:Generated_Source\PSoC5/isr_rx1.c **** * Summary:
 319:Generated_Source\PSoC5/isr_rx1.c **** *   Gets the state (enabled, disabled) of the Interrupt.
 320:Generated_Source\PSoC5/isr_rx1.c **** *
 321:Generated_Source\PSoC5/isr_rx1.c **** * Parameters:
 322:Generated_Source\PSoC5/isr_rx1.c **** *   None
 323:Generated_Source\PSoC5/isr_rx1.c **** *
 324:Generated_Source\PSoC5/isr_rx1.c **** * Return:
 325:Generated_Source\PSoC5/isr_rx1.c **** *   1 if enabled, 0 if disabled.
 326:Generated_Source\PSoC5/isr_rx1.c **** *
 327:Generated_Source\PSoC5/isr_rx1.c **** *******************************************************************************/
 328:Generated_Source\PSoC5/isr_rx1.c **** uint8 isr_rx1_GetState(void)
 329:Generated_Source\PSoC5/isr_rx1.c **** {
 386              		.loc 1 329 0
 387              		.cfi_startproc
 388              		@ args = 0, pretend = 0, frame = 0
 389              		@ frame_needed = 1, uses_anonymous_args = 0
 390              		@ link register save eliminated.
 391 0000 80B4     		push	{r7}
 392              		.cfi_def_cfa_offset 4
 393              		.cfi_offset 7, -4
 394 0002 00AF     		add	r7, sp, #0
 395              		.cfi_def_cfa_register 7
 330:Generated_Source\PSoC5/isr_rx1.c ****     /* Get the state of the general interrupt. */
 331:Generated_Source\PSoC5/isr_rx1.c ****     return ((*isr_rx1_INTC_SET_EN & (uint32)isr_rx1__INTC_MASK) != 0u) ? 1u:0u;
 396              		.loc 1 331 0
 397 0004 054B     		ldr	r3, .L28
 398 0006 1B68     		ldr	r3, [r3]
 399 0008 DBB2     		uxtb	r3, r3
 400 000a 03F00103 		and	r3, r3, #1
 401 000e DBB2     		uxtb	r3, r3
 332:Generated_Source\PSoC5/isr_rx1.c **** }
 402              		.loc 1 332 0
 403 0010 1846     		mov	r0, r3
 404 0012 BD46     		mov	sp, r7
 405              		.cfi_def_cfa_register 13
 406              		@ sp needed
 407 0014 5DF8047B 		ldr	r7, [sp], #4
 408              		.cfi_restore 7
 409              		.cfi_def_cfa_offset 0
ARM GAS  C:\Users\LOCALA~1\AppData\Local\Temp\cceLFJ3a.s 			page 14


 410 0018 7047     		bx	lr
 411              	.L29:
 412 001a 00BF     		.align	2
 413              	.L28:
 414 001c 00E100E0 		.word	-536813312
 415              		.cfi_endproc
 416              	.LFE9:
 417              		.size	isr_rx1_GetState, .-isr_rx1_GetState
 418              		.section	.text.isr_rx1_Disable,"ax",%progbits
 419              		.align	2
 420              		.global	isr_rx1_Disable
 421              		.thumb
 422              		.thumb_func
 423              		.type	isr_rx1_Disable, %function
 424              	isr_rx1_Disable:
 425              	.LFB10:
 333:Generated_Source\PSoC5/isr_rx1.c **** 
 334:Generated_Source\PSoC5/isr_rx1.c **** 
 335:Generated_Source\PSoC5/isr_rx1.c **** /*******************************************************************************
 336:Generated_Source\PSoC5/isr_rx1.c **** * Function Name: isr_rx1_Disable
 337:Generated_Source\PSoC5/isr_rx1.c **** ********************************************************************************
 338:Generated_Source\PSoC5/isr_rx1.c **** *
 339:Generated_Source\PSoC5/isr_rx1.c **** * Summary:
 340:Generated_Source\PSoC5/isr_rx1.c **** *   Disables the Interrupt in the interrupt controller.
 341:Generated_Source\PSoC5/isr_rx1.c **** *
 342:Generated_Source\PSoC5/isr_rx1.c **** * Parameters:
 343:Generated_Source\PSoC5/isr_rx1.c **** *   None
 344:Generated_Source\PSoC5/isr_rx1.c **** *
 345:Generated_Source\PSoC5/isr_rx1.c **** * Return:
 346:Generated_Source\PSoC5/isr_rx1.c **** *   None
 347:Generated_Source\PSoC5/isr_rx1.c **** *
 348:Generated_Source\PSoC5/isr_rx1.c **** *******************************************************************************/
 349:Generated_Source\PSoC5/isr_rx1.c **** void isr_rx1_Disable(void)
 350:Generated_Source\PSoC5/isr_rx1.c **** {
 426              		.loc 1 350 0
 427              		.cfi_startproc
 428              		@ args = 0, pretend = 0, frame = 0
 429              		@ frame_needed = 1, uses_anonymous_args = 0
 430              		@ link register save eliminated.
 431 0000 80B4     		push	{r7}
 432              		.cfi_def_cfa_offset 4
 433              		.cfi_offset 7, -4
 434 0002 00AF     		add	r7, sp, #0
 435              		.cfi_def_cfa_register 7
 351:Generated_Source\PSoC5/isr_rx1.c ****     /* Disable the general interrupt. */
 352:Generated_Source\PSoC5/isr_rx1.c ****     *isr_rx1_INTC_CLR_EN = isr_rx1__INTC_MASK;
 436              		.loc 1 352 0
 437 0004 034B     		ldr	r3, .L31
 438 0006 0122     		movs	r2, #1
 439 0008 1A60     		str	r2, [r3]
 353:Generated_Source\PSoC5/isr_rx1.c **** }
 440              		.loc 1 353 0
 441 000a BD46     		mov	sp, r7
 442              		.cfi_def_cfa_register 13
 443              		@ sp needed
 444 000c 5DF8047B 		ldr	r7, [sp], #4
 445              		.cfi_restore 7
ARM GAS  C:\Users\LOCALA~1\AppData\Local\Temp\cceLFJ3a.s 			page 15


 446              		.cfi_def_cfa_offset 0
 447 0010 7047     		bx	lr
 448              	.L32:
 449 0012 00BF     		.align	2
 450              	.L31:
 451 0014 80E100E0 		.word	-536813184
 452              		.cfi_endproc
 453              	.LFE10:
 454              		.size	isr_rx1_Disable, .-isr_rx1_Disable
 455              		.section	.text.isr_rx1_SetPending,"ax",%progbits
 456              		.align	2
 457              		.global	isr_rx1_SetPending
 458              		.thumb
 459              		.thumb_func
 460              		.type	isr_rx1_SetPending, %function
 461              	isr_rx1_SetPending:
 462              	.LFB11:
 354:Generated_Source\PSoC5/isr_rx1.c **** 
 355:Generated_Source\PSoC5/isr_rx1.c **** 
 356:Generated_Source\PSoC5/isr_rx1.c **** /*******************************************************************************
 357:Generated_Source\PSoC5/isr_rx1.c **** * Function Name: isr_rx1_SetPending
 358:Generated_Source\PSoC5/isr_rx1.c **** ********************************************************************************
 359:Generated_Source\PSoC5/isr_rx1.c **** *
 360:Generated_Source\PSoC5/isr_rx1.c **** * Summary:
 361:Generated_Source\PSoC5/isr_rx1.c **** *   Causes the Interrupt to enter the pending state, a software method of
 362:Generated_Source\PSoC5/isr_rx1.c **** *   generating the interrupt.
 363:Generated_Source\PSoC5/isr_rx1.c **** *
 364:Generated_Source\PSoC5/isr_rx1.c **** * Parameters:
 365:Generated_Source\PSoC5/isr_rx1.c **** *   None
 366:Generated_Source\PSoC5/isr_rx1.c **** *
 367:Generated_Source\PSoC5/isr_rx1.c **** * Return:
 368:Generated_Source\PSoC5/isr_rx1.c **** *   None
 369:Generated_Source\PSoC5/isr_rx1.c **** *
 370:Generated_Source\PSoC5/isr_rx1.c **** * Side Effects:
 371:Generated_Source\PSoC5/isr_rx1.c **** *   If interrupts are enabled and the interrupt is set up properly, the ISR is
 372:Generated_Source\PSoC5/isr_rx1.c **** *   entered (depending on the priority of this interrupt and other pending 
 373:Generated_Source\PSoC5/isr_rx1.c **** *   interrupts).
 374:Generated_Source\PSoC5/isr_rx1.c **** *
 375:Generated_Source\PSoC5/isr_rx1.c **** *******************************************************************************/
 376:Generated_Source\PSoC5/isr_rx1.c **** void isr_rx1_SetPending(void)
 377:Generated_Source\PSoC5/isr_rx1.c **** {
 463              		.loc 1 377 0
 464              		.cfi_startproc
 465              		@ args = 0, pretend = 0, frame = 0
 466              		@ frame_needed = 1, uses_anonymous_args = 0
 467              		@ link register save eliminated.
 468 0000 80B4     		push	{r7}
 469              		.cfi_def_cfa_offset 4
 470              		.cfi_offset 7, -4
 471 0002 00AF     		add	r7, sp, #0
 472              		.cfi_def_cfa_register 7
 378:Generated_Source\PSoC5/isr_rx1.c ****     *isr_rx1_INTC_SET_PD = isr_rx1__INTC_MASK;
 473              		.loc 1 378 0
 474 0004 034B     		ldr	r3, .L34
 475 0006 0122     		movs	r2, #1
 476 0008 1A60     		str	r2, [r3]
 379:Generated_Source\PSoC5/isr_rx1.c **** }
ARM GAS  C:\Users\LOCALA~1\AppData\Local\Temp\cceLFJ3a.s 			page 16


 477              		.loc 1 379 0
 478 000a BD46     		mov	sp, r7
 479              		.cfi_def_cfa_register 13
 480              		@ sp needed
 481 000c 5DF8047B 		ldr	r7, [sp], #4
 482              		.cfi_restore 7
 483              		.cfi_def_cfa_offset 0
 484 0010 7047     		bx	lr
 485              	.L35:
 486 0012 00BF     		.align	2
 487              	.L34:
 488 0014 00E200E0 		.word	-536813056
 489              		.cfi_endproc
 490              	.LFE11:
 491              		.size	isr_rx1_SetPending, .-isr_rx1_SetPending
 492              		.section	.text.isr_rx1_ClearPending,"ax",%progbits
 493              		.align	2
 494              		.global	isr_rx1_ClearPending
 495              		.thumb
 496              		.thumb_func
 497              		.type	isr_rx1_ClearPending, %function
 498              	isr_rx1_ClearPending:
 499              	.LFB12:
 380:Generated_Source\PSoC5/isr_rx1.c **** 
 381:Generated_Source\PSoC5/isr_rx1.c **** 
 382:Generated_Source\PSoC5/isr_rx1.c **** /*******************************************************************************
 383:Generated_Source\PSoC5/isr_rx1.c **** * Function Name: isr_rx1_ClearPending
 384:Generated_Source\PSoC5/isr_rx1.c **** ********************************************************************************
 385:Generated_Source\PSoC5/isr_rx1.c **** *
 386:Generated_Source\PSoC5/isr_rx1.c **** * Summary:
 387:Generated_Source\PSoC5/isr_rx1.c **** *   Clears a pending interrupt in the interrupt controller.
 388:Generated_Source\PSoC5/isr_rx1.c **** *
 389:Generated_Source\PSoC5/isr_rx1.c **** *   Note Some interrupt sources are clear-on-read and require the block 
 390:Generated_Source\PSoC5/isr_rx1.c **** *   interrupt/status register to be read/cleared with the appropriate block API 
 391:Generated_Source\PSoC5/isr_rx1.c **** *   (GPIO, UART, and so on). Otherwise the ISR will continue to remain in 
 392:Generated_Source\PSoC5/isr_rx1.c **** *   pending state even though the interrupt itself is cleared using this API.
 393:Generated_Source\PSoC5/isr_rx1.c **** *
 394:Generated_Source\PSoC5/isr_rx1.c **** * Parameters:
 395:Generated_Source\PSoC5/isr_rx1.c **** *   None
 396:Generated_Source\PSoC5/isr_rx1.c **** *
 397:Generated_Source\PSoC5/isr_rx1.c **** * Return:
 398:Generated_Source\PSoC5/isr_rx1.c **** *   None
 399:Generated_Source\PSoC5/isr_rx1.c **** *
 400:Generated_Source\PSoC5/isr_rx1.c **** *******************************************************************************/
 401:Generated_Source\PSoC5/isr_rx1.c **** void isr_rx1_ClearPending(void)
 402:Generated_Source\PSoC5/isr_rx1.c **** {
 500              		.loc 1 402 0
 501              		.cfi_startproc
 502              		@ args = 0, pretend = 0, frame = 0
 503              		@ frame_needed = 1, uses_anonymous_args = 0
 504              		@ link register save eliminated.
 505 0000 80B4     		push	{r7}
 506              		.cfi_def_cfa_offset 4
 507              		.cfi_offset 7, -4
 508 0002 00AF     		add	r7, sp, #0
 509              		.cfi_def_cfa_register 7
 403:Generated_Source\PSoC5/isr_rx1.c ****     *isr_rx1_INTC_CLR_PD = isr_rx1__INTC_MASK;
ARM GAS  C:\Users\LOCALA~1\AppData\Local\Temp\cceLFJ3a.s 			page 17


 510              		.loc 1 403 0
 511 0004 034B     		ldr	r3, .L37
 512 0006 0122     		movs	r2, #1
 513 0008 1A60     		str	r2, [r3]
 404:Generated_Source\PSoC5/isr_rx1.c **** }
 514              		.loc 1 404 0
 515 000a BD46     		mov	sp, r7
 516              		.cfi_def_cfa_register 13
 517              		@ sp needed
 518 000c 5DF8047B 		ldr	r7, [sp], #4
 519              		.cfi_restore 7
 520              		.cfi_def_cfa_offset 0
 521 0010 7047     		bx	lr
 522              	.L38:
 523 0012 00BF     		.align	2
 524              	.L37:
 525 0014 80E200E0 		.word	-536812928
 526              		.cfi_endproc
 527              	.LFE12:
 528              		.size	isr_rx1_ClearPending, .-isr_rx1_ClearPending
 529              		.text
 530              	.Letext0:
 531              		.file 2 "Generated_Source\\PSoC5/cytypes.h"
 532              		.section	.debug_info,"",%progbits
 533              	.Ldebug_info0:
 534 0000 32020000 		.4byte	0x232
 535 0004 0400     		.2byte	0x4
 536 0006 00000000 		.4byte	.Ldebug_abbrev0
 537 000a 04       		.byte	0x4
 538 000b 01       		.uleb128 0x1
 539 000c DC000000 		.4byte	.LASF33
 540 0010 01       		.byte	0x1
 541 0011 1A020000 		.4byte	.LASF34
 542 0015 64020000 		.4byte	.LASF35
 543 0019 00000000 		.4byte	.Ldebug_ranges0+0
 544 001d 00000000 		.4byte	0
 545 0021 00000000 		.4byte	.Ldebug_line0
 546 0025 02       		.uleb128 0x2
 547 0026 04       		.byte	0x4
 548 0027 05       		.byte	0x5
 549 0028 696E7400 		.ascii	"int\000"
 550 002c 03       		.uleb128 0x3
 551 002d 04       		.byte	0x4
 552 002e 07       		.byte	0x7
 553 002f 78010000 		.4byte	.LASF0
 554 0033 03       		.uleb128 0x3
 555 0034 01       		.byte	0x1
 556 0035 06       		.byte	0x6
 557 0036 44020000 		.4byte	.LASF1
 558 003a 03       		.uleb128 0x3
 559 003b 01       		.byte	0x1
 560 003c 08       		.byte	0x8
 561 003d 7B000000 		.4byte	.LASF2
 562 0041 03       		.uleb128 0x3
 563 0042 02       		.byte	0x2
 564 0043 05       		.byte	0x5
 565 0044 10020000 		.4byte	.LASF3
ARM GAS  C:\Users\LOCALA~1\AppData\Local\Temp\cceLFJ3a.s 			page 18


 566 0048 03       		.uleb128 0x3
 567 0049 02       		.byte	0x2
 568 004a 07       		.byte	0x7
 569 004b 2D000000 		.4byte	.LASF4
 570 004f 03       		.uleb128 0x3
 571 0050 04       		.byte	0x4
 572 0051 05       		.byte	0x5
 573 0052 3B020000 		.4byte	.LASF5
 574 0056 03       		.uleb128 0x3
 575 0057 04       		.byte	0x4
 576 0058 07       		.byte	0x7
 577 0059 9B000000 		.4byte	.LASF6
 578 005d 03       		.uleb128 0x3
 579 005e 08       		.byte	0x8
 580 005f 05       		.byte	0x5
 581 0060 DD010000 		.4byte	.LASF7
 582 0064 03       		.uleb128 0x3
 583 0065 08       		.byte	0x8
 584 0066 07       		.byte	0x7
 585 0067 8D010000 		.4byte	.LASF8
 586 006b 03       		.uleb128 0x3
 587 006c 04       		.byte	0x4
 588 006d 07       		.byte	0x7
 589 006e C4010000 		.4byte	.LASF9
 590 0072 04       		.uleb128 0x4
 591 0073 04       		.byte	0x4
 592 0074 78000000 		.4byte	0x78
 593 0078 05       		.uleb128 0x5
 594 0079 03       		.uleb128 0x3
 595 007a 01       		.byte	0x1
 596 007b 08       		.byte	0x8
 597 007c EB010000 		.4byte	.LASF10
 598 0080 06       		.uleb128 0x6
 599 0081 AD000000 		.4byte	.LASF11
 600 0085 02       		.byte	0x2
 601 0086 5B       		.byte	0x5b
 602 0087 3A000000 		.4byte	0x3a
 603 008b 06       		.uleb128 0x6
 604 008c 71010000 		.4byte	.LASF12
 605 0090 02       		.byte	0x2
 606 0091 5D       		.byte	0x5d
 607 0092 56000000 		.4byte	0x56
 608 0096 03       		.uleb128 0x3
 609 0097 04       		.byte	0x4
 610 0098 04       		.byte	0x4
 611 0099 66000000 		.4byte	.LASF13
 612 009d 03       		.uleb128 0x3
 613 009e 08       		.byte	0x8
 614 009f 04       		.byte	0x4
 615 00a0 6A010000 		.4byte	.LASF14
 616 00a4 06       		.uleb128 0x6
 617 00a5 96000000 		.4byte	.LASF15
 618 00a9 02       		.byte	0x2
 619 00aa F0       		.byte	0xf0
 620 00ab AF000000 		.4byte	0xaf
 621 00af 07       		.uleb128 0x7
 622 00b0 80000000 		.4byte	0x80
ARM GAS  C:\Users\LOCALA~1\AppData\Local\Temp\cceLFJ3a.s 			page 19


 623 00b4 06       		.uleb128 0x6
 624 00b5 00000000 		.4byte	.LASF16
 625 00b9 02       		.byte	0x2
 626 00ba F2       		.byte	0xf2
 627 00bb BF000000 		.4byte	0xbf
 628 00bf 07       		.uleb128 0x7
 629 00c0 8B000000 		.4byte	0x8b
 630 00c4 08       		.uleb128 0x8
 631 00c5 B7010000 		.4byte	.LASF17
 632 00c9 02       		.byte	0x2
 633 00ca 0201     		.2byte	0x102
 634 00cc 72000000 		.4byte	0x72
 635 00d0 09       		.uleb128 0x9
 636 00d1 B3000000 		.4byte	.LASF18
 637 00d5 01       		.byte	0x1
 638 00d6 3D       		.byte	0x3d
 639 00d7 00000000 		.4byte	.LFB0
 640 00db 20000000 		.4byte	.LFE0-.LFB0
 641 00df 01       		.uleb128 0x1
 642 00e0 9C       		.byte	0x9c
 643 00e1 0A       		.uleb128 0xa
 644 00e2 CD010000 		.4byte	.LASF21
 645 00e6 01       		.byte	0x1
 646 00e7 68       		.byte	0x68
 647 00e8 00000000 		.4byte	.LFB1
 648 00ec 22000000 		.4byte	.LFE1-.LFB1
 649 00f0 01       		.uleb128 0x1
 650 00f1 9C       		.byte	0x9c
 651 00f2 05010000 		.4byte	0x105
 652 00f6 0B       		.uleb128 0xb
 653 00f7 85010000 		.4byte	.LASF23
 654 00fb 01       		.byte	0x1
 655 00fc 68       		.byte	0x68
 656 00fd C4000000 		.4byte	0xc4
 657 0101 02       		.uleb128 0x2
 658 0102 91       		.byte	0x91
 659 0103 74       		.sleb128 -12
 660 0104 00       		.byte	0
 661 0105 09       		.uleb128 0x9
 662 0106 89000000 		.4byte	.LASF19
 663 010a 01       		.byte	0x1
 664 010b 86       		.byte	0x86
 665 010c 00000000 		.4byte	.LFB2
 666 0110 14000000 		.4byte	.LFE2-.LFB2
 667 0114 01       		.uleb128 0x1
 668 0115 9C       		.byte	0x9c
 669 0116 0C       		.uleb128 0xc
 670 0117 54000000 		.4byte	.LASF20
 671 011b 01       		.byte	0x1
 672 011c A0       		.byte	0xa0
 673 011d 00000000 		.4byte	.LFB3
 674 0121 0C000000 		.4byte	.LFE3-.LFB3
 675 0125 01       		.uleb128 0x1
 676 0126 9C       		.byte	0x9c
 677 0127 0D       		.uleb128 0xd
 678 0128 06000000 		.4byte	.LASF22
 679 012c 01       		.byte	0x1
ARM GAS  C:\Users\LOCALA~1\AppData\Local\Temp\cceLFJ3a.s 			page 20


 680 012d C8       		.byte	0xc8
 681 012e 00000000 		.4byte	.LFB4
 682 0132 24000000 		.4byte	.LFE4-.LFB4
 683 0136 01       		.uleb128 0x1
 684 0137 9C       		.byte	0x9c
 685 0138 59010000 		.4byte	0x159
 686 013c 0B       		.uleb128 0xb
 687 013d 85010000 		.4byte	.LASF23
 688 0141 01       		.byte	0x1
 689 0142 C8       		.byte	0xc8
 690 0143 C4000000 		.4byte	0xc4
 691 0147 02       		.uleb128 0x2
 692 0148 91       		.byte	0x91
 693 0149 6C       		.sleb128 -20
 694 014a 0E       		.uleb128 0xe
 695 014b F0010000 		.4byte	.LASF24
 696 014f 01       		.byte	0x1
 697 0150 CA       		.byte	0xca
 698 0151 59010000 		.4byte	0x159
 699 0155 02       		.uleb128 0x2
 700 0156 91       		.byte	0x91
 701 0157 74       		.sleb128 -12
 702 0158 00       		.byte	0
 703 0159 04       		.uleb128 0x4
 704 015a 04       		.byte	0x4
 705 015b C4000000 		.4byte	0xc4
 706 015f 0F       		.uleb128 0xf
 707 0160 CA000000 		.4byte	.LASF27
 708 0164 01       		.byte	0x1
 709 0165 E0       		.byte	0xe0
 710 0166 C4000000 		.4byte	0xc4
 711 016a 00000000 		.4byte	.LFB5
 712 016e 20000000 		.4byte	.LFE5-.LFB5
 713 0172 01       		.uleb128 0x1
 714 0173 9C       		.byte	0x9c
 715 0174 87010000 		.4byte	0x187
 716 0178 0E       		.uleb128 0xe
 717 0179 F0010000 		.4byte	.LASF24
 718 017d 01       		.byte	0x1
 719 017e E2       		.byte	0xe2
 720 017f 59010000 		.4byte	0x159
 721 0183 02       		.uleb128 0x2
 722 0184 91       		.byte	0x91
 723 0185 74       		.sleb128 -12
 724 0186 00       		.byte	0
 725 0187 10       		.uleb128 0x10
 726 0188 40000000 		.4byte	.LASF25
 727 018c 01       		.byte	0x1
 728 018d 0201     		.2byte	0x102
 729 018f 00000000 		.4byte	.LFB6
 730 0193 24000000 		.4byte	.LFE6-.LFB6
 731 0197 01       		.uleb128 0x1
 732 0198 9C       		.byte	0x9c
 733 0199 AD010000 		.4byte	0x1ad
 734 019d 11       		.uleb128 0x11
 735 019e C1000000 		.4byte	.LASF26
 736 01a2 01       		.byte	0x1
ARM GAS  C:\Users\LOCALA~1\AppData\Local\Temp\cceLFJ3a.s 			page 21


 737 01a3 0201     		.2byte	0x102
 738 01a5 80000000 		.4byte	0x80
 739 01a9 02       		.uleb128 0x2
 740 01aa 91       		.byte	0x91
 741 01ab 77       		.sleb128 -9
 742 01ac 00       		.byte	0
 743 01ad 12       		.uleb128 0x12
 744 01ae 50020000 		.4byte	.LASF28
 745 01b2 01       		.byte	0x1
 746 01b3 1801     		.2byte	0x118
 747 01b5 80000000 		.4byte	0x80
 748 01b9 00000000 		.4byte	.LFB7
 749 01bd 24000000 		.4byte	.LFE7-.LFB7
 750 01c1 01       		.uleb128 0x1
 751 01c2 9C       		.byte	0x9c
 752 01c3 D7010000 		.4byte	0x1d7
 753 01c7 13       		.uleb128 0x13
 754 01c8 C1000000 		.4byte	.LASF26
 755 01cc 01       		.byte	0x1
 756 01cd 1A01     		.2byte	0x11a
 757 01cf 80000000 		.4byte	0x80
 758 01d3 02       		.uleb128 0x2
 759 01d4 91       		.byte	0x91
 760 01d5 77       		.sleb128 -9
 761 01d6 00       		.byte	0
 762 01d7 14       		.uleb128 0x14
 763 01d8 6C000000 		.4byte	.LASF29
 764 01dc 01       		.byte	0x1
 765 01dd 3301     		.2byte	0x133
 766 01df 00000000 		.4byte	.LFB8
 767 01e3 18000000 		.4byte	.LFE8-.LFB8
 768 01e7 01       		.uleb128 0x1
 769 01e8 9C       		.byte	0x9c
 770 01e9 15       		.uleb128 0x15
 771 01ea FF010000 		.4byte	.LASF36
 772 01ee 01       		.byte	0x1
 773 01ef 4801     		.2byte	0x148
 774 01f1 80000000 		.4byte	0x80
 775 01f5 00000000 		.4byte	.LFB9
 776 01f9 20000000 		.4byte	.LFE9-.LFB9
 777 01fd 01       		.uleb128 0x1
 778 01fe 9C       		.byte	0x9c
 779 01ff 14       		.uleb128 0x14
 780 0200 A9020000 		.4byte	.LASF30
 781 0204 01       		.byte	0x1
 782 0205 5D01     		.2byte	0x15d
 783 0207 00000000 		.4byte	.LFB10
 784 020b 18000000 		.4byte	.LFE10-.LFB10
 785 020f 01       		.uleb128 0x1
 786 0210 9C       		.byte	0x9c
 787 0211 14       		.uleb128 0x14
 788 0212 A4010000 		.4byte	.LASF31
 789 0216 01       		.byte	0x1
 790 0217 7801     		.2byte	0x178
 791 0219 00000000 		.4byte	.LFB11
 792 021d 18000000 		.4byte	.LFE11-.LFB11
 793 0221 01       		.uleb128 0x1
ARM GAS  C:\Users\LOCALA~1\AppData\Local\Temp\cceLFJ3a.s 			page 22


 794 0222 9C       		.byte	0x9c
 795 0223 14       		.uleb128 0x14
 796 0224 18000000 		.4byte	.LASF32
 797 0228 01       		.byte	0x1
 798 0229 9101     		.2byte	0x191
 799 022b 00000000 		.4byte	.LFB12
 800 022f 18000000 		.4byte	.LFE12-.LFB12
 801 0233 01       		.uleb128 0x1
 802 0234 9C       		.byte	0x9c
 803 0235 00       		.byte	0
 804              		.section	.debug_abbrev,"",%progbits
 805              	.Ldebug_abbrev0:
 806 0000 01       		.uleb128 0x1
 807 0001 11       		.uleb128 0x11
 808 0002 01       		.byte	0x1
 809 0003 25       		.uleb128 0x25
 810 0004 0E       		.uleb128 0xe
 811 0005 13       		.uleb128 0x13
 812 0006 0B       		.uleb128 0xb
 813 0007 03       		.uleb128 0x3
 814 0008 0E       		.uleb128 0xe
 815 0009 1B       		.uleb128 0x1b
 816 000a 0E       		.uleb128 0xe
 817 000b 55       		.uleb128 0x55
 818 000c 17       		.uleb128 0x17
 819 000d 11       		.uleb128 0x11
 820 000e 01       		.uleb128 0x1
 821 000f 10       		.uleb128 0x10
 822 0010 17       		.uleb128 0x17
 823 0011 00       		.byte	0
 824 0012 00       		.byte	0
 825 0013 02       		.uleb128 0x2
 826 0014 24       		.uleb128 0x24
 827 0015 00       		.byte	0
 828 0016 0B       		.uleb128 0xb
 829 0017 0B       		.uleb128 0xb
 830 0018 3E       		.uleb128 0x3e
 831 0019 0B       		.uleb128 0xb
 832 001a 03       		.uleb128 0x3
 833 001b 08       		.uleb128 0x8
 834 001c 00       		.byte	0
 835 001d 00       		.byte	0
 836 001e 03       		.uleb128 0x3
 837 001f 24       		.uleb128 0x24
 838 0020 00       		.byte	0
 839 0021 0B       		.uleb128 0xb
 840 0022 0B       		.uleb128 0xb
 841 0023 3E       		.uleb128 0x3e
 842 0024 0B       		.uleb128 0xb
 843 0025 03       		.uleb128 0x3
 844 0026 0E       		.uleb128 0xe
 845 0027 00       		.byte	0
 846 0028 00       		.byte	0
 847 0029 04       		.uleb128 0x4
 848 002a 0F       		.uleb128 0xf
 849 002b 00       		.byte	0
 850 002c 0B       		.uleb128 0xb
ARM GAS  C:\Users\LOCALA~1\AppData\Local\Temp\cceLFJ3a.s 			page 23


 851 002d 0B       		.uleb128 0xb
 852 002e 49       		.uleb128 0x49
 853 002f 13       		.uleb128 0x13
 854 0030 00       		.byte	0
 855 0031 00       		.byte	0
 856 0032 05       		.uleb128 0x5
 857 0033 15       		.uleb128 0x15
 858 0034 00       		.byte	0
 859 0035 27       		.uleb128 0x27
 860 0036 19       		.uleb128 0x19
 861 0037 00       		.byte	0
 862 0038 00       		.byte	0
 863 0039 06       		.uleb128 0x6
 864 003a 16       		.uleb128 0x16
 865 003b 00       		.byte	0
 866 003c 03       		.uleb128 0x3
 867 003d 0E       		.uleb128 0xe
 868 003e 3A       		.uleb128 0x3a
 869 003f 0B       		.uleb128 0xb
 870 0040 3B       		.uleb128 0x3b
 871 0041 0B       		.uleb128 0xb
 872 0042 49       		.uleb128 0x49
 873 0043 13       		.uleb128 0x13
 874 0044 00       		.byte	0
 875 0045 00       		.byte	0
 876 0046 07       		.uleb128 0x7
 877 0047 35       		.uleb128 0x35
 878 0048 00       		.byte	0
 879 0049 49       		.uleb128 0x49
 880 004a 13       		.uleb128 0x13
 881 004b 00       		.byte	0
 882 004c 00       		.byte	0
 883 004d 08       		.uleb128 0x8
 884 004e 16       		.uleb128 0x16
 885 004f 00       		.byte	0
 886 0050 03       		.uleb128 0x3
 887 0051 0E       		.uleb128 0xe
 888 0052 3A       		.uleb128 0x3a
 889 0053 0B       		.uleb128 0xb
 890 0054 3B       		.uleb128 0x3b
 891 0055 05       		.uleb128 0x5
 892 0056 49       		.uleb128 0x49
 893 0057 13       		.uleb128 0x13
 894 0058 00       		.byte	0
 895 0059 00       		.byte	0
 896 005a 09       		.uleb128 0x9
 897 005b 2E       		.uleb128 0x2e
 898 005c 00       		.byte	0
 899 005d 3F       		.uleb128 0x3f
 900 005e 19       		.uleb128 0x19
 901 005f 03       		.uleb128 0x3
 902 0060 0E       		.uleb128 0xe
 903 0061 3A       		.uleb128 0x3a
 904 0062 0B       		.uleb128 0xb
 905 0063 3B       		.uleb128 0x3b
 906 0064 0B       		.uleb128 0xb
 907 0065 27       		.uleb128 0x27
ARM GAS  C:\Users\LOCALA~1\AppData\Local\Temp\cceLFJ3a.s 			page 24


 908 0066 19       		.uleb128 0x19
 909 0067 11       		.uleb128 0x11
 910 0068 01       		.uleb128 0x1
 911 0069 12       		.uleb128 0x12
 912 006a 06       		.uleb128 0x6
 913 006b 40       		.uleb128 0x40
 914 006c 18       		.uleb128 0x18
 915 006d 9642     		.uleb128 0x2116
 916 006f 19       		.uleb128 0x19
 917 0070 00       		.byte	0
 918 0071 00       		.byte	0
 919 0072 0A       		.uleb128 0xa
 920 0073 2E       		.uleb128 0x2e
 921 0074 01       		.byte	0x1
 922 0075 3F       		.uleb128 0x3f
 923 0076 19       		.uleb128 0x19
 924 0077 03       		.uleb128 0x3
 925 0078 0E       		.uleb128 0xe
 926 0079 3A       		.uleb128 0x3a
 927 007a 0B       		.uleb128 0xb
 928 007b 3B       		.uleb128 0x3b
 929 007c 0B       		.uleb128 0xb
 930 007d 27       		.uleb128 0x27
 931 007e 19       		.uleb128 0x19
 932 007f 11       		.uleb128 0x11
 933 0080 01       		.uleb128 0x1
 934 0081 12       		.uleb128 0x12
 935 0082 06       		.uleb128 0x6
 936 0083 40       		.uleb128 0x40
 937 0084 18       		.uleb128 0x18
 938 0085 9642     		.uleb128 0x2116
 939 0087 19       		.uleb128 0x19
 940 0088 01       		.uleb128 0x1
 941 0089 13       		.uleb128 0x13
 942 008a 00       		.byte	0
 943 008b 00       		.byte	0
 944 008c 0B       		.uleb128 0xb
 945 008d 05       		.uleb128 0x5
 946 008e 00       		.byte	0
 947 008f 03       		.uleb128 0x3
 948 0090 0E       		.uleb128 0xe
 949 0091 3A       		.uleb128 0x3a
 950 0092 0B       		.uleb128 0xb
 951 0093 3B       		.uleb128 0x3b
 952 0094 0B       		.uleb128 0xb
 953 0095 49       		.uleb128 0x49
 954 0096 13       		.uleb128 0x13
 955 0097 02       		.uleb128 0x2
 956 0098 18       		.uleb128 0x18
 957 0099 00       		.byte	0
 958 009a 00       		.byte	0
 959 009b 0C       		.uleb128 0xc
 960 009c 2E       		.uleb128 0x2e
 961 009d 00       		.byte	0
 962 009e 3F       		.uleb128 0x3f
 963 009f 19       		.uleb128 0x19
 964 00a0 03       		.uleb128 0x3
ARM GAS  C:\Users\LOCALA~1\AppData\Local\Temp\cceLFJ3a.s 			page 25


 965 00a1 0E       		.uleb128 0xe
 966 00a2 3A       		.uleb128 0x3a
 967 00a3 0B       		.uleb128 0xb
 968 00a4 3B       		.uleb128 0x3b
 969 00a5 0B       		.uleb128 0xb
 970 00a6 27       		.uleb128 0x27
 971 00a7 19       		.uleb128 0x19
 972 00a8 11       		.uleb128 0x11
 973 00a9 01       		.uleb128 0x1
 974 00aa 12       		.uleb128 0x12
 975 00ab 06       		.uleb128 0x6
 976 00ac 40       		.uleb128 0x40
 977 00ad 18       		.uleb128 0x18
 978 00ae 9742     		.uleb128 0x2117
 979 00b0 19       		.uleb128 0x19
 980 00b1 00       		.byte	0
 981 00b2 00       		.byte	0
 982 00b3 0D       		.uleb128 0xd
 983 00b4 2E       		.uleb128 0x2e
 984 00b5 01       		.byte	0x1
 985 00b6 3F       		.uleb128 0x3f
 986 00b7 19       		.uleb128 0x19
 987 00b8 03       		.uleb128 0x3
 988 00b9 0E       		.uleb128 0xe
 989 00ba 3A       		.uleb128 0x3a
 990 00bb 0B       		.uleb128 0xb
 991 00bc 3B       		.uleb128 0x3b
 992 00bd 0B       		.uleb128 0xb
 993 00be 27       		.uleb128 0x27
 994 00bf 19       		.uleb128 0x19
 995 00c0 11       		.uleb128 0x11
 996 00c1 01       		.uleb128 0x1
 997 00c2 12       		.uleb128 0x12
 998 00c3 06       		.uleb128 0x6
 999 00c4 40       		.uleb128 0x40
 1000 00c5 18       		.uleb128 0x18
 1001 00c6 9742     		.uleb128 0x2117
 1002 00c8 19       		.uleb128 0x19
 1003 00c9 01       		.uleb128 0x1
 1004 00ca 13       		.uleb128 0x13
 1005 00cb 00       		.byte	0
 1006 00cc 00       		.byte	0
 1007 00cd 0E       		.uleb128 0xe
 1008 00ce 34       		.uleb128 0x34
 1009 00cf 00       		.byte	0
 1010 00d0 03       		.uleb128 0x3
 1011 00d1 0E       		.uleb128 0xe
 1012 00d2 3A       		.uleb128 0x3a
 1013 00d3 0B       		.uleb128 0xb
 1014 00d4 3B       		.uleb128 0x3b
 1015 00d5 0B       		.uleb128 0xb
 1016 00d6 49       		.uleb128 0x49
 1017 00d7 13       		.uleb128 0x13
 1018 00d8 02       		.uleb128 0x2
 1019 00d9 18       		.uleb128 0x18
 1020 00da 00       		.byte	0
 1021 00db 00       		.byte	0
ARM GAS  C:\Users\LOCALA~1\AppData\Local\Temp\cceLFJ3a.s 			page 26


 1022 00dc 0F       		.uleb128 0xf
 1023 00dd 2E       		.uleb128 0x2e
 1024 00de 01       		.byte	0x1
 1025 00df 3F       		.uleb128 0x3f
 1026 00e0 19       		.uleb128 0x19
 1027 00e1 03       		.uleb128 0x3
 1028 00e2 0E       		.uleb128 0xe
 1029 00e3 3A       		.uleb128 0x3a
 1030 00e4 0B       		.uleb128 0xb
 1031 00e5 3B       		.uleb128 0x3b
 1032 00e6 0B       		.uleb128 0xb
 1033 00e7 27       		.uleb128 0x27
 1034 00e8 19       		.uleb128 0x19
 1035 00e9 49       		.uleb128 0x49
 1036 00ea 13       		.uleb128 0x13
 1037 00eb 11       		.uleb128 0x11
 1038 00ec 01       		.uleb128 0x1
 1039 00ed 12       		.uleb128 0x12
 1040 00ee 06       		.uleb128 0x6
 1041 00ef 40       		.uleb128 0x40
 1042 00f0 18       		.uleb128 0x18
 1043 00f1 9742     		.uleb128 0x2117
 1044 00f3 19       		.uleb128 0x19
 1045 00f4 01       		.uleb128 0x1
 1046 00f5 13       		.uleb128 0x13
 1047 00f6 00       		.byte	0
 1048 00f7 00       		.byte	0
 1049 00f8 10       		.uleb128 0x10
 1050 00f9 2E       		.uleb128 0x2e
 1051 00fa 01       		.byte	0x1
 1052 00fb 3F       		.uleb128 0x3f
 1053 00fc 19       		.uleb128 0x19
 1054 00fd 03       		.uleb128 0x3
 1055 00fe 0E       		.uleb128 0xe
 1056 00ff 3A       		.uleb128 0x3a
 1057 0100 0B       		.uleb128 0xb
 1058 0101 3B       		.uleb128 0x3b
 1059 0102 05       		.uleb128 0x5
 1060 0103 27       		.uleb128 0x27
 1061 0104 19       		.uleb128 0x19
 1062 0105 11       		.uleb128 0x11
 1063 0106 01       		.uleb128 0x1
 1064 0107 12       		.uleb128 0x12
 1065 0108 06       		.uleb128 0x6
 1066 0109 40       		.uleb128 0x40
 1067 010a 18       		.uleb128 0x18
 1068 010b 9742     		.uleb128 0x2117
 1069 010d 19       		.uleb128 0x19
 1070 010e 01       		.uleb128 0x1
 1071 010f 13       		.uleb128 0x13
 1072 0110 00       		.byte	0
 1073 0111 00       		.byte	0
 1074 0112 11       		.uleb128 0x11
 1075 0113 05       		.uleb128 0x5
 1076 0114 00       		.byte	0
 1077 0115 03       		.uleb128 0x3
 1078 0116 0E       		.uleb128 0xe
ARM GAS  C:\Users\LOCALA~1\AppData\Local\Temp\cceLFJ3a.s 			page 27


 1079 0117 3A       		.uleb128 0x3a
 1080 0118 0B       		.uleb128 0xb
 1081 0119 3B       		.uleb128 0x3b
 1082 011a 05       		.uleb128 0x5
 1083 011b 49       		.uleb128 0x49
 1084 011c 13       		.uleb128 0x13
 1085 011d 02       		.uleb128 0x2
 1086 011e 18       		.uleb128 0x18
 1087 011f 00       		.byte	0
 1088 0120 00       		.byte	0
 1089 0121 12       		.uleb128 0x12
 1090 0122 2E       		.uleb128 0x2e
 1091 0123 01       		.byte	0x1
 1092 0124 3F       		.uleb128 0x3f
 1093 0125 19       		.uleb128 0x19
 1094 0126 03       		.uleb128 0x3
 1095 0127 0E       		.uleb128 0xe
 1096 0128 3A       		.uleb128 0x3a
 1097 0129 0B       		.uleb128 0xb
 1098 012a 3B       		.uleb128 0x3b
 1099 012b 05       		.uleb128 0x5
 1100 012c 27       		.uleb128 0x27
 1101 012d 19       		.uleb128 0x19
 1102 012e 49       		.uleb128 0x49
 1103 012f 13       		.uleb128 0x13
 1104 0130 11       		.uleb128 0x11
 1105 0131 01       		.uleb128 0x1
 1106 0132 12       		.uleb128 0x12
 1107 0133 06       		.uleb128 0x6
 1108 0134 40       		.uleb128 0x40
 1109 0135 18       		.uleb128 0x18
 1110 0136 9742     		.uleb128 0x2117
 1111 0138 19       		.uleb128 0x19
 1112 0139 01       		.uleb128 0x1
 1113 013a 13       		.uleb128 0x13
 1114 013b 00       		.byte	0
 1115 013c 00       		.byte	0
 1116 013d 13       		.uleb128 0x13
 1117 013e 34       		.uleb128 0x34
 1118 013f 00       		.byte	0
 1119 0140 03       		.uleb128 0x3
 1120 0141 0E       		.uleb128 0xe
 1121 0142 3A       		.uleb128 0x3a
 1122 0143 0B       		.uleb128 0xb
 1123 0144 3B       		.uleb128 0x3b
 1124 0145 05       		.uleb128 0x5
 1125 0146 49       		.uleb128 0x49
 1126 0147 13       		.uleb128 0x13
 1127 0148 02       		.uleb128 0x2
 1128 0149 18       		.uleb128 0x18
 1129 014a 00       		.byte	0
 1130 014b 00       		.byte	0
 1131 014c 14       		.uleb128 0x14
 1132 014d 2E       		.uleb128 0x2e
 1133 014e 00       		.byte	0
 1134 014f 3F       		.uleb128 0x3f
 1135 0150 19       		.uleb128 0x19
ARM GAS  C:\Users\LOCALA~1\AppData\Local\Temp\cceLFJ3a.s 			page 28


 1136 0151 03       		.uleb128 0x3
 1137 0152 0E       		.uleb128 0xe
 1138 0153 3A       		.uleb128 0x3a
 1139 0154 0B       		.uleb128 0xb
 1140 0155 3B       		.uleb128 0x3b
 1141 0156 05       		.uleb128 0x5
 1142 0157 27       		.uleb128 0x27
 1143 0158 19       		.uleb128 0x19
 1144 0159 11       		.uleb128 0x11
 1145 015a 01       		.uleb128 0x1
 1146 015b 12       		.uleb128 0x12
 1147 015c 06       		.uleb128 0x6
 1148 015d 40       		.uleb128 0x40
 1149 015e 18       		.uleb128 0x18
 1150 015f 9742     		.uleb128 0x2117
 1151 0161 19       		.uleb128 0x19
 1152 0162 00       		.byte	0
 1153 0163 00       		.byte	0
 1154 0164 15       		.uleb128 0x15
 1155 0165 2E       		.uleb128 0x2e
 1156 0166 00       		.byte	0
 1157 0167 3F       		.uleb128 0x3f
 1158 0168 19       		.uleb128 0x19
 1159 0169 03       		.uleb128 0x3
 1160 016a 0E       		.uleb128 0xe
 1161 016b 3A       		.uleb128 0x3a
 1162 016c 0B       		.uleb128 0xb
 1163 016d 3B       		.uleb128 0x3b
 1164 016e 05       		.uleb128 0x5
 1165 016f 27       		.uleb128 0x27
 1166 0170 19       		.uleb128 0x19
 1167 0171 49       		.uleb128 0x49
 1168 0172 13       		.uleb128 0x13
 1169 0173 11       		.uleb128 0x11
 1170 0174 01       		.uleb128 0x1
 1171 0175 12       		.uleb128 0x12
 1172 0176 06       		.uleb128 0x6
 1173 0177 40       		.uleb128 0x40
 1174 0178 18       		.uleb128 0x18
 1175 0179 9742     		.uleb128 0x2117
 1176 017b 19       		.uleb128 0x19
 1177 017c 00       		.byte	0
 1178 017d 00       		.byte	0
 1179 017e 00       		.byte	0
 1180              		.section	.debug_aranges,"",%progbits
 1181 0000 7C000000 		.4byte	0x7c
 1182 0004 0200     		.2byte	0x2
 1183 0006 00000000 		.4byte	.Ldebug_info0
 1184 000a 04       		.byte	0x4
 1185 000b 00       		.byte	0
 1186 000c 0000     		.2byte	0
 1187 000e 0000     		.2byte	0
 1188 0010 00000000 		.4byte	.LFB0
 1189 0014 20000000 		.4byte	.LFE0-.LFB0
 1190 0018 00000000 		.4byte	.LFB1
 1191 001c 22000000 		.4byte	.LFE1-.LFB1
 1192 0020 00000000 		.4byte	.LFB2
ARM GAS  C:\Users\LOCALA~1\AppData\Local\Temp\cceLFJ3a.s 			page 29


 1193 0024 14000000 		.4byte	.LFE2-.LFB2
 1194 0028 00000000 		.4byte	.LFB3
 1195 002c 0C000000 		.4byte	.LFE3-.LFB3
 1196 0030 00000000 		.4byte	.LFB4
 1197 0034 24000000 		.4byte	.LFE4-.LFB4
 1198 0038 00000000 		.4byte	.LFB5
 1199 003c 20000000 		.4byte	.LFE5-.LFB5
 1200 0040 00000000 		.4byte	.LFB6
 1201 0044 24000000 		.4byte	.LFE6-.LFB6
 1202 0048 00000000 		.4byte	.LFB7
 1203 004c 24000000 		.4byte	.LFE7-.LFB7
 1204 0050 00000000 		.4byte	.LFB8
 1205 0054 18000000 		.4byte	.LFE8-.LFB8
 1206 0058 00000000 		.4byte	.LFB9
 1207 005c 20000000 		.4byte	.LFE9-.LFB9
 1208 0060 00000000 		.4byte	.LFB10
 1209 0064 18000000 		.4byte	.LFE10-.LFB10
 1210 0068 00000000 		.4byte	.LFB11
 1211 006c 18000000 		.4byte	.LFE11-.LFB11
 1212 0070 00000000 		.4byte	.LFB12
 1213 0074 18000000 		.4byte	.LFE12-.LFB12
 1214 0078 00000000 		.4byte	0
 1215 007c 00000000 		.4byte	0
 1216              		.section	.debug_ranges,"",%progbits
 1217              	.Ldebug_ranges0:
 1218 0000 00000000 		.4byte	.LFB0
 1219 0004 20000000 		.4byte	.LFE0
 1220 0008 00000000 		.4byte	.LFB1
 1221 000c 22000000 		.4byte	.LFE1
 1222 0010 00000000 		.4byte	.LFB2
 1223 0014 14000000 		.4byte	.LFE2
 1224 0018 00000000 		.4byte	.LFB3
 1225 001c 0C000000 		.4byte	.LFE3
 1226 0020 00000000 		.4byte	.LFB4
 1227 0024 24000000 		.4byte	.LFE4
 1228 0028 00000000 		.4byte	.LFB5
 1229 002c 20000000 		.4byte	.LFE5
 1230 0030 00000000 		.4byte	.LFB6
 1231 0034 24000000 		.4byte	.LFE6
 1232 0038 00000000 		.4byte	.LFB7
 1233 003c 24000000 		.4byte	.LFE7
 1234 0040 00000000 		.4byte	.LFB8
 1235 0044 18000000 		.4byte	.LFE8
 1236 0048 00000000 		.4byte	.LFB9
 1237 004c 20000000 		.4byte	.LFE9
 1238 0050 00000000 		.4byte	.LFB10
 1239 0054 18000000 		.4byte	.LFE10
 1240 0058 00000000 		.4byte	.LFB11
 1241 005c 18000000 		.4byte	.LFE11
 1242 0060 00000000 		.4byte	.LFB12
 1243 0064 18000000 		.4byte	.LFE12
 1244 0068 00000000 		.4byte	0
 1245 006c 00000000 		.4byte	0
 1246              		.section	.debug_line,"",%progbits
 1247              	.Ldebug_line0:
 1248 0000 3E010000 		.section	.debug_str,"MS",%progbits,1
 1248      02004400 
ARM GAS  C:\Users\LOCALA~1\AppData\Local\Temp\cceLFJ3a.s 			page 30


 1248      00000201 
 1248      FB0E0D00 
 1248      01010101 
 1249              	.LASF16:
 1250 0000 72656733 		.ascii	"reg32\000"
 1250      3200
 1251              	.LASF22:
 1252 0006 6973725F 		.ascii	"isr_rx1_SetVector\000"
 1252      7278315F 
 1252      53657456 
 1252      6563746F 
 1252      7200
 1253              	.LASF32:
 1254 0018 6973725F 		.ascii	"isr_rx1_ClearPending\000"
 1254      7278315F 
 1254      436C6561 
 1254      7250656E 
 1254      64696E67 
 1255              	.LASF4:
 1256 002d 73686F72 		.ascii	"short unsigned int\000"
 1256      7420756E 
 1256      7369676E 
 1256      65642069 
 1256      6E7400
 1257              	.LASF25:
 1258 0040 6973725F 		.ascii	"isr_rx1_SetPriority\000"
 1258      7278315F 
 1258      53657450 
 1258      72696F72 
 1258      69747900 
 1259              	.LASF20:
 1260 0054 6973725F 		.ascii	"isr_rx1_Interrupt\000"
 1260      7278315F 
 1260      496E7465 
 1260      72727570 
 1260      7400
 1261              	.LASF13:
 1262 0066 666C6F61 		.ascii	"float\000"
 1262      7400
 1263              	.LASF29:
 1264 006c 6973725F 		.ascii	"isr_rx1_Enable\000"
 1264      7278315F 
 1264      456E6162 
 1264      6C6500
 1265              	.LASF2:
 1266 007b 756E7369 		.ascii	"unsigned char\000"
 1266      676E6564 
 1266      20636861 
 1266      7200
 1267              	.LASF19:
 1268 0089 6973725F 		.ascii	"isr_rx1_Stop\000"
 1268      7278315F 
 1268      53746F70 
 1268      00
 1269              	.LASF15:
 1270 0096 72656738 		.ascii	"reg8\000"
 1270      00
ARM GAS  C:\Users\LOCALA~1\AppData\Local\Temp\cceLFJ3a.s 			page 31


 1271              	.LASF6:
 1272 009b 6C6F6E67 		.ascii	"long unsigned int\000"
 1272      20756E73 
 1272      69676E65 
 1272      6420696E 
 1272      7400
 1273              	.LASF11:
 1274 00ad 75696E74 		.ascii	"uint8\000"
 1274      3800
 1275              	.LASF18:
 1276 00b3 6973725F 		.ascii	"isr_rx1_Start\000"
 1276      7278315F 
 1276      53746172 
 1276      7400
 1277              	.LASF26:
 1278 00c1 7072696F 		.ascii	"priority\000"
 1278      72697479 
 1278      00
 1279              	.LASF27:
 1280 00ca 6973725F 		.ascii	"isr_rx1_GetVector\000"
 1280      7278315F 
 1280      47657456 
 1280      6563746F 
 1280      7200
 1281              	.LASF33:
 1282 00dc 474E5520 		.ascii	"GNU C 4.9.3 20150303 (release) [ARM/embedded-4_9-br"
 1282      4320342E 
 1282      392E3320 
 1282      32303135 
 1282      30333033 
 1283 010f 616E6368 		.ascii	"anch revision 221220] -mcpu=cortex-m3 -mthumb -g -O"
 1283      20726576 
 1283      6973696F 
 1283      6E203232 
 1283      31323230 
 1284 0142 30202D66 		.ascii	"0 -ffunction-sections -ffat-lto-objects\000"
 1284      66756E63 
 1284      74696F6E 
 1284      2D736563 
 1284      74696F6E 
 1285              	.LASF14:
 1286 016a 646F7562 		.ascii	"double\000"
 1286      6C6500
 1287              	.LASF12:
 1288 0171 75696E74 		.ascii	"uint32\000"
 1288      333200
 1289              	.LASF0:
 1290 0178 756E7369 		.ascii	"unsigned int\000"
 1290      676E6564 
 1290      20696E74 
 1290      00
 1291              	.LASF23:
 1292 0185 61646472 		.ascii	"address\000"
 1292      65737300 
 1293              	.LASF8:
 1294 018d 6C6F6E67 		.ascii	"long long unsigned int\000"
 1294      206C6F6E 
ARM GAS  C:\Users\LOCALA~1\AppData\Local\Temp\cceLFJ3a.s 			page 32


 1294      6720756E 
 1294      7369676E 
 1294      65642069 
 1295              	.LASF31:
 1296 01a4 6973725F 		.ascii	"isr_rx1_SetPending\000"
 1296      7278315F 
 1296      53657450 
 1296      656E6469 
 1296      6E6700
 1297              	.LASF17:
 1298 01b7 63796973 		.ascii	"cyisraddress\000"
 1298      72616464 
 1298      72657373 
 1298      00
 1299              	.LASF9:
 1300 01c4 73697A65 		.ascii	"sizetype\000"
 1300      74797065 
 1300      00
 1301              	.LASF21:
 1302 01cd 6973725F 		.ascii	"isr_rx1_StartEx\000"
 1302      7278315F 
 1302      53746172 
 1302      74457800 
 1303              	.LASF7:
 1304 01dd 6C6F6E67 		.ascii	"long long int\000"
 1304      206C6F6E 
 1304      6720696E 
 1304      7400
 1305              	.LASF10:
 1306 01eb 63686172 		.ascii	"char\000"
 1306      00
 1307              	.LASF24:
 1308 01f0 72616D56 		.ascii	"ramVectorTable\000"
 1308      6563746F 
 1308      72546162 
 1308      6C6500
 1309              	.LASF36:
 1310 01ff 6973725F 		.ascii	"isr_rx1_GetState\000"
 1310      7278315F 
 1310      47657453 
 1310      74617465 
 1310      00
 1311              	.LASF3:
 1312 0210 73686F72 		.ascii	"short int\000"
 1312      7420696E 
 1312      7400
 1313              	.LASF34:
 1314 021a 47656E65 		.ascii	"Generated_Source\\PSoC5\\isr_rx1.c\000"
 1314      72617465 
 1314      645F536F 
 1314      75726365 
 1314      5C50536F 
 1315              	.LASF5:
 1316 023b 6C6F6E67 		.ascii	"long int\000"
 1316      20696E74 
 1316      00
 1317              	.LASF1:
ARM GAS  C:\Users\LOCALA~1\AppData\Local\Temp\cceLFJ3a.s 			page 33


 1318 0244 7369676E 		.ascii	"signed char\000"
 1318      65642063 
 1318      68617200 
 1319              	.LASF28:
 1320 0250 6973725F 		.ascii	"isr_rx1_GetPriority\000"
 1320      7278315F 
 1320      47657450 
 1320      72696F72 
 1320      69747900 
 1321              	.LASF35:
 1322 0264 433A5C55 		.ascii	"C:\\Users\\localadmin\\Downloads\\kam\\PSoC program"
 1322      73657273 
 1322      5C6C6F63 
 1322      616C6164 
 1322      6D696E5C 
 1323 0292 5C63616D 		.ascii	"\\camera01\\UART_1.cydsn\000"
 1323      65726130 
 1323      315C5541 
 1323      52545F31 
 1323      2E637964 
 1324              	.LASF30:
 1325 02a9 6973725F 		.ascii	"isr_rx1_Disable\000"
 1325      7278315F 
 1325      44697361 
 1325      626C6500 
 1326              		.ident	"GCC: (GNU Tools for ARM Embedded Processors) 4.9.3 20150303 (release) [ARM/embedded-4_9-br
