Archive member included because of file (symbol)

.\CortexM3\ARM_GCC_493\Debug\UART_1.a(cyfitter_cfg.o)
                              .\CortexM3\ARM_GCC_493\Debug\Cm3Start.o (cyfitter_cfg)
.\CortexM3\ARM_GCC_493\Debug\UART_1.a(UART_1.o)
                              .\CortexM3\ARM_GCC_493\Debug\main.o (UART_1_Start)
.\CortexM3\ARM_GCC_493\Debug\UART_1.a(UART_1_IntClock.o)
                              .\CortexM3\ARM_GCC_493\Debug\UART_1.a(UART_1.o) (UART_1_IntClock_Start)
.\CortexM3\ARM_GCC_493\Debug\UART_1.a(CyLib.o)
                              .\CortexM3\ARM_GCC_493\Debug\Cm3Start.o (CyResetStatus)
.\CortexM3\ARM_GCC_493\Debug\UART_1.a(cyPm.o)
                              .\CortexM3\ARM_GCC_493\Debug\UART_1.a(CyLib.o) (CyPmReadStatus)
.\CortexM3\ARM_GCC_493\Debug\UART_1.a(UART_2.o)
                              .\CortexM3\ARM_GCC_493\Debug\main.o (UART_2_Start)
.\CortexM3\ARM_GCC_493\Debug\UART_1.a(UART_2_IntClock.o)
                              .\CortexM3\ARM_GCC_493\Debug\UART_1.a(UART_2.o) (UART_2_IntClock_Start)
.\CortexM3\ARM_GCC_493\Debug\UART_1.a(isr_rx1.o)
                              .\CortexM3\ARM_GCC_493\Debug\main.o (isr_rx1_StartEx)
.\CortexM3\ARM_GCC_493\Debug\UART_1.a(CyBootAsmGnu.o)
                              .\CortexM3\ARM_GCC_493\Debug\UART_1.a(cyfitter_cfg.o) (CyDelayCycles)
.\CortexM3\ARM_GCC_493\Debug\UART_1.a(CyFlash.o)
                              .\CortexM3\ARM_GCC_493\Debug\UART_1.a(cyPm.o) (CyFlash_SetWaitCycles)
.\CortexM3\ARM_GCC_493\Debug\UART_1.a(CySpc.o)
                              .\CortexM3\ARM_GCC_493\Debug\UART_1.a(CyFlash.o) (CySpcStart)
c:/program files (x86)/cypress/psoc creator/4.0/psoc creator/import/gnu/arm/4.9.3/bin/../lib/gcc/arm-none-eabi/4.9.3/../../../../arm-none-eabi/lib/armv7-m\libg_nano.a(lib_a-exit.o)
                              c:/program files (x86)/cypress/psoc creator/4.0/psoc creator/import/gnu/arm/4.9.3/bin/../lib/gcc/arm-none-eabi/4.9.3/../../../../arm-none-eabi/lib/armv7-m/crt0.o (exit)
c:/program files (x86)/cypress/psoc creator/4.0/psoc creator/import/gnu/arm/4.9.3/bin/../lib/gcc/arm-none-eabi/4.9.3/../../../../arm-none-eabi/lib/armv7-m\libg_nano.a(lib_a-impure.o)
                              c:/program files (x86)/cypress/psoc creator/4.0/psoc creator/import/gnu/arm/4.9.3/bin/../lib/gcc/arm-none-eabi/4.9.3/../../../../arm-none-eabi/lib/armv7-m\libg_nano.a(lib_a-exit.o) (_global_impure_ptr)
c:/program files (x86)/cypress/psoc creator/4.0/psoc creator/import/gnu/arm/4.9.3/bin/../lib/gcc/arm-none-eabi/4.9.3/../../../../arm-none-eabi/lib/armv7-m\libg_nano.a(lib_a-init.o)
                              c:/program files (x86)/cypress/psoc creator/4.0/psoc creator/import/gnu/arm/4.9.3/bin/../lib/gcc/arm-none-eabi/4.9.3/../../../../arm-none-eabi/lib/armv7-m/crt0.o (__libc_init_array)
c:/program files (x86)/cypress/psoc creator/4.0/psoc creator/import/gnu/arm/4.9.3/bin/../lib/gcc/arm-none-eabi/4.9.3/../../../../arm-none-eabi/lib/armv7-m\libg_nano.a(lib_a-memcpy.o)
                              .\CortexM3\ARM_GCC_493\Debug\UART_1.a(cyfitter_cfg.o) (memcpy)
c:/program files (x86)/cypress/psoc creator/4.0/psoc creator/import/gnu/arm/4.9.3/bin/../lib/gcc/arm-none-eabi/4.9.3/../../../../arm-none-eabi/lib/armv7-m\libg_nano.a(lib_a-memset.o)
                              c:/program files (x86)/cypress/psoc creator/4.0/psoc creator/import/gnu/arm/4.9.3/bin/../lib/gcc/arm-none-eabi/4.9.3/../../../../arm-none-eabi/lib/armv7-m/crt0.o (memset)

Allocating common symbols
Common symbol       size              file

dieTemperature      0x2               .\CortexM3\ARM_GCC_493\Debug\UART_1.a(CyFlash.o)
rec                 0x1               .\CortexM3\ARM_GCC_493\Debug\main.o

Discarded input sections

 .text          0x00000000        0x0 c:/program files (x86)/cypress/psoc creator/4.0/psoc creator/import/gnu/arm/4.9.3/bin/../lib/gcc/arm-none-eabi/4.9.3/armv7-m/crti.o
 .data          0x00000000        0x0 c:/program files (x86)/cypress/psoc creator/4.0/psoc creator/import/gnu/arm/4.9.3/bin/../lib/gcc/arm-none-eabi/4.9.3/armv7-m/crti.o
 .bss           0x00000000        0x0 c:/program files (x86)/cypress/psoc creator/4.0/psoc creator/import/gnu/arm/4.9.3/bin/../lib/gcc/arm-none-eabi/4.9.3/armv7-m/crti.o
 .data          0x00000000        0x4 c:/program files (x86)/cypress/psoc creator/4.0/psoc creator/import/gnu/arm/4.9.3/bin/../lib/gcc/arm-none-eabi/4.9.3/armv7-m/crtbegin.o
 .text          0x00000000       0x74 c:/program files (x86)/cypress/psoc creator/4.0/psoc creator/import/gnu/arm/4.9.3/bin/../lib/gcc/arm-none-eabi/4.9.3/../../../../arm-none-eabi/lib/armv7-m/crt0.o
 .data          0x00000000        0x0 c:/program files (x86)/cypress/psoc creator/4.0/psoc creator/import/gnu/arm/4.9.3/bin/../lib/gcc/arm-none-eabi/4.9.3/../../../../arm-none-eabi/lib/armv7-m/crt0.o
 .bss           0x00000000        0x0 c:/program files (x86)/cypress/psoc creator/4.0/psoc creator/import/gnu/arm/4.9.3/bin/../lib/gcc/arm-none-eabi/4.9.3/../../../../arm-none-eabi/lib/armv7-m/crt0.o
 .ARM.extab     0x00000000        0x0 c:/program files (x86)/cypress/psoc creator/4.0/psoc creator/import/gnu/arm/4.9.3/bin/../lib/gcc/arm-none-eabi/4.9.3/../../../../arm-none-eabi/lib/armv7-m/crt0.o
 .ARM.exidx     0x00000000        0x8 c:/program files (x86)/cypress/psoc creator/4.0/psoc creator/import/gnu/arm/4.9.3/bin/../lib/gcc/arm-none-eabi/4.9.3/../../../../arm-none-eabi/lib/armv7-m/crt0.o
 .text          0x00000000        0x0 .\CortexM3\ARM_GCC_493\Debug\main.o
 .bss           0x00000000        0x0 .\CortexM3\ARM_GCC_493\Debug\main.o
 COMMON         0x00000000        0x1 .\CortexM3\ARM_GCC_493\Debug\main.o
 .text          0x00000000        0x0 .\CortexM3\ARM_GCC_493\Debug\cymetadata.o
 .data          0x00000000        0x0 .\CortexM3\ARM_GCC_493\Debug\cymetadata.o
 .bss           0x00000000        0x0 .\CortexM3\ARM_GCC_493\Debug\cymetadata.o
 .text          0x00000000        0x0 .\CortexM3\ARM_GCC_493\Debug\Cm3Start.o
 .data          0x00000000        0x0 .\CortexM3\ARM_GCC_493\Debug\Cm3Start.o
 .bss           0x00000000        0x0 .\CortexM3\ARM_GCC_493\Debug\Cm3Start.o
 .text._exit    0x00000000       0x28 .\CortexM3\ARM_GCC_493\Debug\Cm3Start.o
 .text          0x00000000        0x0 .\CortexM3\ARM_GCC_493\Debug\UART_1.a(cyfitter_cfg.o)
 .data          0x00000000        0x0 .\CortexM3\ARM_GCC_493\Debug\UART_1.a(cyfitter_cfg.o)
 .bss           0x00000000        0x0 .\CortexM3\ARM_GCC_493\Debug\UART_1.a(cyfitter_cfg.o)
 .text.CYCONFIGCPYCODE
                0x00000000       0x1c .\CortexM3\ARM_GCC_493\Debug\UART_1.a(cyfitter_cfg.o)
 .text.SetAnalogRoutingPumps
                0x00000000       0x28 .\CortexM3\ARM_GCC_493\Debug\UART_1.a(cyfitter_cfg.o)
 .text          0x00000000        0x0 .\CortexM3\ARM_GCC_493\Debug\UART_1.a(UART_1.o)
 .data          0x00000000        0x0 .\CortexM3\ARM_GCC_493\Debug\UART_1.a(UART_1.o)
 .text.UART_1_Stop
                0x00000000       0x5c .\CortexM3\ARM_GCC_493\Debug\UART_1.a(UART_1.o)
 .text.UART_1_ReadControlRegister
                0x00000000       0x10 .\CortexM3\ARM_GCC_493\Debug\UART_1.a(UART_1.o)
 .text.UART_1_WriteControlRegister
                0x00000000       0x14 .\CortexM3\ARM_GCC_493\Debug\UART_1.a(UART_1.o)
 .text.UART_1_SetRxInterruptMode
                0x00000000       0x20 .\CortexM3\ARM_GCC_493\Debug\UART_1.a(UART_1.o)
 .text.UART_1_ReadRxData
                0x00000000       0x20 .\CortexM3\ARM_GCC_493\Debug\UART_1.a(UART_1.o)
 .text.UART_1_ReadRxStatus
                0x00000000       0x24 .\CortexM3\ARM_GCC_493\Debug\UART_1.a(UART_1.o)
 .text.UART_1_GetChar
                0x00000000       0x44 .\CortexM3\ARM_GCC_493\Debug\UART_1.a(UART_1.o)
 .text.UART_1_GetByte
                0x00000000       0x24 .\CortexM3\ARM_GCC_493\Debug\UART_1.a(UART_1.o)
 .text.UART_1_GetRxBufferSize
                0x00000000       0x30 .\CortexM3\ARM_GCC_493\Debug\UART_1.a(UART_1.o)
 .text.UART_1_ClearRxBuffer
                0x00000000       0x40 .\CortexM3\ARM_GCC_493\Debug\UART_1.a(UART_1.o)
 .text.UART_1_SetRxAddressMode
                0x00000000       0x14 .\CortexM3\ARM_GCC_493\Debug\UART_1.a(UART_1.o)
 .text.UART_1_SetRxAddress1
                0x00000000       0x20 .\CortexM3\ARM_GCC_493\Debug\UART_1.a(UART_1.o)
 .text.UART_1_SetRxAddress2
                0x00000000       0x20 .\CortexM3\ARM_GCC_493\Debug\UART_1.a(UART_1.o)
 .text.UART_1_SetTxInterruptMode
                0x00000000       0x20 .\CortexM3\ARM_GCC_493\Debug\UART_1.a(UART_1.o)
 .text.UART_1_WriteTxData
                0x00000000       0x2c .\CortexM3\ARM_GCC_493\Debug\UART_1.a(UART_1.o)
 .text.UART_1_ReadTxStatus
                0x00000000       0x18 .\CortexM3\ARM_GCC_493\Debug\UART_1.a(UART_1.o)
 .text.UART_1_PutString
                0x00000000       0x40 .\CortexM3\ARM_GCC_493\Debug\UART_1.a(UART_1.o)
 .text.UART_1_PutCRLF
                0x00000000       0x30 .\CortexM3\ARM_GCC_493\Debug\UART_1.a(UART_1.o)
 .text.UART_1_GetTxBufferSize
                0x00000000       0x44 .\CortexM3\ARM_GCC_493\Debug\UART_1.a(UART_1.o)
 .text.UART_1_ClearTxBuffer
                0x00000000       0x40 .\CortexM3\ARM_GCC_493\Debug\UART_1.a(UART_1.o)
 .text.UART_1_SendBreak
                0x00000000       0x9c .\CortexM3\ARM_GCC_493\Debug\UART_1.a(UART_1.o)
 .text.UART_1_SetTxAddressMode
                0x00000000       0x14 .\CortexM3\ARM_GCC_493\Debug\UART_1.a(UART_1.o)
 .text          0x00000000        0x0 .\CortexM3\ARM_GCC_493\Debug\UART_1.a(UART_1_IntClock.o)
 .data          0x00000000        0x0 .\CortexM3\ARM_GCC_493\Debug\UART_1.a(UART_1_IntClock.o)
 .bss           0x00000000        0x0 .\CortexM3\ARM_GCC_493\Debug\UART_1.a(UART_1_IntClock.o)
 .text.UART_1_IntClock_Stop
                0x00000000       0x34 .\CortexM3\ARM_GCC_493\Debug\UART_1.a(UART_1_IntClock.o)
 .text.UART_1_IntClock_StopBlock
                0x00000000       0xb0 .\CortexM3\ARM_GCC_493\Debug\UART_1.a(UART_1_IntClock.o)
 .text.UART_1_IntClock_StandbyPower
                0x00000000       0x40 .\CortexM3\ARM_GCC_493\Debug\UART_1.a(UART_1_IntClock.o)
 .text.UART_1_IntClock_SetDividerRegister
                0x00000000      0x160 .\CortexM3\ARM_GCC_493\Debug\UART_1.a(UART_1_IntClock.o)
 .text.UART_1_IntClock_GetDividerRegister
                0x00000000       0x18 .\CortexM3\ARM_GCC_493\Debug\UART_1.a(UART_1_IntClock.o)
 .text.UART_1_IntClock_SetModeRegister
                0x00000000       0x34 .\CortexM3\ARM_GCC_493\Debug\UART_1.a(UART_1_IntClock.o)
 .text.UART_1_IntClock_ClearModeRegister
                0x00000000       0x34 .\CortexM3\ARM_GCC_493\Debug\UART_1.a(UART_1_IntClock.o)
 .text.UART_1_IntClock_GetModeRegister
                0x00000000       0x20 .\CortexM3\ARM_GCC_493\Debug\UART_1.a(UART_1_IntClock.o)
 .text.UART_1_IntClock_SetSourceRegister
                0x00000000       0xbc .\CortexM3\ARM_GCC_493\Debug\UART_1.a(UART_1_IntClock.o)
 .text.UART_1_IntClock_GetSourceRegister
                0x00000000       0x20 .\CortexM3\ARM_GCC_493\Debug\UART_1.a(UART_1_IntClock.o)
 .text          0x00000000        0x0 .\CortexM3\ARM_GCC_493\Debug\UART_1.a(CyLib.o)
 .bss           0x00000000        0x0 .\CortexM3\ARM_GCC_493\Debug\UART_1.a(CyLib.o)
 .text.CyPLL_OUT_Start
                0x00000000       0xb0 .\CortexM3\ARM_GCC_493\Debug\UART_1.a(CyLib.o)
 .text.CyPLL_OUT_Stop
                0x00000000       0x20 .\CortexM3\ARM_GCC_493\Debug\UART_1.a(CyLib.o)
 .text.CyPLL_OUT_SetPQ
                0x00000000       0x90 .\CortexM3\ARM_GCC_493\Debug\UART_1.a(CyLib.o)
 .text.CyPLL_OUT_SetSource
                0x00000000       0x54 .\CortexM3\ARM_GCC_493\Debug\UART_1.a(CyLib.o)
 .text.CyIMO_Start
                0x00000000       0x94 .\CortexM3\ARM_GCC_493\Debug\UART_1.a(CyLib.o)
 .text.CyIMO_Stop
                0x00000000       0x34 .\CortexM3\ARM_GCC_493\Debug\UART_1.a(CyLib.o)
 .text.CyUSB_PowerOnCheck
                0x00000000       0x60 .\CortexM3\ARM_GCC_493\Debug\UART_1.a(CyLib.o)
 .text.CyIMO_SetTrimValue
                0x00000000      0x108 .\CortexM3\ARM_GCC_493\Debug\UART_1.a(CyLib.o)
 .text.CyIMO_SetFreq
                0x00000000      0x1ac .\CortexM3\ARM_GCC_493\Debug\UART_1.a(CyLib.o)
 .text.CyIMO_SetSource
                0x00000000       0x8c .\CortexM3\ARM_GCC_493\Debug\UART_1.a(CyLib.o)
 .text.CyIMO_EnableDoubler
                0x00000000       0x20 .\CortexM3\ARM_GCC_493\Debug\UART_1.a(CyLib.o)
 .text.CyIMO_DisableDoubler
                0x00000000       0x20 .\CortexM3\ARM_GCC_493\Debug\UART_1.a(CyLib.o)
 .text.CyMasterClk_SetSource
                0x00000000       0x34 .\CortexM3\ARM_GCC_493\Debug\UART_1.a(CyLib.o)
 .text.CyMasterClk_SetDivider
                0x00000000       0x20 .\CortexM3\ARM_GCC_493\Debug\UART_1.a(CyLib.o)
 .text.CyBusClk_Internal_SetDivider
                0x00000000       0x78 .\CortexM3\ARM_GCC_493\Debug\UART_1.a(CyLib.o)
 .text.CyBusClk_SetDivider
                0x00000000       0xb4 .\CortexM3\ARM_GCC_493\Debug\UART_1.a(CyLib.o)
 .text.CyUsbClk_SetSource
                0x00000000       0x34 .\CortexM3\ARM_GCC_493\Debug\UART_1.a(CyLib.o)
 .text.CyILO_Start1K
                0x00000000       0x20 .\CortexM3\ARM_GCC_493\Debug\UART_1.a(CyLib.o)
 .text.CyILO_Stop1K
                0x00000000       0x20 .\CortexM3\ARM_GCC_493\Debug\UART_1.a(CyLib.o)
 .text.CyILO_Start100K
                0x00000000       0x20 .\CortexM3\ARM_GCC_493\Debug\UART_1.a(CyLib.o)
 .text.CyILO_Stop100K
                0x00000000       0x20 .\CortexM3\ARM_GCC_493\Debug\UART_1.a(CyLib.o)
 .text.CyILO_Enable33K
                0x00000000       0x20 .\CortexM3\ARM_GCC_493\Debug\UART_1.a(CyLib.o)
 .text.CyILO_Disable33K
                0x00000000       0x20 .\CortexM3\ARM_GCC_493\Debug\UART_1.a(CyLib.o)
 .text.CyILO_SetSource
                0x00000000       0x38 .\CortexM3\ARM_GCC_493\Debug\UART_1.a(CyLib.o)
 .text.CyILO_SetPowerMode
                0x00000000       0x4c .\CortexM3\ARM_GCC_493\Debug\UART_1.a(CyLib.o)
 .text.CyXTAL_32KHZ_Start
                0x00000000       0x84 .\CortexM3\ARM_GCC_493\Debug\UART_1.a(CyLib.o)
 .text.CyXTAL_32KHZ_Stop
                0x00000000       0x50 .\CortexM3\ARM_GCC_493\Debug\UART_1.a(CyLib.o)
 .text.CyXTAL_32KHZ_ReadStatus
                0x00000000       0x20 .\CortexM3\ARM_GCC_493\Debug\UART_1.a(CyLib.o)
 .text.CyXTAL_32KHZ_SetPowerMode
                0x00000000       0xb4 .\CortexM3\ARM_GCC_493\Debug\UART_1.a(CyLib.o)
 .text.CyXTAL_Start
                0x00000000       0xd0 .\CortexM3\ARM_GCC_493\Debug\UART_1.a(CyLib.o)
 .text.CyXTAL_Stop
                0x00000000       0x20 .\CortexM3\ARM_GCC_493\Debug\UART_1.a(CyLib.o)
 .text.CyXTAL_EnableErrStatus
                0x00000000       0x20 .\CortexM3\ARM_GCC_493\Debug\UART_1.a(CyLib.o)
 .text.CyXTAL_DisableErrStatus
                0x00000000       0x20 .\CortexM3\ARM_GCC_493\Debug\UART_1.a(CyLib.o)
 .text.CyXTAL_ReadStatus
                0x00000000       0x28 .\CortexM3\ARM_GCC_493\Debug\UART_1.a(CyLib.o)
 .text.CyXTAL_EnableFaultRecovery
                0x00000000       0x20 .\CortexM3\ARM_GCC_493\Debug\UART_1.a(CyLib.o)
 .text.CyXTAL_DisableFaultRecovery
                0x00000000       0x20 .\CortexM3\ARM_GCC_493\Debug\UART_1.a(CyLib.o)
 .text.CyXTAL_SetStartup
                0x00000000       0x34 .\CortexM3\ARM_GCC_493\Debug\UART_1.a(CyLib.o)
 .text.CyXTAL_SetFbVoltage
                0x00000000       0x34 .\CortexM3\ARM_GCC_493\Debug\UART_1.a(CyLib.o)
 .text.CyXTAL_SetWdVoltage
                0x00000000       0x38 .\CortexM3\ARM_GCC_493\Debug\UART_1.a(CyLib.o)
 .text.CyHalt   0x00000000       0x18 .\CortexM3\ARM_GCC_493\Debug\UART_1.a(CyLib.o)
 .text.CySoftwareReset
                0x00000000       0x20 .\CortexM3\ARM_GCC_493\Debug\UART_1.a(CyLib.o)
 .text.CyDelayUs
                0x00000000       0x24 .\CortexM3\ARM_GCC_493\Debug\UART_1.a(CyLib.o)
 .text.CyDelayFreq
                0x00000000       0x7c .\CortexM3\ARM_GCC_493\Debug\UART_1.a(CyLib.o)
 .text.CyWdtStart
                0x00000000       0x8c .\CortexM3\ARM_GCC_493\Debug\UART_1.a(CyLib.o)
 .text.CyWdtClear
                0x00000000       0x18 .\CortexM3\ARM_GCC_493\Debug\UART_1.a(CyLib.o)
 .text.CyVdLvDigitEnable
                0x00000000       0xb4 .\CortexM3\ARM_GCC_493\Debug\UART_1.a(CyLib.o)
 .text.CyVdLvAnalogEnable
                0x00000000       0xb0 .\CortexM3\ARM_GCC_493\Debug\UART_1.a(CyLib.o)
 .text.CyVdLvDigitDisable
                0x00000000       0x48 .\CortexM3\ARM_GCC_493\Debug\UART_1.a(CyLib.o)
 .text.CyVdLvAnalogDisable
                0x00000000       0x48 .\CortexM3\ARM_GCC_493\Debug\UART_1.a(CyLib.o)
 .text.CyVdHvAnalogEnable
                0x00000000       0x5c .\CortexM3\ARM_GCC_493\Debug\UART_1.a(CyLib.o)
 .text.CyVdHvAnalogDisable
                0x00000000       0x20 .\CortexM3\ARM_GCC_493\Debug\UART_1.a(CyLib.o)
 .text.CyVdStickyStatus
                0x00000000       0x38 .\CortexM3\ARM_GCC_493\Debug\UART_1.a(CyLib.o)
 .text.CyVdRealTimeStatus
                0x00000000       0x2c .\CortexM3\ARM_GCC_493\Debug\UART_1.a(CyLib.o)
 .text.CyDisableInts
                0x00000000       0x34 .\CortexM3\ARM_GCC_493\Debug\UART_1.a(CyLib.o)
 .text.CyEnableInts
                0x00000000       0x28 .\CortexM3\ARM_GCC_493\Debug\UART_1.a(CyLib.o)
 .text.CyFlushCache
                0x00000000       0x70 .\CortexM3\ARM_GCC_493\Debug\UART_1.a(CyLib.o)
 .text.CyIntSetSysVector
                0x00000000       0x4c .\CortexM3\ARM_GCC_493\Debug\UART_1.a(CyLib.o)
 .text.CyIntGetSysVector
                0x00000000       0x38 .\CortexM3\ARM_GCC_493\Debug\UART_1.a(CyLib.o)
 .text.CyIntSetVector
                0x00000000       0x50 .\CortexM3\ARM_GCC_493\Debug\UART_1.a(CyLib.o)
 .text.CyIntGetVector
                0x00000000       0x38 .\CortexM3\ARM_GCC_493\Debug\UART_1.a(CyLib.o)
 .text.CyIntSetPriority
                0x00000000       0x44 .\CortexM3\ARM_GCC_493\Debug\UART_1.a(CyLib.o)
 .text.CyIntGetPriority
                0x00000000       0x38 .\CortexM3\ARM_GCC_493\Debug\UART_1.a(CyLib.o)
 .text.CyIntGetState
                0x00000000       0x44 .\CortexM3\ARM_GCC_493\Debug\UART_1.a(CyLib.o)
 .text          0x00000000        0x0 .\CortexM3\ARM_GCC_493\Debug\UART_1.a(cyPm.o)
 .data          0x00000000        0x0 .\CortexM3\ARM_GCC_493\Debug\UART_1.a(cyPm.o)
 .bss           0x00000000       0x44 .\CortexM3\ARM_GCC_493\Debug\UART_1.a(cyPm.o)
 .rodata        0x00000000       0x10 .\CortexM3\ARM_GCC_493\Debug\UART_1.a(cyPm.o)
 .text.CyPmSaveClocks
                0x00000000      0x284 .\CortexM3\ARM_GCC_493\Debug\UART_1.a(cyPm.o)
 .text.CyPmRestoreClocks
                0x00000000      0x300 .\CortexM3\ARM_GCC_493\Debug\UART_1.a(cyPm.o)
 .text.CyPmAltAct
                0x00000000       0xb8 .\CortexM3\ARM_GCC_493\Debug\UART_1.a(cyPm.o)
 .text.CyPmSleep
                0x00000000      0x170 .\CortexM3\ARM_GCC_493\Debug\UART_1.a(cyPm.o)
 .text.CyPmHibernate
                0x00000000      0x140 .\CortexM3\ARM_GCC_493\Debug\UART_1.a(cyPm.o)
 .text.CyPmReadStatus
                0x00000000       0x58 .\CortexM3\ARM_GCC_493\Debug\UART_1.a(cyPm.o)
 .text.CyPmHibSaveSet
                0x00000000       0xd4 .\CortexM3\ARM_GCC_493\Debug\UART_1.a(cyPm.o)
 .text.CyPmHibRestore
                0x00000000       0x68 .\CortexM3\ARM_GCC_493\Debug\UART_1.a(cyPm.o)
 .text.CyPmCtwSetInterval
                0x00000000       0x90 .\CortexM3\ARM_GCC_493\Debug\UART_1.a(cyPm.o)
 .text.CyPmOppsSet
                0x00000000       0x40 .\CortexM3\ARM_GCC_493\Debug\UART_1.a(cyPm.o)
 .text.CyPmFtwSetInterval
                0x00000000       0x90 .\CortexM3\ARM_GCC_493\Debug\UART_1.a(cyPm.o)
 .text.CyPmHibSlpSaveSet
                0x00000000      0x280 .\CortexM3\ARM_GCC_493\Debug\UART_1.a(cyPm.o)
 .text.CyPmHibSlpRestore
                0x00000000      0x188 .\CortexM3\ARM_GCC_493\Debug\UART_1.a(cyPm.o)
 .text.CyPmHviLviSaveDisable
                0x00000000       0xd4 .\CortexM3\ARM_GCC_493\Debug\UART_1.a(cyPm.o)
 .text.CyPmHviLviRestore
                0x00000000       0x54 .\CortexM3\ARM_GCC_493\Debug\UART_1.a(cyPm.o)
 .text          0x00000000        0x0 .\CortexM3\ARM_GCC_493\Debug\UART_1.a(UART_2.o)
 .data          0x00000000        0x0 .\CortexM3\ARM_GCC_493\Debug\UART_1.a(UART_2.o)
 .text.UART_2_Stop
                0x00000000       0x5c .\CortexM3\ARM_GCC_493\Debug\UART_1.a(UART_2.o)
 .text.UART_2_ReadControlRegister
                0x00000000       0x10 .\CortexM3\ARM_GCC_493\Debug\UART_1.a(UART_2.o)
 .text.UART_2_WriteControlRegister
                0x00000000       0x14 .\CortexM3\ARM_GCC_493\Debug\UART_1.a(UART_2.o)
 .text.UART_2_SetRxInterruptMode
                0x00000000       0x20 .\CortexM3\ARM_GCC_493\Debug\UART_1.a(UART_2.o)
 .text.UART_2_ReadRxData
                0x00000000       0x20 .\CortexM3\ARM_GCC_493\Debug\UART_1.a(UART_2.o)
 .text.UART_2_ReadRxStatus
                0x00000000       0x24 .\CortexM3\ARM_GCC_493\Debug\UART_1.a(UART_2.o)
 .text.UART_2_GetByte
                0x00000000       0x24 .\CortexM3\ARM_GCC_493\Debug\UART_1.a(UART_2.o)
 .text.UART_2_GetRxBufferSize
                0x00000000       0x30 .\CortexM3\ARM_GCC_493\Debug\UART_1.a(UART_2.o)
 .text.UART_2_ClearRxBuffer
                0x00000000       0x40 .\CortexM3\ARM_GCC_493\Debug\UART_1.a(UART_2.o)
 .text.UART_2_SetRxAddressMode
                0x00000000       0x14 .\CortexM3\ARM_GCC_493\Debug\UART_1.a(UART_2.o)
 .text.UART_2_SetRxAddress1
                0x00000000       0x20 .\CortexM3\ARM_GCC_493\Debug\UART_1.a(UART_2.o)
 .text.UART_2_SetRxAddress2
                0x00000000       0x20 .\CortexM3\ARM_GCC_493\Debug\UART_1.a(UART_2.o)
 .text.UART_2_SetTxInterruptMode
                0x00000000       0x20 .\CortexM3\ARM_GCC_493\Debug\UART_1.a(UART_2.o)
 .text.UART_2_WriteTxData
                0x00000000       0x2c .\CortexM3\ARM_GCC_493\Debug\UART_1.a(UART_2.o)
 .text.UART_2_ReadTxStatus
                0x00000000       0x18 .\CortexM3\ARM_GCC_493\Debug\UART_1.a(UART_2.o)
 .text.UART_2_PutArray
                0x00000000       0x40 .\CortexM3\ARM_GCC_493\Debug\UART_1.a(UART_2.o)
 .text.UART_2_PutCRLF
                0x00000000       0x30 .\CortexM3\ARM_GCC_493\Debug\UART_1.a(UART_2.o)
 .text.UART_2_GetTxBufferSize
                0x00000000       0x44 .\CortexM3\ARM_GCC_493\Debug\UART_1.a(UART_2.o)
 .text.UART_2_ClearTxBuffer
                0x00000000       0x40 .\CortexM3\ARM_GCC_493\Debug\UART_1.a(UART_2.o)
 .text.UART_2_SendBreak
                0x00000000       0x9c .\CortexM3\ARM_GCC_493\Debug\UART_1.a(UART_2.o)
 .text.UART_2_SetTxAddressMode
                0x00000000       0x14 .\CortexM3\ARM_GCC_493\Debug\UART_1.a(UART_2.o)
 .text          0x00000000        0x0 .\CortexM3\ARM_GCC_493\Debug\UART_1.a(UART_2_IntClock.o)
 .data          0x00000000        0x0 .\CortexM3\ARM_GCC_493\Debug\UART_1.a(UART_2_IntClock.o)
 .bss           0x00000000        0x0 .\CortexM3\ARM_GCC_493\Debug\UART_1.a(UART_2_IntClock.o)
 .text.UART_2_IntClock_Stop
                0x00000000       0x34 .\CortexM3\ARM_GCC_493\Debug\UART_1.a(UART_2_IntClock.o)
 .text.UART_2_IntClock_StopBlock
                0x00000000       0xb0 .\CortexM3\ARM_GCC_493\Debug\UART_1.a(UART_2_IntClock.o)
 .text.UART_2_IntClock_StandbyPower
                0x00000000       0x40 .\CortexM3\ARM_GCC_493\Debug\UART_1.a(UART_2_IntClock.o)
 .text.UART_2_IntClock_SetDividerRegister
                0x00000000      0x160 .\CortexM3\ARM_GCC_493\Debug\UART_1.a(UART_2_IntClock.o)
 .text.UART_2_IntClock_GetDividerRegister
                0x00000000       0x18 .\CortexM3\ARM_GCC_493\Debug\UART_1.a(UART_2_IntClock.o)
 .text.UART_2_IntClock_SetModeRegister
                0x00000000       0x34 .\CortexM3\ARM_GCC_493\Debug\UART_1.a(UART_2_IntClock.o)
 .text.UART_2_IntClock_ClearModeRegister
                0x00000000       0x34 .\CortexM3\ARM_GCC_493\Debug\UART_1.a(UART_2_IntClock.o)
 .text.UART_2_IntClock_GetModeRegister
                0x00000000       0x20 .\CortexM3\ARM_GCC_493\Debug\UART_1.a(UART_2_IntClock.o)
 .text.UART_2_IntClock_SetSourceRegister
                0x00000000       0xbc .\CortexM3\ARM_GCC_493\Debug\UART_1.a(UART_2_IntClock.o)
 .text.UART_2_IntClock_GetSourceRegister
                0x00000000       0x20 .\CortexM3\ARM_GCC_493\Debug\UART_1.a(UART_2_IntClock.o)
 .text          0x00000000        0x0 .\CortexM3\ARM_GCC_493\Debug\UART_1.a(isr_rx1.o)
 .data          0x00000000        0x0 .\CortexM3\ARM_GCC_493\Debug\UART_1.a(isr_rx1.o)
 .bss           0x00000000        0x0 .\CortexM3\ARM_GCC_493\Debug\UART_1.a(isr_rx1.o)
 .text.isr_rx1_Start
                0x00000000       0x20 .\CortexM3\ARM_GCC_493\Debug\UART_1.a(isr_rx1.o)
 .text.isr_rx1_Stop
                0x00000000       0x14 .\CortexM3\ARM_GCC_493\Debug\UART_1.a(isr_rx1.o)
 .text.isr_rx1_Interrupt
                0x00000000        0xc .\CortexM3\ARM_GCC_493\Debug\UART_1.a(isr_rx1.o)
 .text.isr_rx1_GetVector
                0x00000000       0x20 .\CortexM3\ARM_GCC_493\Debug\UART_1.a(isr_rx1.o)
 .text.isr_rx1_GetPriority
                0x00000000       0x24 .\CortexM3\ARM_GCC_493\Debug\UART_1.a(isr_rx1.o)
 .text.isr_rx1_GetState
                0x00000000       0x20 .\CortexM3\ARM_GCC_493\Debug\UART_1.a(isr_rx1.o)
 .text.isr_rx1_SetPending
                0x00000000       0x18 .\CortexM3\ARM_GCC_493\Debug\UART_1.a(isr_rx1.o)
 .text.isr_rx1_ClearPending
                0x00000000       0x18 .\CortexM3\ARM_GCC_493\Debug\UART_1.a(isr_rx1.o)
 .data          0x00000000        0x0 .\CortexM3\ARM_GCC_493\Debug\UART_1.a(CyBootAsmGnu.o)
 .bss           0x00000000        0x0 .\CortexM3\ARM_GCC_493\Debug\UART_1.a(CyBootAsmGnu.o)
 .text          0x00000000        0x0 .\CortexM3\ARM_GCC_493\Debug\UART_1.a(CyFlash.o)
 .data          0x00000000        0x0 .\CortexM3\ARM_GCC_493\Debug\UART_1.a(CyFlash.o)
 .bss           0x00000000        0x4 .\CortexM3\ARM_GCC_493\Debug\UART_1.a(CyFlash.o)
 .text.CyFlash_Start
                0x00000000       0x34 .\CortexM3\ARM_GCC_493\Debug\UART_1.a(CyFlash.o)
 .text.CyFlash_Stop
                0x00000000       0x34 .\CortexM3\ARM_GCC_493\Debug\UART_1.a(CyFlash.o)
 .text.CySetTempInt
                0x00000000       0x7c .\CortexM3\ARM_GCC_493\Debug\UART_1.a(CyFlash.o)
 .text.CySetTemp
                0x00000000       0x24 .\CortexM3\ARM_GCC_493\Debug\UART_1.a(CyFlash.o)
 .text.CySetFlashEEBuffer
                0x00000000       0x54 .\CortexM3\ARM_GCC_493\Debug\UART_1.a(CyFlash.o)
 .text.CyWriteRowData
                0x00000000       0x9c .\CortexM3\ARM_GCC_493\Debug\UART_1.a(CyFlash.o)
 .text.CyWriteRowFull
                0x00000000       0xec .\CortexM3\ARM_GCC_493\Debug\UART_1.a(CyFlash.o)
 .text.CyFlash_SetWaitCycles
                0x00000000       0x90 .\CortexM3\ARM_GCC_493\Debug\UART_1.a(CyFlash.o)
 .text.CyEEPROM_Start
                0x00000000       0x34 .\CortexM3\ARM_GCC_493\Debug\UART_1.a(CyFlash.o)
 .text.CyEEPROM_Stop
                0x00000000       0x34 .\CortexM3\ARM_GCC_493\Debug\UART_1.a(CyFlash.o)
 .text.CyEEPROM_ReadReserve
                0x00000000       0x30 .\CortexM3\ARM_GCC_493\Debug\UART_1.a(CyFlash.o)
 .text.CyEEPROM_ReadRelease
                0x00000000       0x20 .\CortexM3\ARM_GCC_493\Debug\UART_1.a(CyFlash.o)
 COMMON         0x00000000        0x2 .\CortexM3\ARM_GCC_493\Debug\UART_1.a(CyFlash.o)
 .text          0x00000000        0x0 .\CortexM3\ARM_GCC_493\Debug\UART_1.a(CySpc.o)
 .data          0x00000000        0x0 .\CortexM3\ARM_GCC_493\Debug\UART_1.a(CySpc.o)
 .bss           0x00000000        0x8 .\CortexM3\ARM_GCC_493\Debug\UART_1.a(CySpc.o)
 .text.CySpcStart
                0x00000000       0x44 .\CortexM3\ARM_GCC_493\Debug\UART_1.a(CySpc.o)
 .text.CySpcStop
                0x00000000       0x44 .\CortexM3\ARM_GCC_493\Debug\UART_1.a(CySpc.o)
 .text.CySpcReadData
                0x00000000       0x58 .\CortexM3\ARM_GCC_493\Debug\UART_1.a(CySpc.o)
 .text.CySpcLoadMultiByte
                0x00000000       0xd4 .\CortexM3\ARM_GCC_493\Debug\UART_1.a(CySpc.o)
 .text.CySpcLoadRow
                0x00000000       0x8c .\CortexM3\ARM_GCC_493\Debug\UART_1.a(CySpc.o)
 .text.CySpcWriteRow
                0x00000000       0x98 .\CortexM3\ARM_GCC_493\Debug\UART_1.a(CySpc.o)
 .text.CySpcEraseSector
                0x00000000       0x70 .\CortexM3\ARM_GCC_493\Debug\UART_1.a(CySpc.o)
 .text.CySpcGetTemp
                0x00000000       0x64 .\CortexM3\ARM_GCC_493\Debug\UART_1.a(CySpc.o)
 .text.CySpcLock
                0x00000000       0x68 .\CortexM3\ARM_GCC_493\Debug\UART_1.a(CySpc.o)
 .text.CySpcUnlock
                0x00000000       0x50 .\CortexM3\ARM_GCC_493\Debug\UART_1.a(CySpc.o)
 .text          0x00000000        0x0 c:/program files (x86)/cypress/psoc creator/4.0/psoc creator/import/gnu/arm/4.9.3/bin/../lib/gcc/arm-none-eabi/4.9.3/../../../../arm-none-eabi/lib/armv7-m\libg_nano.a(lib_a-exit.o)
 .data          0x00000000        0x0 c:/program files (x86)/cypress/psoc creator/4.0/psoc creator/import/gnu/arm/4.9.3/bin/../lib/gcc/arm-none-eabi/4.9.3/../../../../arm-none-eabi/lib/armv7-m\libg_nano.a(lib_a-exit.o)
 .bss           0x00000000        0x0 c:/program files (x86)/cypress/psoc creator/4.0/psoc creator/import/gnu/arm/4.9.3/bin/../lib/gcc/arm-none-eabi/4.9.3/../../../../arm-none-eabi/lib/armv7-m\libg_nano.a(lib_a-exit.o)
 .text.exit     0x00000000       0x28 c:/program files (x86)/cypress/psoc creator/4.0/psoc creator/import/gnu/arm/4.9.3/bin/../lib/gcc/arm-none-eabi/4.9.3/../../../../arm-none-eabi/lib/armv7-m\libg_nano.a(lib_a-exit.o)
 .text          0x00000000        0x0 c:/program files (x86)/cypress/psoc creator/4.0/psoc creator/import/gnu/arm/4.9.3/bin/../lib/gcc/arm-none-eabi/4.9.3/../../../../arm-none-eabi/lib/armv7-m\libg_nano.a(lib_a-impure.o)
 .data          0x00000000        0x0 c:/program files (x86)/cypress/psoc creator/4.0/psoc creator/import/gnu/arm/4.9.3/bin/../lib/gcc/arm-none-eabi/4.9.3/../../../../arm-none-eabi/lib/armv7-m\libg_nano.a(lib_a-impure.o)
 .bss           0x00000000        0x0 c:/program files (x86)/cypress/psoc creator/4.0/psoc creator/import/gnu/arm/4.9.3/bin/../lib/gcc/arm-none-eabi/4.9.3/../../../../arm-none-eabi/lib/armv7-m\libg_nano.a(lib_a-impure.o)
 .data.impure_data
                0x00000000       0x60 c:/program files (x86)/cypress/psoc creator/4.0/psoc creator/import/gnu/arm/4.9.3/bin/../lib/gcc/arm-none-eabi/4.9.3/../../../../arm-none-eabi/lib/armv7-m\libg_nano.a(lib_a-impure.o)
 .data._impure_ptr
                0x00000000        0x4 c:/program files (x86)/cypress/psoc creator/4.0/psoc creator/import/gnu/arm/4.9.3/bin/../lib/gcc/arm-none-eabi/4.9.3/../../../../arm-none-eabi/lib/armv7-m\libg_nano.a(lib_a-impure.o)
 .rodata.str1.1
                0x00000000        0x2 c:/program files (x86)/cypress/psoc creator/4.0/psoc creator/import/gnu/arm/4.9.3/bin/../lib/gcc/arm-none-eabi/4.9.3/../../../../arm-none-eabi/lib/armv7-m\libg_nano.a(lib_a-impure.o)
 .rodata._global_impure_ptr
                0x00000000        0x4 c:/program files (x86)/cypress/psoc creator/4.0/psoc creator/import/gnu/arm/4.9.3/bin/../lib/gcc/arm-none-eabi/4.9.3/../../../../arm-none-eabi/lib/armv7-m\libg_nano.a(lib_a-impure.o)
 .text          0x00000000        0x0 c:/program files (x86)/cypress/psoc creator/4.0/psoc creator/import/gnu/arm/4.9.3/bin/../lib/gcc/arm-none-eabi/4.9.3/../../../../arm-none-eabi/lib/armv7-m\libg_nano.a(lib_a-init.o)
 .data          0x00000000        0x0 c:/program files (x86)/cypress/psoc creator/4.0/psoc creator/import/gnu/arm/4.9.3/bin/../lib/gcc/arm-none-eabi/4.9.3/../../../../arm-none-eabi/lib/armv7-m\libg_nano.a(lib_a-init.o)
 .bss           0x00000000        0x0 c:/program files (x86)/cypress/psoc creator/4.0/psoc creator/import/gnu/arm/4.9.3/bin/../lib/gcc/arm-none-eabi/4.9.3/../../../../arm-none-eabi/lib/armv7-m\libg_nano.a(lib_a-init.o)
 .text          0x00000000        0x0 c:/program files (x86)/cypress/psoc creator/4.0/psoc creator/import/gnu/arm/4.9.3/bin/../lib/gcc/arm-none-eabi/4.9.3/../../../../arm-none-eabi/lib/armv7-m\libg_nano.a(lib_a-memcpy.o)
 .data          0x00000000        0x0 c:/program files (x86)/cypress/psoc creator/4.0/psoc creator/import/gnu/arm/4.9.3/bin/../lib/gcc/arm-none-eabi/4.9.3/../../../../arm-none-eabi/lib/armv7-m\libg_nano.a(lib_a-memcpy.o)
 .bss           0x00000000        0x0 c:/program files (x86)/cypress/psoc creator/4.0/psoc creator/import/gnu/arm/4.9.3/bin/../lib/gcc/arm-none-eabi/4.9.3/../../../../arm-none-eabi/lib/armv7-m\libg_nano.a(lib_a-memcpy.o)
 .text          0x00000000        0x0 c:/program files (x86)/cypress/psoc creator/4.0/psoc creator/import/gnu/arm/4.9.3/bin/../lib/gcc/arm-none-eabi/4.9.3/../../../../arm-none-eabi/lib/armv7-m\libg_nano.a(lib_a-memset.o)
 .data          0x00000000        0x0 c:/program files (x86)/cypress/psoc creator/4.0/psoc creator/import/gnu/arm/4.9.3/bin/../lib/gcc/arm-none-eabi/4.9.3/../../../../arm-none-eabi/lib/armv7-m\libg_nano.a(lib_a-memset.o)
 .bss           0x00000000        0x0 c:/program files (x86)/cypress/psoc creator/4.0/psoc creator/import/gnu/arm/4.9.3/bin/../lib/gcc/arm-none-eabi/4.9.3/../../../../arm-none-eabi/lib/armv7-m\libg_nano.a(lib_a-memset.o)
 .text          0x00000000        0x0 c:/program files (x86)/cypress/psoc creator/4.0/psoc creator/import/gnu/arm/4.9.3/bin/../lib/gcc/arm-none-eabi/4.9.3/armv7-m/crtend.o
 .data          0x00000000        0x0 c:/program files (x86)/cypress/psoc creator/4.0/psoc creator/import/gnu/arm/4.9.3/bin/../lib/gcc/arm-none-eabi/4.9.3/armv7-m/crtend.o
 .bss           0x00000000        0x0 c:/program files (x86)/cypress/psoc creator/4.0/psoc creator/import/gnu/arm/4.9.3/bin/../lib/gcc/arm-none-eabi/4.9.3/armv7-m/crtend.o
 .text          0x00000000        0x0 c:/program files (x86)/cypress/psoc creator/4.0/psoc creator/import/gnu/arm/4.9.3/bin/../lib/gcc/arm-none-eabi/4.9.3/armv7-m/crtn.o
 .data          0x00000000        0x0 c:/program files (x86)/cypress/psoc creator/4.0/psoc creator/import/gnu/arm/4.9.3/bin/../lib/gcc/arm-none-eabi/4.9.3/armv7-m/crtn.o
 .bss           0x00000000        0x0 c:/program files (x86)/cypress/psoc creator/4.0/psoc creator/import/gnu/arm/4.9.3/bin/../lib/gcc/arm-none-eabi/4.9.3/armv7-m/crtn.o

Memory Configuration

Name             Origin             Length             Attributes
rom              0x00000000         0x00040000         xr
ram              0x1fff8000         0x00010000         xrw
*default*        0x00000000         0xffffffff

Linker script and memory map

LOAD c:/program files (x86)/cypress/psoc creator/4.0/psoc creator/import/gnu/arm/4.9.3/bin/../lib/gcc/arm-none-eabi/4.9.3/armv7-m/crti.o
LOAD c:/program files (x86)/cypress/psoc creator/4.0/psoc creator/import/gnu/arm/4.9.3/bin/../lib/gcc/arm-none-eabi/4.9.3/armv7-m/crtbegin.o
LOAD c:/program files (x86)/cypress/psoc creator/4.0/psoc creator/import/gnu/arm/4.9.3/bin/../lib/gcc/arm-none-eabi/4.9.3/../../../../arm-none-eabi/lib/armv7-m/crt0.o
START GROUP
LOAD .\CortexM3\ARM_GCC_493\Debug\main.o
LOAD .\CortexM3\ARM_GCC_493\Debug\cymetadata.o
LOAD .\CortexM3\ARM_GCC_493\Debug\Cm3Start.o
LOAD .\CortexM3\ARM_GCC_493\Debug\UART_1.a
LOAD C:\Program Files (x86)\Cypress\PSoC Creator\4.0\PSoC Creator\psoc\content\cycomponentlibrary\CyComponentLibrary.cylib\CortexM3\ARM_GCC_493\Debug\CyComponentLibrary.a
END GROUP
START GROUP
LOAD c:/program files (x86)/cypress/psoc creator/4.0/psoc creator/import/gnu/arm/4.9.3/bin/../lib/gcc/arm-none-eabi/4.9.3/armv7-m\libgcc.a
LOAD c:/program files (x86)/cypress/psoc creator/4.0/psoc creator/import/gnu/arm/4.9.3/bin/../lib/gcc/arm-none-eabi/4.9.3/../../../../arm-none-eabi/lib/armv7-m\libg_nano.a
LOAD c:/program files (x86)/cypress/psoc creator/4.0/psoc creator/import/gnu/arm/4.9.3/bin/../lib/gcc/arm-none-eabi/4.9.3/../../../../arm-none-eabi/lib/armv7-m\libc_nano.a
END GROUP
START GROUP
LOAD c:/program files (x86)/cypress/psoc creator/4.0/psoc creator/import/gnu/arm/4.9.3/bin/../lib/gcc/arm-none-eabi/4.9.3/armv7-m\libgcc.a
LOAD c:/program files (x86)/cypress/psoc creator/4.0/psoc creator/import/gnu/arm/4.9.3/bin/../lib/gcc/arm-none-eabi/4.9.3/../../../../arm-none-eabi/lib/armv7-m\libc_nano.a
END GROUP
LOAD c:/program files (x86)/cypress/psoc creator/4.0/psoc creator/import/gnu/arm/4.9.3/bin/../lib/gcc/arm-none-eabi/4.9.3/armv7-m/crtend.o
LOAD c:/program files (x86)/cypress/psoc creator/4.0/psoc creator/import/gnu/arm/4.9.3/bin/../lib/gcc/arm-none-eabi/4.9.3/armv7-m/crtn.o
START GROUP
LOAD c:/program files (x86)/cypress/psoc creator/4.0/psoc creator/import/gnu/arm/4.9.3/bin/../lib/gcc/arm-none-eabi/4.9.3/armv7-m\libgcc.a
LOAD c:/program files (x86)/cypress/psoc creator/4.0/psoc creator/import/gnu/arm/4.9.3/bin/../lib/gcc/arm-none-eabi/4.9.3/../../../../arm-none-eabi/lib/armv7-m\libc.a
LOAD c:/program files (x86)/cypress/psoc creator/4.0/psoc creator/import/gnu/arm/4.9.3/bin/../lib/gcc/arm-none-eabi/4.9.3/../../../../arm-none-eabi/lib/armv7-m\libnosys.a
END GROUP
                0x00000000                CY_APPL_ORIGIN = 0x0
                0x00000100                CY_FLASH_ROW_SIZE = 0x100
                0x00000020                CY_ECC_ROW_SIZE = 0x20
                0x00000000                CY_EE_IN_BTLDR = 0x0
                0x00000000                CY_APPL_LOADABLE = 0x0
                0x00000800                CY_EE_SIZE = 0x800
                0x00000001                CY_APPL_NUM = 0x1
                0x00000001                CY_APPL_MAX = 0x1
                0x00000040                CY_METADATA_SIZE = 0x40
                0x1fff8178                PROVIDE (__cy_heap_start, _end)
                0x00000001                PROVIDE (__cy_region_num, ((__cy_regions_end - __cy_regions) / 0x10))
                0x20008000                PROVIDE (__cy_stack, (ORIGIN (ram) + 0x10000))
                0x20004000                PROVIDE (__cy_heap_end, (__cy_stack - 0x4000))

.cybootloader   0x00000000        0x0
 *(.cybootloader)
                0x00000000                appl1_start = CY_APPL_ORIGIN?CY_APPL_ORIGIN:ALIGN (CY_FLASH_ROW_SIZE)
                0x0001ff00                appl2_start = (appl1_start + ALIGN ((((0x40000 - appl1_start) - (0x2 * CY_FLASH_ROW_SIZE)) / 0x2), CY_FLASH_ROW_SIZE))
                0x00000000                appl_start = (CY_APPL_NUM == 0x1)?appl1_start:appl2_start
                0x00000000                ecc_offset = ((appl_start / CY_FLASH_ROW_SIZE) * CY_ECC_ROW_SIZE)
                0x00000000                ee_offset = (CY_APPL_LOADABLE && ! (CY_EE_IN_BTLDR))?((CY_EE_SIZE / CY_APPL_MAX) * (CY_APPL_NUM - 0x1)):0x0
                0x00000800                ee_size = (CY_APPL_LOADABLE && ! (CY_EE_IN_BTLDR))?(CY_EE_SIZE / CY_APPL_MAX):CY_EE_SIZE
                0x00000000                PROVIDE (CY_ECC_OFFSET, ecc_offset)

.text           0x00000000      0xaa2
 CREATE_OBJECT_SYMBOLS
                0x00000000                PROVIDE (__cy_interrupt_vector, RomVectors)
 *(.romvectors)
 .romvectors    0x00000000       0x10 .\CortexM3\ARM_GCC_493\Debug\Cm3Start.o
                0x00000000                RomVectors
                0x00000001                ASSERT ((. != __cy_interrupt_vector), No interrupt vector)
                0x00000001                ASSERT (CY_APPL_ORIGIN?(SIZEOF (.cybootloader) <= CY_APPL_ORIGIN):0x1, Wrong image location)
                0x00000010                PROVIDE (__cy_reset, Reset)
 *(.text.Reset)
 .text.Reset    0x00000010       0x18 .\CortexM3\ARM_GCC_493\Debug\Cm3Start.o
                0x00000010                Reset
                0x00000001                ASSERT ((. != __cy_reset), No reset code)
 *(.dma_init)
                0x00000001                ASSERT ((((appl_start + .) <= 0x10000) || 0x1), DMA Init must be within the first 64k of flash)
 *(.text .text.* .gnu.linkonce.t.*)
 .text          0x00000028       0x5c c:/program files (x86)/cypress/psoc creator/4.0/psoc creator/import/gnu/arm/4.9.3/bin/../lib/gcc/arm-none-eabi/4.9.3/armv7-m/crtbegin.o
 .text.main     0x00000084      0x118 .\CortexM3\ARM_GCC_493\Debug\main.o
                0x00000084                main
 .text.isr_rx1  0x0000019c       0x30 .\CortexM3\ARM_GCC_493\Debug\main.o
                0x0000019c                isr_rx1
 .text.IntDefaultHandler
                0x000001cc        0x8 .\CortexM3\ARM_GCC_493\Debug\Cm3Start.o
                0x000001cc                IntDefaultHandler
 .text.Start_c  0x000001d4       0x94 .\CortexM3\ARM_GCC_493\Debug\Cm3Start.o
                0x000001d4                Start_c
 .text.initialize_psoc
                0x00000268       0x8c .\CortexM3\ARM_GCC_493\Debug\Cm3Start.o
                0x00000268                initialize_psoc
 .text.CYMEMZERO
                0x000002f4       0x1c .\CortexM3\ARM_GCC_493\Debug\UART_1.a(cyfitter_cfg.o)
 .text.CYCONFIGCPY
                0x00000310       0x1c .\CortexM3\ARM_GCC_493\Debug\UART_1.a(cyfitter_cfg.o)
 .text.CyClockStartupError
                0x0000032c        0xc .\CortexM3\ARM_GCC_493\Debug\UART_1.a(cyfitter_cfg.o)
 .text.cfg_write_bytes32
                0x00000338       0x74 .\CortexM3\ARM_GCC_493\Debug\UART_1.a(cyfitter_cfg.o)
 .text.ClockSetup
                0x000003ac      0x114 .\CortexM3\ARM_GCC_493\Debug\UART_1.a(cyfitter_cfg.o)
 .text.AnalogSetDefault
                0x000004c0       0x44 .\CortexM3\ARM_GCC_493\Debug\UART_1.a(cyfitter_cfg.o)
 .text.cyfitter_cfg
                0x00000504      0x120 .\CortexM3\ARM_GCC_493\Debug\UART_1.a(cyfitter_cfg.o)
                0x00000504                cyfitter_cfg
 .text.UART_1_Start
                0x00000624       0x20 .\CortexM3\ARM_GCC_493\Debug\UART_1.a(UART_1.o)
                0x00000624                UART_1_Start
 .text.UART_1_Init
                0x00000644       0x40 .\CortexM3\ARM_GCC_493\Debug\UART_1.a(UART_1.o)
                0x00000644                UART_1_Init
 .text.UART_1_Enable
                0x00000684       0x5c .\CortexM3\ARM_GCC_493\Debug\UART_1.a(UART_1.o)
                0x00000684                UART_1_Enable
 .text.UART_1_PutChar
                0x000006e0       0x34 .\CortexM3\ARM_GCC_493\Debug\UART_1.a(UART_1.o)
                0x000006e0                UART_1_PutChar
 .text.UART_1_PutArray
                0x00000714       0x40 .\CortexM3\ARM_GCC_493\Debug\UART_1.a(UART_1.o)
                0x00000714                UART_1_PutArray
 .text.UART_1_IntClock_Start
                0x00000754       0x34 .\CortexM3\ARM_GCC_493\Debug\UART_1.a(UART_1_IntClock.o)
                0x00000754                UART_1_IntClock_Start
 .text.CyDelay  0x00000788       0x44 .\CortexM3\ARM_GCC_493\Debug\UART_1.a(CyLib.o)
                0x00000788                CyDelay
 .text.UART_2_Start
                0x000007cc       0x20 .\CortexM3\ARM_GCC_493\Debug\UART_1.a(UART_2.o)
                0x000007cc                UART_2_Start
 .text.UART_2_Init
                0x000007ec       0x40 .\CortexM3\ARM_GCC_493\Debug\UART_1.a(UART_2.o)
                0x000007ec                UART_2_Init
 .text.UART_2_Enable
                0x0000082c       0x5c .\CortexM3\ARM_GCC_493\Debug\UART_1.a(UART_2.o)
                0x0000082c                UART_2_Enable
 .text.UART_2_GetChar
                0x00000888       0x44 .\CortexM3\ARM_GCC_493\Debug\UART_1.a(UART_2.o)
                0x00000888                UART_2_GetChar
 .text.UART_2_PutChar
                0x000008cc       0x34 .\CortexM3\ARM_GCC_493\Debug\UART_1.a(UART_2.o)
                0x000008cc                UART_2_PutChar
 .text.UART_2_PutString
                0x00000900       0x40 .\CortexM3\ARM_GCC_493\Debug\UART_1.a(UART_2.o)
                0x00000900                UART_2_PutString
 .text.UART_2_IntClock_Start
                0x00000940       0x34 .\CortexM3\ARM_GCC_493\Debug\UART_1.a(UART_2_IntClock.o)
                0x00000940                UART_2_IntClock_Start
 .text.isr_rx1_StartEx
                0x00000974       0x24 .\CortexM3\ARM_GCC_493\Debug\UART_1.a(isr_rx1.o)
                0x00000974                isr_rx1_StartEx
 .text.isr_rx1_SetVector
                0x00000998       0x24 .\CortexM3\ARM_GCC_493\Debug\UART_1.a(isr_rx1.o)
                0x00000998                isr_rx1_SetVector
 .text.isr_rx1_SetPriority
                0x000009bc       0x24 .\CortexM3\ARM_GCC_493\Debug\UART_1.a(isr_rx1.o)
                0x000009bc                isr_rx1_SetPriority
 .text.isr_rx1_Enable
                0x000009e0       0x18 .\CortexM3\ARM_GCC_493\Debug\UART_1.a(isr_rx1.o)
                0x000009e0                isr_rx1_Enable
 .text.isr_rx1_Disable
                0x000009f8       0x18 .\CortexM3\ARM_GCC_493\Debug\UART_1.a(isr_rx1.o)
                0x000009f8                isr_rx1_Disable
 .text          0x00000a10       0x20 .\CortexM3\ARM_GCC_493\Debug\UART_1.a(CyBootAsmGnu.o)
                0x00000a10                CyDelayCycles
                0x00000a20                CyEnterCriticalSection
                0x00000a28                CyExitCriticalSection
 .text.__libc_init_array
                0x00000a30       0x4c c:/program files (x86)/cypress/psoc creator/4.0/psoc creator/import/gnu/arm/4.9.3/bin/../lib/gcc/arm-none-eabi/4.9.3/../../../../arm-none-eabi/lib/armv7-m\libg_nano.a(lib_a-init.o)
                0x00000a30                __libc_init_array
 .text.memcpy   0x00000a7c       0x16 c:/program files (x86)/cypress/psoc creator/4.0/psoc creator/import/gnu/arm/4.9.3/bin/../lib/gcc/arm-none-eabi/4.9.3/../../../../arm-none-eabi/lib/armv7-m\libg_nano.a(lib_a-memcpy.o)
                0x00000a7c                memcpy
 .text.memset   0x00000a92       0x10 c:/program files (x86)/cypress/psoc creator/4.0/psoc creator/import/gnu/arm/4.9.3/bin/../lib/gcc/arm-none-eabi/4.9.3/../../../../arm-none-eabi/lib/armv7-m\libg_nano.a(lib_a-memset.o)
                0x00000a92                memset
 *(.plt)
 *(.gnu.warning)
 *(.glue_7t)
 .glue_7t       0x00000000        0x0 linker stubs
 *(.glue_7)
 .glue_7        0x00000000        0x0 linker stubs
 *(.vfp11_veneer)
 .vfp11_veneer  0x00000000        0x0 linker stubs
 *(.bootloader)
 *(.ARM.extab* .gnu.linkonce.armextab.*)
 *(.gcc_except_table)

.v4_bx          0x00000aa4        0x0
 .v4_bx         0x00000000        0x0 linker stubs

.iplt           0x00000aa4        0x0
 .iplt          0x00000000        0x0 c:/program files (x86)/cypress/psoc creator/4.0/psoc creator/import/gnu/arm/4.9.3/bin/../lib/gcc/arm-none-eabi/4.9.3/armv7-m/crtbegin.o

.eh_frame_hdr
 *(.eh_frame_hdr)

.eh_frame       0x00000aa4        0x4
 *(.eh_frame)
 .eh_frame      0x00000aa4        0x0 c:/program files (x86)/cypress/psoc creator/4.0/psoc creator/import/gnu/arm/4.9.3/bin/../lib/gcc/arm-none-eabi/4.9.3/armv7-m/crtbegin.o
 .eh_frame      0x00000aa4        0x4 c:/program files (x86)/cypress/psoc creator/4.0/psoc creator/import/gnu/arm/4.9.3/bin/../lib/gcc/arm-none-eabi/4.9.3/armv7-m/crtend.o
                0x00000aa8                PROVIDE (__exidx_start, .)

.ARM.exidx
 *(.ARM.exidx* .gnu.linkonce.armexidx.*)
                0x00000aa8                __exidx_end = .

.rodata         0x00000aa8       0xb0
 *(.rodata .rodata.* .gnu.linkonce.r.*)
 .rodata        0x00000aa8       0x48 .\CortexM3\ARM_GCC_493\Debug\main.o
 .rodata        0x00000af0       0x30 .\CortexM3\ARM_GCC_493\Debug\UART_1.a(cyfitter_cfg.o)
                0x00000b20                . = ALIGN (0x4)
 *(.init)
 .init          0x00000b20        0x4 c:/program files (x86)/cypress/psoc creator/4.0/psoc creator/import/gnu/arm/4.9.3/bin/../lib/gcc/arm-none-eabi/4.9.3/armv7-m/crti.o
                0x00000b20                _init
 .init          0x00000b24        0x8 c:/program files (x86)/cypress/psoc creator/4.0/psoc creator/import/gnu/arm/4.9.3/bin/../lib/gcc/arm-none-eabi/4.9.3/armv7-m/crtn.o
                0x00000b2c                . = ALIGN (0x4)
                0x00000b2c                __preinit_array_start = .
 *(.preinit_array)
                0x00000b2c                __preinit_array_end = .
                0x00000b2c                . = ALIGN (0x4)
                0x00000b2c                __init_array_start = .
 *(SORT(.init_array.*))
 *(.init_array)
 .init_array    0x00000b2c        0x4 c:/program files (x86)/cypress/psoc creator/4.0/psoc creator/import/gnu/arm/4.9.3/bin/../lib/gcc/arm-none-eabi/4.9.3/armv7-m/crtbegin.o
 .init_array    0x00000b30        0x4 .\CortexM3\ARM_GCC_493\Debug\Cm3Start.o
                0x00000b34                __init_array_end = .
                0x00000b34                . = ALIGN (0x4)
 *(.fini)
 .fini          0x00000b34        0x4 c:/program files (x86)/cypress/psoc creator/4.0/psoc creator/import/gnu/arm/4.9.3/bin/../lib/gcc/arm-none-eabi/4.9.3/armv7-m/crti.o
                0x00000b34                _fini
 .fini          0x00000b38        0x8 c:/program files (x86)/cypress/psoc creator/4.0/psoc creator/import/gnu/arm/4.9.3/bin/../lib/gcc/arm-none-eabi/4.9.3/armv7-m/crtn.o
                0x00000b40                . = ALIGN (0x4)
                0x00000b40                __fini_array_start = .
 *(.fini_array)
 .fini_array    0x00000b40        0x4 c:/program files (x86)/cypress/psoc creator/4.0/psoc creator/import/gnu/arm/4.9.3/bin/../lib/gcc/arm-none-eabi/4.9.3/armv7-m/crtbegin.o
 *(SORT(.fini_array.*))
                0x00000b44                __fini_array_end = .
                0x00000b44                . = ALIGN (0x4)
 *crtbegin.o(.ctors)
 *(EXCLUDE_FILE(*crtend.o) .ctors)
 *(SORT(.ctors.*))
 *crtend.o(.ctors)
                0x00000b44                . = ALIGN (0x4)
 *crtbegin.o(.dtors)
 *(EXCLUDE_FILE(*crtend.o) .dtors)
 *(SORT(.dtors.*))
 *crtend.o(.dtors)
                0x00000b44                . = ALIGN (0x4)
                0x00000b44                __cy_regions = .
                0x00000b44        0x4 LONG 0xb58 __cy_region_init_ram
                0x00000b48        0x4 LONG 0x1fff8108 __cy_region_start_data
                0x00000b4c        0x4 LONG 0x50 __cy_region_init_size_ram
                0x00000b50        0x4 LONG 0x20 __cy_region_zero_size_ram
                0x00000b54                __cy_regions_end = .
                0x00000b58                . = ALIGN (0x8)
 *fill*         0x00000b54        0x4 
                0x00000b58                _etext = .

.ramvectors     0x1fff8000      0x100
                0x1fff8000                __cy_region_start_ram = .
 *(.ramvectors)
 .ramvectors    0x1fff8000      0x100 .\CortexM3\ARM_GCC_493\Debug\Cm3Start.o
                0x1fff8000                CyRamVectors

.noinit         0x1fff8100        0x5
 *(.noinit)
 .noinit        0x1fff8100        0x4 .\CortexM3\ARM_GCC_493\Debug\Cm3Start.o
 .noinit        0x1fff8104        0x1 .\CortexM3\ARM_GCC_493\Debug\UART_1.a(CyLib.o)
                0x1fff8104                CyResetStatus

.data           0x1fff8108       0x50 load address 0x00000b58
                0x1fff8108                __cy_region_start_data = .
 *(.jcr)
 .jcr           0x1fff8108        0x0 c:/program files (x86)/cypress/psoc creator/4.0/psoc creator/import/gnu/arm/4.9.3/bin/../lib/gcc/arm-none-eabi/4.9.3/armv7-m/crtbegin.o
 .jcr           0x1fff8108        0x4 c:/program files (x86)/cypress/psoc creator/4.0/psoc creator/import/gnu/arm/4.9.3/bin/../lib/gcc/arm-none-eabi/4.9.3/armv7-m/crtend.o
 *(.got.plt)
 *(.got)
 *(.shdata)
 *(.data .data.* .gnu.linkonce.d.*)
 .data          0x1fff810c       0x3c .\CortexM3\ARM_GCC_493\Debug\main.o
                0x1fff810c                get
                0x1fff8110                reset_camera
                0x1fff8114                baurate
                0x1fff811c                config_datasize
                0x1fff8128                take_picture
                0x1fff8130                read_datasize
                0x1fff8138                load_data
 .data          0x1fff8148       0x10 .\CortexM3\ARM_GCC_493\Debug\UART_1.a(CyLib.o)
                0x1fff8148                cydelay_freq_hz
                0x1fff814c                cydelay_freq_khz
                0x1fff8150                cydelay_freq_mhz
                0x1fff8154                cydelay_32k_ms
                0x1fff8158                . = ALIGN (0x8)
 *(.ram)
                0x1fff8158                _edata = .

.igot.plt       0x1fff8158        0x0 load address 0x00000ba8
 .igot.plt      0x00000000        0x0 c:/program files (x86)/cypress/psoc creator/4.0/psoc creator/import/gnu/arm/4.9.3/bin/../lib/gcc/arm-none-eabi/4.9.3/armv7-m/crtbegin.o

.bss            0x1fff8158       0x20 load address 0x00000ba8
                0x1fff8158                PROVIDE (__bss_start__, .)
 *(.shbss)
 *(.bss .bss.* .gnu.linkonce.b.*)
 .bss           0x1fff8158       0x1c c:/program files (x86)/cypress/psoc creator/4.0/psoc creator/import/gnu/arm/4.9.3/bin/../lib/gcc/arm-none-eabi/4.9.3/armv7-m/crtbegin.o
 .bss           0x1fff8174        0x2 .\CortexM3\ARM_GCC_493\Debug\UART_1.a(UART_1.o)
                0x1fff8174                UART_1_initVar
 .bss           0x1fff8176        0x2 .\CortexM3\ARM_GCC_493\Debug\UART_1.a(UART_2.o)
                0x1fff8176                UART_2_initVar
 *(COMMON)
                0x1fff8178                . = ALIGN (0x8)
 *(.ram.b)
                0x1fff8178                _end = .
                0x1fff8178                __end = .
                0x1fff8178                PROVIDE (end, .)
                0x1fff8178                PROVIDE (__bss_end__, .)
                0x00000b58                __cy_region_init_ram = LOADADDR (.data)
                0x00000050                __cy_region_init_size_ram = (_edata - ADDR (.data))
                0x00000020                __cy_region_zero_size_ram = (_end - _edata)

.heap           0x1fff8178     0x1000 load address 0x00000ba8
                0x1fff8178                . = _end
                0x1fff9178                . = (. + 0x1000)
 *fill*         0x1fff8178     0x1000 
                0x1fff9178                __cy_heap_limit = .

.stack          0x20004000     0x4000
                0x20004000                __cy_stack_limit = .
                0x20008000                . = (. + 0x4000)
 *fill*         0x20004000     0x4000 
                0x00000001                ASSERT ((__cy_stack_limit >= __cy_heap_limit), region RAM overflowed with stack)

.cyloadermeta
 *(.cyloadermeta)

.cyloadablemeta
 *(.cyloadablemeta)

.cyconfigecc    0x80000000      0x6c0
 *(.cyconfigecc)
 .cyconfigecc   0x80000000      0x6c0 .\CortexM3\ARM_GCC_493\Debug\cymetadata.o
                0x80000000                cy_meta_configecc

.cycustnvl      0x90000000        0x4
 *(.cycustnvl)
 .cycustnvl     0x90000000        0x4 .\CortexM3\ARM_GCC_493\Debug\cymetadata.o
                0x90000000                cy_meta_custnvl

.cywolatch      0x90100000        0x4
 *(.cywolatch)
 .cywolatch     0x90100000        0x4 .\CortexM3\ARM_GCC_493\Debug\cymetadata.o
                0x90100000                cy_meta_wonvl

.cyeeprom       0x90200000        0x0
 *(.cyeeprom)
                0x00000001                ASSERT ((. <= ((0x90200000 + ee_offset) + ee_size)), .cyeeprom data will not fit in EEPROM)

.cyflashprotect
                0x90400000      0x100
 *(.cyflashprotect)
 .cyflashprotect
                0x90400000      0x100 .\CortexM3\ARM_GCC_493\Debug\cymetadata.o
                0x90400000                cy_meta_flashprotect

.cymeta         0x90500000        0xc
 *(.cymeta)
 .cymeta        0x90500000        0xc .\CortexM3\ARM_GCC_493\Debug\cymetadata.o
                0x90500000                cy_metadata

.rel.dyn        0x00000ba8        0x0 load address 0x9050000c
 .rel.iplt      0x00000000        0x0 c:/program files (x86)/cypress/psoc creator/4.0/psoc creator/import/gnu/arm/4.9.3/bin/../lib/gcc/arm-none-eabi/4.9.3/armv7-m/crtbegin.o

.stab
 *(.stab)

.stabstr
 *(.stabstr)

.debug
 *(.debug)

.line
 *(.line)

.debug_srcinfo
 *(.debug_srcinfo)

.debug_sfnames
 *(.debug_sfnames)

.debug_aranges  0x00000000      0x7c8
 *(.debug_aranges)
 .debug_aranges
                0x00000000       0x28 .\CortexM3\ARM_GCC_493\Debug\main.o
 .debug_aranges
                0x00000028       0x18 .\CortexM3\ARM_GCC_493\Debug\cymetadata.o
 .debug_aranges
                0x00000040       0x40 .\CortexM3\ARM_GCC_493\Debug\Cm3Start.o
 .debug_aranges
                0x00000080       0x60 .\CortexM3\ARM_GCC_493\Debug\UART_1.a(cyfitter_cfg.o)
 .debug_aranges
                0x000000e0       0xf0 .\CortexM3\ARM_GCC_493\Debug\UART_1.a(UART_1.o)
 .debug_aranges
                0x000001d0       0x70 .\CortexM3\ARM_GCC_493\Debug\UART_1.a(UART_1_IntClock.o)
 .debug_aranges
                0x00000240      0x218 .\CortexM3\ARM_GCC_493\Debug\UART_1.a(CyLib.o)
 .debug_aranges
                0x00000458       0x90 .\CortexM3\ARM_GCC_493\Debug\UART_1.a(cyPm.o)
 .debug_aranges
                0x000004e8       0xf0 .\CortexM3\ARM_GCC_493\Debug\UART_1.a(UART_2.o)
 .debug_aranges
                0x000005d8       0x70 .\CortexM3\ARM_GCC_493\Debug\UART_1.a(UART_2_IntClock.o)
 .debug_aranges
                0x00000648       0x80 .\CortexM3\ARM_GCC_493\Debug\UART_1.a(isr_rx1.o)
 .debug_aranges
                0x000006c8       0x20 .\CortexM3\ARM_GCC_493\Debug\UART_1.a(CyBootAsmGnu.o)
 .debug_aranges
                0x000006e8       0x78 .\CortexM3\ARM_GCC_493\Debug\UART_1.a(CyFlash.o)
 .debug_aranges
                0x00000760       0x68 .\CortexM3\ARM_GCC_493\Debug\UART_1.a(CySpc.o)

.debug_pubnames
 *(.debug_pubnames)

.debug_info     0x00000000     0x32bc
 *(.debug_info .gnu.linkonce.wi.*)
 .debug_info    0x00000000      0x241 .\CortexM3\ARM_GCC_493\Debug\main.o
 .debug_info    0x00000241      0x13e .\CortexM3\ARM_GCC_493\Debug\cymetadata.o
 .debug_info    0x0000037f      0x2bc .\CortexM3\ARM_GCC_493\Debug\Cm3Start.o
 .debug_info    0x0000063b      0x38e .\CortexM3\ARM_GCC_493\Debug\UART_1.a(cyfitter_cfg.o)
 .debug_info    0x000009c9      0x4ff .\CortexM3\ARM_GCC_493\Debug\UART_1.a(UART_1.o)
 .debug_info    0x00000ec8      0x259 .\CortexM3\ARM_GCC_493\Debug\UART_1.a(UART_1_IntClock.o)
 .debug_info    0x00001121      0xb90 .\CortexM3\ARM_GCC_493\Debug\UART_1.a(CyLib.o)
 .debug_info    0x00001cb1      0x534 .\CortexM3\ARM_GCC_493\Debug\UART_1.a(cyPm.o)
 .debug_info    0x000021e5      0x4ff .\CortexM3\ARM_GCC_493\Debug\UART_1.a(UART_2.o)
 .debug_info    0x000026e4      0x259 .\CortexM3\ARM_GCC_493\Debug\UART_1.a(UART_2_IntClock.o)
 .debug_info    0x0000293d      0x236 .\CortexM3\ARM_GCC_493\Debug\UART_1.a(isr_rx1.o)
 .debug_info    0x00002b73       0x93 .\CortexM3\ARM_GCC_493\Debug\UART_1.a(CyBootAsmGnu.o)
 .debug_info    0x00002c06      0x314 .\CortexM3\ARM_GCC_493\Debug\UART_1.a(CyFlash.o)
 .debug_info    0x00002f1a      0x3a2 .\CortexM3\ARM_GCC_493\Debug\UART_1.a(CySpc.o)

.debug_abbrev   0x00000000     0x112d
 *(.debug_abbrev)
 .debug_abbrev  0x00000000       0xd3 .\CortexM3\ARM_GCC_493\Debug\main.o
 .debug_abbrev  0x000000d3       0x77 .\CortexM3\ARM_GCC_493\Debug\cymetadata.o
 .debug_abbrev  0x0000014a      0x173 .\CortexM3\ARM_GCC_493\Debug\Cm3Start.o
 .debug_abbrev  0x000002bd      0x19d .\CortexM3\ARM_GCC_493\Debug\UART_1.a(cyfitter_cfg.o)
 .debug_abbrev  0x0000045a      0x163 .\CortexM3\ARM_GCC_493\Debug\UART_1.a(UART_1.o)
 .debug_abbrev  0x000005bd      0x11d .\CortexM3\ARM_GCC_493\Debug\UART_1.a(UART_1_IntClock.o)
 .debug_abbrev  0x000006da      0x205 .\CortexM3\ARM_GCC_493\Debug\UART_1.a(CyLib.o)
 .debug_abbrev  0x000008df      0x16e .\CortexM3\ARM_GCC_493\Debug\UART_1.a(cyPm.o)
 .debug_abbrev  0x00000a4d      0x163 .\CortexM3\ARM_GCC_493\Debug\UART_1.a(UART_2.o)
 .debug_abbrev  0x00000bb0      0x11d .\CortexM3\ARM_GCC_493\Debug\UART_1.a(UART_2_IntClock.o)
 .debug_abbrev  0x00000ccd      0x17f .\CortexM3\ARM_GCC_493\Debug\UART_1.a(isr_rx1.o)
 .debug_abbrev  0x00000e4c       0x14 .\CortexM3\ARM_GCC_493\Debug\UART_1.a(CyBootAsmGnu.o)
 .debug_abbrev  0x00000e60      0x170 .\CortexM3\ARM_GCC_493\Debug\UART_1.a(CyFlash.o)
 .debug_abbrev  0x00000fd0      0x15d .\CortexM3\ARM_GCC_493\Debug\UART_1.a(CySpc.o)

.debug_line     0x00000000     0x1e25
 *(.debug_line)
 .debug_line    0x00000000      0x1b3 .\CortexM3\ARM_GCC_493\Debug\main.o
 .debug_line    0x000001b3       0x51 .\CortexM3\ARM_GCC_493\Debug\cymetadata.o
 .debug_line    0x00000204      0x1a8 .\CortexM3\ARM_GCC_493\Debug\Cm3Start.o
 .debug_line    0x000003ac      0x1ee .\CortexM3\ARM_GCC_493\Debug\UART_1.a(cyfitter_cfg.o)
 .debug_line    0x0000059a      0x2eb .\CortexM3\ARM_GCC_493\Debug\UART_1.a(UART_1.o)
 .debug_line    0x00000885      0x1aa .\CortexM3\ARM_GCC_493\Debug\UART_1.a(UART_1_IntClock.o)
 .debug_line    0x00000a2f      0x707 .\CortexM3\ARM_GCC_493\Debug\UART_1.a(CyLib.o)
 .debug_line    0x00001136      0x36d .\CortexM3\ARM_GCC_493\Debug\UART_1.a(cyPm.o)
 .debug_line    0x000014a3      0x2eb .\CortexM3\ARM_GCC_493\Debug\UART_1.a(UART_2.o)
 .debug_line    0x0000178e      0x1aa .\CortexM3\ARM_GCC_493\Debug\UART_1.a(UART_2_IntClock.o)
 .debug_line    0x00001938      0x142 .\CortexM3\ARM_GCC_493\Debug\UART_1.a(isr_rx1.o)
 .debug_line    0x00001a7a       0x66 .\CortexM3\ARM_GCC_493\Debug\UART_1.a(CyBootAsmGnu.o)
 .debug_line    0x00001ae0      0x199 .\CortexM3\ARM_GCC_493\Debug\UART_1.a(CyFlash.o)
 .debug_line    0x00001c79      0x1ac .\CortexM3\ARM_GCC_493\Debug\UART_1.a(CySpc.o)

.debug_frame    0x00000000     0x1fec
 *(.debug_frame)
 .debug_frame   0x00000000       0x58 .\CortexM3\ARM_GCC_493\Debug\main.o
 .debug_frame   0x00000058       0xac .\CortexM3\ARM_GCC_493\Debug\Cm3Start.o
 .debug_frame   0x00000104      0x16c .\CortexM3\ARM_GCC_493\Debug\UART_1.a(cyfitter_cfg.o)
 .debug_frame   0x00000270      0x42c .\CortexM3\ARM_GCC_493\Debug\UART_1.a(UART_1.o)
 .debug_frame   0x0000069c      0x1b4 .\CortexM3\ARM_GCC_493\Debug\UART_1.a(UART_1_IntClock.o)
 .debug_frame   0x00000850      0x9a8 .\CortexM3\ARM_GCC_493\Debug\UART_1.a(CyLib.o)
 .debug_frame   0x000011f8      0x218 .\CortexM3\ARM_GCC_493\Debug\UART_1.a(cyPm.o)
 .debug_frame   0x00001410      0x42c .\CortexM3\ARM_GCC_493\Debug\UART_1.a(UART_2.o)
 .debug_frame   0x0000183c      0x1b4 .\CortexM3\ARM_GCC_493\Debug\UART_1.a(UART_2_IntClock.o)
 .debug_frame   0x000019f0      0x1e8 .\CortexM3\ARM_GCC_493\Debug\UART_1.a(isr_rx1.o)
 .debug_frame   0x00001bd8      0x1d0 .\CortexM3\ARM_GCC_493\Debug\UART_1.a(CyFlash.o)
 .debug_frame   0x00001da8      0x1a8 .\CortexM3\ARM_GCC_493\Debug\UART_1.a(CySpc.o)
 .debug_frame   0x00001f50       0x28 c:/program files (x86)/cypress/psoc creator/4.0/psoc creator/import/gnu/arm/4.9.3/bin/../lib/gcc/arm-none-eabi/4.9.3/../../../../arm-none-eabi/lib/armv7-m\libg_nano.a(lib_a-exit.o)
 .debug_frame   0x00001f78       0x2c c:/program files (x86)/cypress/psoc creator/4.0/psoc creator/import/gnu/arm/4.9.3/bin/../lib/gcc/arm-none-eabi/4.9.3/../../../../arm-none-eabi/lib/armv7-m\libg_nano.a(lib_a-init.o)
 .debug_frame   0x00001fa4       0x28 c:/program files (x86)/cypress/psoc creator/4.0/psoc creator/import/gnu/arm/4.9.3/bin/../lib/gcc/arm-none-eabi/4.9.3/../../../../arm-none-eabi/lib/armv7-m\libg_nano.a(lib_a-memcpy.o)
 .debug_frame   0x00001fcc       0x20 c:/program files (x86)/cypress/psoc creator/4.0/psoc creator/import/gnu/arm/4.9.3/bin/../lib/gcc/arm-none-eabi/4.9.3/../../../../arm-none-eabi/lib/armv7-m\libg_nano.a(lib_a-memset.o)

.debug_str      0x00000000     0x19b5
 *(.debug_str)
 .debug_str     0x00000000      0x1c3 .\CortexM3\ARM_GCC_493\Debug\main.o
                                0x204 (size before relaxing)
 .debug_str     0x000001c3       0x75 .\CortexM3\ARM_GCC_493\Debug\cymetadata.o
                                0x1ed (size before relaxing)
 .debug_str     0x00000238      0x117 .\CortexM3\ARM_GCC_493\Debug\Cm3Start.o
                                0x2a9 (size before relaxing)
 .debug_str     0x0000034f      0x15c .\CortexM3\ARM_GCC_493\Debug\UART_1.a(cyfitter_cfg.o)
                                0x2fa (size before relaxing)
 .debug_str     0x000004ab      0x2bc .\CortexM3\ARM_GCC_493\Debug\UART_1.a(UART_1.o)
                                0x454 (size before relaxing)
 .debug_str     0x00000767      0x1c8 .\CortexM3\ARM_GCC_493\Debug\UART_1.a(UART_1_IntClock.o)
                                0x351 (size before relaxing)
 .debug_str     0x0000092f      0x63a .\CortexM3\ARM_GCC_493\Debug\UART_1.a(CyLib.o)
                                0x80f (size before relaxing)
 .debug_str     0x00000f69      0x36f .\CortexM3\ARM_GCC_493\Debug\UART_1.a(cyPm.o)
                                0x51e (size before relaxing)
 .debug_str     0x000012d8      0x23a .\CortexM3\ARM_GCC_493\Debug\UART_1.a(UART_2.o)
                                0x454 (size before relaxing)
 .debug_str     0x00001512      0x177 .\CortexM3\ARM_GCC_493\Debug\UART_1.a(UART_2_IntClock.o)
                                0x351 (size before relaxing)
 .debug_str     0x00001689      0x102 .\CortexM3\ARM_GCC_493\Debug\UART_1.a(isr_rx1.o)
                                0x2b9 (size before relaxing)
 .debug_str     0x0000178b      0x12e .\CortexM3\ARM_GCC_493\Debug\UART_1.a(CyFlash.o)
                                0x2e4 (size before relaxing)
 .debug_str     0x000018b9       0xfc .\CortexM3\ARM_GCC_493\Debug\UART_1.a(CySpc.o)
                                0x2c0 (size before relaxing)

.debug_loc
 *(.debug_loc)

.debug_macinfo
 *(.debug_macinfo)

.debug_ranges   0x00000000      0x6d0
 *(.debug_ranges)
 .debug_ranges  0x00000000       0x18 .\CortexM3\ARM_GCC_493\Debug\main.o
 .debug_ranges  0x00000018       0x30 .\CortexM3\ARM_GCC_493\Debug\Cm3Start.o
 .debug_ranges  0x00000048       0x50 .\CortexM3\ARM_GCC_493\Debug\UART_1.a(cyfitter_cfg.o)
 .debug_ranges  0x00000098       0xe0 .\CortexM3\ARM_GCC_493\Debug\UART_1.a(UART_1.o)
 .debug_ranges  0x00000178       0x60 .\CortexM3\ARM_GCC_493\Debug\UART_1.a(UART_1_IntClock.o)
 .debug_ranges  0x000001d8      0x208 .\CortexM3\ARM_GCC_493\Debug\UART_1.a(CyLib.o)
 .debug_ranges  0x000003e0       0x80 .\CortexM3\ARM_GCC_493\Debug\UART_1.a(cyPm.o)
 .debug_ranges  0x00000460       0xe0 .\CortexM3\ARM_GCC_493\Debug\UART_1.a(UART_2.o)
 .debug_ranges  0x00000540       0x60 .\CortexM3\ARM_GCC_493\Debug\UART_1.a(UART_2_IntClock.o)
 .debug_ranges  0x000005a0       0x70 .\CortexM3\ARM_GCC_493\Debug\UART_1.a(isr_rx1.o)
 .debug_ranges  0x00000610       0x68 .\CortexM3\ARM_GCC_493\Debug\UART_1.a(CyFlash.o)
 .debug_ranges  0x00000678       0x58 .\CortexM3\ARM_GCC_493\Debug\UART_1.a(CySpc.o)

.comment        0x00000000       0x70
 .comment       0x00000000       0x70 .\CortexM3\ARM_GCC_493\Debug\main.o
                                 0x71 (size before relaxing)
 .comment       0x00000000       0x71 .\CortexM3\ARM_GCC_493\Debug\cymetadata.o
 .comment       0x00000000       0x71 .\CortexM3\ARM_GCC_493\Debug\Cm3Start.o
 .comment       0x00000000       0x71 .\CortexM3\ARM_GCC_493\Debug\UART_1.a(cyfitter_cfg.o)
 .comment       0x00000000       0x71 .\CortexM3\ARM_GCC_493\Debug\UART_1.a(UART_1.o)
 .comment       0x00000000       0x71 .\CortexM3\ARM_GCC_493\Debug\UART_1.a(UART_1_IntClock.o)
 .comment       0x00000000       0x71 .\CortexM3\ARM_GCC_493\Debug\UART_1.a(CyLib.o)
 .comment       0x00000000       0x71 .\CortexM3\ARM_GCC_493\Debug\UART_1.a(cyPm.o)
 .comment       0x00000000       0x71 .\CortexM3\ARM_GCC_493\Debug\UART_1.a(UART_2.o)
 .comment       0x00000000       0x71 .\CortexM3\ARM_GCC_493\Debug\UART_1.a(UART_2_IntClock.o)
 .comment       0x00000000       0x71 .\CortexM3\ARM_GCC_493\Debug\UART_1.a(isr_rx1.o)
 .comment       0x00000000       0x71 .\CortexM3\ARM_GCC_493\Debug\UART_1.a(CyFlash.o)
 .comment       0x00000000       0x71 .\CortexM3\ARM_GCC_493\Debug\UART_1.a(CySpc.o)

.debug_weaknames
 *(.debug_weaknames)

.debug_funcnames
 *(.debug_funcnames)

.debug_typenames
 *(.debug_typenames)

.debug_varnames
 *(.debug_varnames)

.note.gnu.arm.ident
 *(.note.gnu.arm.ident)

.ARM.attributes
                0x00000000       0x29
 *(.ARM.attributes)
 .ARM.attributes
                0x00000000       0x1d c:/program files (x86)/cypress/psoc creator/4.0/psoc creator/import/gnu/arm/4.9.3/bin/../lib/gcc/arm-none-eabi/4.9.3/armv7-m/crti.o
 .ARM.attributes
                0x0000001d       0x2d c:/program files (x86)/cypress/psoc creator/4.0/psoc creator/import/gnu/arm/4.9.3/bin/../lib/gcc/arm-none-eabi/4.9.3/armv7-m/crtbegin.o
 .ARM.attributes
                0x0000004a       0x1b c:/program files (x86)/cypress/psoc creator/4.0/psoc creator/import/gnu/arm/4.9.3/bin/../lib/gcc/arm-none-eabi/4.9.3/../../../../arm-none-eabi/lib/armv7-m/crt0.o
 .ARM.attributes
                0x00000065       0x33 .\CortexM3\ARM_GCC_493\Debug\main.o
 .ARM.attributes
                0x00000098       0x33 .\CortexM3\ARM_GCC_493\Debug\cymetadata.o
 .ARM.attributes
                0x000000cb       0x33 .\CortexM3\ARM_GCC_493\Debug\Cm3Start.o
 .ARM.attributes
                0x000000fe       0x33 .\CortexM3\ARM_GCC_493\Debug\UART_1.a(cyfitter_cfg.o)
 .ARM.attributes
                0x00000131       0x33 .\CortexM3\ARM_GCC_493\Debug\UART_1.a(UART_1.o)
 .ARM.attributes
                0x00000164       0x33 .\CortexM3\ARM_GCC_493\Debug\UART_1.a(UART_1_IntClock.o)
 .ARM.attributes
                0x00000197       0x33 .\CortexM3\ARM_GCC_493\Debug\UART_1.a(CyLib.o)
 .ARM.attributes
                0x000001ca       0x33 .\CortexM3\ARM_GCC_493\Debug\UART_1.a(cyPm.o)
 .ARM.attributes
                0x000001fd       0x33 .\CortexM3\ARM_GCC_493\Debug\UART_1.a(UART_2.o)
 .ARM.attributes
                0x00000230       0x33 .\CortexM3\ARM_GCC_493\Debug\UART_1.a(UART_2_IntClock.o)
 .ARM.attributes
                0x00000263       0x33 .\CortexM3\ARM_GCC_493\Debug\UART_1.a(isr_rx1.o)
 .ARM.attributes
                0x00000296       0x21 .\CortexM3\ARM_GCC_493\Debug\UART_1.a(CyBootAsmGnu.o)
 .ARM.attributes
                0x000002b7       0x33 .\CortexM3\ARM_GCC_493\Debug\UART_1.a(CyFlash.o)
 .ARM.attributes
                0x000002ea       0x33 .\CortexM3\ARM_GCC_493\Debug\UART_1.a(CySpc.o)
 .ARM.attributes
                0x0000031d       0x2d c:/program files (x86)/cypress/psoc creator/4.0/psoc creator/import/gnu/arm/4.9.3/bin/../lib/gcc/arm-none-eabi/4.9.3/../../../../arm-none-eabi/lib/armv7-m\libg_nano.a(lib_a-exit.o)
 .ARM.attributes
                0x0000034a       0x2d c:/program files (x86)/cypress/psoc creator/4.0/psoc creator/import/gnu/arm/4.9.3/bin/../lib/gcc/arm-none-eabi/4.9.3/../../../../arm-none-eabi/lib/armv7-m\libg_nano.a(lib_a-impure.o)
 .ARM.attributes
                0x00000377       0x2d c:/program files (x86)/cypress/psoc creator/4.0/psoc creator/import/gnu/arm/4.9.3/bin/../lib/gcc/arm-none-eabi/4.9.3/../../../../arm-none-eabi/lib/armv7-m\libg_nano.a(lib_a-init.o)
 .ARM.attributes
                0x000003a4       0x2d c:/program files (x86)/cypress/psoc creator/4.0/psoc creator/import/gnu/arm/4.9.3/bin/../lib/gcc/arm-none-eabi/4.9.3/../../../../arm-none-eabi/lib/armv7-m\libg_nano.a(lib_a-memcpy.o)
 .ARM.attributes
                0x000003d1       0x2d c:/program files (x86)/cypress/psoc creator/4.0/psoc creator/import/gnu/arm/4.9.3/bin/../lib/gcc/arm-none-eabi/4.9.3/../../../../arm-none-eabi/lib/armv7-m\libg_nano.a(lib_a-memset.o)
 .ARM.attributes
                0x000003fe       0x2d c:/program files (x86)/cypress/psoc creator/4.0/psoc creator/import/gnu/arm/4.9.3/bin/../lib/gcc/arm-none-eabi/4.9.3/armv7-m/crtend.o
 .ARM.attributes
                0x0000042b       0x1d c:/program files (x86)/cypress/psoc creator/4.0/psoc creator/import/gnu/arm/4.9.3/bin/../lib/gcc/arm-none-eabi/4.9.3/armv7-m/crtn.o

/DISCARD/
 *(.note.GNU-stack)
OUTPUT(.\CortexM3\ARM_GCC_493\Debug\UART_1.elf elf32-littlearm)
